Component: ARM Compiler 5.06 update 5 (build 528) Tool: armlink [4d35e2]

==============================================================================

Section Cross References

    app_serial.o(.text) refers to serial.o(.text) for Serial_Init
    app_serial.o(.text) refers to printfa.o(i.__0vsprintf) for __c89vsprintf
    app_serial.o(.text) refers to lib_str.o(.text) for Str_Len
    app_serial.o(.text) refers to serial_bsp_stm3240x.o(.data) for SerialDevCfg_STM32_USART3
    app_serial.o(.text) refers to app_serial.o(.data) for .data
    app_serial.o(.text) refers to serial_line_tty.o(.constdata) for SerialLine_TTY
    app.o(.text) refers to os_mbox.o(.text) for OSMboxPend
    app.o(.text) refers to dflti.o(.text) for __aeabi_i2d
    app.o(.text) refers to dmul.o(.text) for __aeabi_dmul
    app.o(.text) refers to dfixi.o(.text) for __aeabi_d2iz
    app.o(.text) refers to dfltui.o(.text) for __aeabi_ui2d
    app.o(.text) refers to os_time.o(.text) for OSTimeDlyHMSM
    app.o(.text) refers to stm32f4xx_adc.o(.text) for ADC_SoftwareStartConv
    app.o(.text) refers to app_serial.o(.text) for App_SerPrintf
    app.o(.text) refers to stm32f4xx_rcc.o(.text) for RCC_APB1PeriphClockCmd
    app.o(.text) refers to stm32f4xx_gpio.o(.text) for GPIO_SetBits
    app.o(.text) refers to stm32f4xx_tim.o(.text) for TIM_OC1Init
    app.o(.text) refers to bsp.o(.text) for BSP_Init
    app.o(.text) refers to cpu_core.o(.text) for CPU_Init
    app.o(.text) refers to lib_mem.o(.text) for Mem_Init
    app.o(.text) refers to lib_math.o(.text) for Math_Init
    app.o(.text) refers to os_core.o(.text) for OSStatInit
    app.o(.text) refers to os_task.o(.text) for OSTaskCreate
    app.o(.text) refers to stm32f4_discovery.o(.text) for STM_EVAL_LEDInit
    app.o(.text) refers to stm32f4xx_dma.o(.text) for DMA_Init
    app.o(.text) refers to bsp_int.o(.text) for BSP_IntDisAll
    app.o(.text) refers to os_flag.o(.text) for OSFlagCreate
    app.o(.text) refers to app.o(.data) for .data
    app.o(.text) refers to app.o(.bss) for .bss
    bsp.o(.text) refers to bsp_int.o(.text) for BSP_IntInit
    bsp.o(.text) refers to stm32f4xx_rcc.o(.text) for RCC_DeInit
    bsp.o(.text) refers to stm32f4xx_flash.o(.text) for FLASH_SetLatency
    bsp.o(.text) refers to os_cpu_c.o(.text) for OS_CPU_SysTickInit
    bsp.o(.text) refers to cpu_core.o(.text) for CPU_TS_TmrFreqSet
    bsp.o(.text) refers to uldiv.o(.text) for __aeabi_uldivmod
    bsp_int.o(.text) refers to cpu_c.o(.text) for CPU_IntSrcDis
    bsp_int.o(.text) refers to cpu_a.o(.text) for CPU_IntDis
    bsp_int.o(.text) refers to os_core.o(.text) for OSIntEnter
    bsp_int.o(.text) refers to bsp_int.o(.bss) for .bss
    bsp_periph.o(.text) refers to bsp.o(.text) for BSP_CPU_ClkFreq
    cstartup.o(RESET) refers to cstartup.o(STACK) for __initial_sp
    cstartup.o(RESET) refers to cstartup.o(.text) for Reset_Handler
    cstartup.o(RESET) refers to os_cpu_a.o(.text) for OS_CPU_PendSVHandler
    cstartup.o(RESET) refers to os_cpu_c.o(.text) for OS_CPU_SysTickHandler
    cstartup.o(RESET) refers to bsp_int.o(.text) for BSP_IntHandlerWWDG
    cstartup.o(.text) refers to entry.o(.ARM.Collect$$$$00000000) for __main
    bsp_os.o(.text) refers to os_sem.o(.text) for OSSemCreate
    bsp_os.o(.text) refers to os_core.o(.text) for OSEventNameSet
    bsp_os.o(.text) refers to os_time.o(.text) for OSTimeDlyHMSM
    stm32f4_discovery.o(.text) refers to stm32f4xx_rcc.o(.text) for RCC_AHB1PeriphClockCmd
    stm32f4_discovery.o(.text) refers to stm32f4xx_gpio.o(.text) for GPIO_Init
    stm32f4_discovery.o(.text) refers to stm32f4xx_syscfg.o(.text) for SYSCFG_EXTILineConfig
    stm32f4_discovery.o(.text) refers to stm32f4xx_exti.o(.text) for EXTI_Init
    stm32f4_discovery.o(.text) refers to misc.o(.text) for NVIC_Init
    stm32f4_discovery.o(.text) refers to stm32f4_discovery.o(.constdata) for .constdata
    stm32f4_discovery.o(.text) refers to stm32f4_discovery.o(.data) for .data
    cpu_core.o(.text) refers to cpu_a.o(.text) for CPU_SR_Save
    cpu_core.o(.text) refers to lib_mem.o(.text) for Mem_Clr
    cpu_core.o(.text) refers to bsp.o(.text) for CPU_TS_TmrInit
    cpu_core.o(.text) refers to lib_str.o(.text) for Str_Copy_N
    cpu_core.o(.text) refers to cpu_core.o(.bss) for .bss
    cpu_core.o(.text) refers to cpu_core.o(.data) for .data
    cpu_core.o(.text) refers to cpu_core.o(.constdata) for .constdata
    cpu_c.o(.text) refers to cpu_a.o(.text) for CPU_SR_Save
    lib_math.o(.text) refers to cpu_a.o(.text) for CPU_SR_Save
    lib_math.o(.text) refers to lib_math.o(.data) for .data
    lib_mem.o(.text) refers to lib_mem_a.o(.text) for Mem_Copy
    lib_mem.o(.text) refers to cpu_core.o(.text) for CPU_SW_Exception
    lib_mem.o(.text) refers to cpu_a.o(.text) for CPU_SR_Save
    lib_mem.o(.text) refers to lib_mem.o(.bss) for .bss
    lib_mem.o(.text) refers to lib_mem.o(.data) for .data
    lib_str.o(.text) refers to lib_ascii.o(.text) for ASCII_ToLower
[...]
    .constdata                               0x08008f5c   Section       16  serial_line_tty.o(.constdata)
    .data                                    0x20000000   Section        1  app_serial.o(.data)
    App_SerTraceIF_Nbr                       0x20000000   Data           1  app_serial.o(.data)
    .data                                    0x20000008   Section       64  app.o(.data)
    .data                                    0x20000048   Section       20  stm32f4_discovery.o(.data)
    .data                                    0x2000005c   Section        4  cpu_core.o(.data)
    .data                                    0x20000060   Section        4  lib_math.o(.data)
    .data                                    0x20000064   Section        4  lib_mem.o(.data)
    .data                                    0x20000068   Section       60  os_core.o(.data)
    .data                                    0x200000a4   Section        4  os_core.o(.data)
    .data                                    0x200000a8   Section        4  os_core.o(.data)
    .data                                    0x200000ac   Section        4  os_cpu_c.o(.data)
    .data                                    0x200000b0   Section       12  serial_bsp_stm3240x.o(.data)
    .data                                    0x200000bc   Section       24  serial_bsp_stm3240x.o(.data)
    SerialDev_STM32_USART1_DevPtr            0x200000bc   Data           4  serial_bsp_stm3240x.o(.data)
    SerialDev_STM32_USART2_DevPtr            0x200000c0   Data           4  serial_bsp_stm3240x.o(.data)
    SerialDev_STM32_USART3_DevPtr            0x200000c4   Data           4  serial_bsp_stm3240x.o(.data)
    SerialDev_STM32_USART4_DevPtr            0x200000c8   Data           4  serial_bsp_stm3240x.o(.data)
    SerialDev_STM32_USART5_DevPtr            0x200000cc   Data           4  serial_bsp_stm3240x.o(.data)
    SerialDev_STM32_USART6_DevPtr            0x200000d0   Data           4  serial_bsp_stm3240x.o(.data)
    .data                                    0x200000d4   Section        4  serial_line_tty.o(.data)
    SerialLine_TTY_Info                      0x200000d4   Data           4  serial_line_tty.o(.data)
    .data                                    0x200000d8   Section        4  serial_os.o(.data)
    OSEventObjIx                             0x200000d8   Data           4  serial_os.o(.data)
    .data                                    0x200000dc   Section        1  serial.o(.data)
    SerialIF_NbrNext                         0x200000dc   Data           1  serial.o(.data)
    .data                                    0x200000dd   Section       16  stm32f4xx_rcc.o(.data)
    APBAHBPrescTable                         0x200000dd   Data          16  stm32f4xx_rcc.o(.data)
    .bss                                     0x200000f0   Section     4096  app.o(.bss)
    AppTaskStartStk                          0x200000f0   Data        1024  app.o(.bss)
    sensorTaskStk                            0x200004f0   Data        1024  app.o(.bss)
    motorControlStk                          0x200008f0   Data        1024  app.o(.bss)
    pid_controllerStk                        0x20000cf0   Data        1024  app.o(.bss)
    .bss                                     0x200010f0   Section      328  bsp_int.o(.bss)
    BSP_IntVectTbl                           0x200010f0   Data         328  bsp_int.o(.bss)
    .bss                                     0x20001238   Section       16  cpu_core.o(.bss)
    .bss                                     0x20001248   Section    23624  lib_mem.o(.bss)
    .bss                                     0x20006e90   Section     3776  os_core.o(.bss)
    .bss                                     0x20007d50   Section       80  os_core.o(.bss)
    .bss                                     0x20007da0   Section       96  os_core.o(.bss)
    .bss                                     0x20007e00   Section      512  os_cpu_c.o(.bss)
    .bss                                     0x20008000   Section       40  serial_os.o(.bss)
    OSEventObj                               0x20008000   Data          40  serial_os.o(.bss)
    .bss                                     0x20008028   Section      480  serial.o(.bss)
    Serial_IF_Tbl                            0x20008028   Data         480  serial.o(.bss)
    STACK                                    0x20008208   Section      512  cstartup.o(STACK)

    Global Symbols

    Symbol Name                              Value     Ov Type        Size  Object(Section)

    BuildAttributes$$THM_ISAv4$E$P$D$K$B$S$7EM$PE$A:L22UL41UL21$X:L11$S22US41US21$IEEE1$IW$USESV6$~STKCKD$USESV7$~SHL$OSPACE$ROPI$EBA8$MICROLIB$REQ8$PRES8$EABIv2 0x00000000   Number         0  anon$$obj.o ABSOLUTE
    __ARM_use_no_argv                        0x00000000   Number         0  app.o ABSOLUTE
    __cpp_initialize__aeabi_                  - Undefined Weak Reference
    __cxa_finalize                            - Undefined Weak Reference
    __decompress                              - Undefined Weak Reference
    _clock_init                               - Undefined Weak Reference
    _microlib_exit                            - Undefined Weak Reference
    __Vectors                                0x08000000   Data           4  cstartup.o(RESET)
    __main                                   0x08000189   Thumb Code     0  entry.o(.ARM.Collect$$$$00000000)
    _main_stk                                0x08000189   Thumb Code     0  entry2.o(.ARM.Collect$$$$00000001)
    _main_scatterload                        0x0800018d   Thumb Code     0  entry5.o(.ARM.Collect$$$$00000004)
    __main_after_scatterload                 0x08000191   Thumb Code     0  entry5.o(.ARM.Collect$$$$00000004)
    _main_clock                              0x08000191   Thumb Code     0  entry7b.o(.ARM.Collect$$$$00000008)
    _main_cpp_init                           0x08000191   Thumb Code     0  entry8b.o(.ARM.Collect$$$$0000000A)
    _main_init                               0x08000191   Thumb Code     0  entry9a.o(.ARM.Collect$$$$0000000B)
    __rt_final_cpp                           0x08000199   Thumb Code     0  entry10a.o(.ARM.Collect$$$$0000000D)
    __rt_final_exit                          0x08000199   Thumb Code     0  entry11a.o(.ARM.Collect$$$$0000000F)
    App_TaskCreateHook                       0x0800019d   Thumb Code     2  app_hooks.o(.text)
    App_TaskDelHook                          0x0800019f   Thumb Code     2  app_hooks.o(.text)
    App_TaskIdleHook                         0x080001a1   Thumb Code     2  app_hooks.o(.text)
    App_TaskStatHook                         0x080001a3   Thumb Code     2  app_hooks.o(.text)
    App_TaskReturnHook                       0x080001a5   Thumb Code     2  app_hooks.o(.text)
    App_TaskSwHook                           0x080001a7   Thumb Code     2  app_hooks.o(.text)
    App_TCBInitHook                          0x080001a9   Thumb Code     2  app_hooks.o(.text)
    App_TimeTickHook                         0x080001ab   Thumb Code     2  app_hooks.o(.text)
    App_SerialInit                           0x080001ad   Thumb Code   112  app_serial.o(.text)
    App_SerPrintf                            0x0800021d   Thumb Code    46  app_serial.o(.text)
    App_SerStrRd                             0x0800024b   Thumb Code    22  app_serial.o(.text)
    App_SerStrWr                             0x08000261   Thumb Code    30  app_serial.o(.text)
    main                                     0x080005c9   Thumb Code   336  app.o(.text)
    BSP_Init                                 0x080007a5   Thumb Code   104  bsp.o(.text)
    BSP_CPU_ClkFreq                          0x0800080d   Thumb Code    14  bsp.o(.text)
    BSP_Tick_Init                            0x0800081b   Thumb Code    22  bsp.o(.text)
    CPU_TS_TmrInit                           0x08000831   Thumb Code    38  bsp.o(.text)
    CPU_TS_TmrRd                             0x08000857   Thumb Code     6  bsp.o(.text)
    CPU_TS32_to_uSec                         0x0800085d   Thumb Code    32  bsp.o(.text)
    BSP_IntClr                               0x08000889   Thumb Code     2  bsp_int.o(.text)
    BSP_IntDis                               0x0800088b   Thumb Code    14  bsp_int.o(.text)
    BSP_IntDisAll                            0x08000899   Thumb Code     4  bsp_int.o(.text)
    BSP_IntEn                                0x0800089d   Thumb Code    14  bsp_int.o(.text)
    BSP_IntVectSet                           0x080008ab   Thumb Code    30  bsp_int.o(.text)
    BSP_IntPrioSet                           0x080008c9   Thumb Code    38  bsp_int.o(.text)
    BSP_IntInit                              0x080008f1   Thumb Code    20  bsp_int.o(.text)
    BSP_IntHandlerWWDG                       0x08000905   Thumb Code     6  bsp_int.o(.text)
    BSP_IntHandlerPVD                        0x0800090b   Thumb Code     6  bsp_int.o(.text)
    BSP_IntHandlerTAMP_STAMP                 0x08000911   Thumb Code     6  bsp_int.o(.text)
    BSP_IntHandlerRTC_WKUP                   0x08000917   Thumb Code     6  bsp_int.o(.text)
    BSP_IntHandlerFLASH                      0x0800091d   Thumb Code     6  bsp_int.o(.text)
    BSP_IntHandlerRCC                        0x08000923   Thumb Code     6  bsp_int.o(.text)
    BSP_IntHandlerEXTI0                      0x08000929   Thumb Code     6  bsp_int.o(.text)
    BSP_IntHandlerEXTI1                      0x0800092f   Thumb Code     6  bsp_int.o(.text)
    BSP_IntHandlerEXTI2                      0x08000935   Thumb Code     6  bsp_int.o(.text)
    BSP_IntHandlerEXTI3                      0x0800093b   Thumb Code     6  bsp_int.o(.text)
    BSP_IntHandlerEXTI4                      0x08000941   Thumb Code     6  bsp_int.o(.text)
    BSP_IntHandlerDMA1_CH0                   0x08000947   Thumb Code     6  bsp_int.o(.text)
    BSP_IntHandlerDMA1_CH1                   0x0800094d   Thumb Code     6  bsp_int.o(.text)
    BSP_IntHandlerDMA1_CH2                   0x08000953   Thumb Code     6  bsp_int.o(.text)
    BSP_IntHandlerDMA1_CH3                   0x08000959   Thumb Code     6  bsp_int.o(.text)
    BSP_IntHandlerDMA1_CH4                   0x0800095f   Thumb Code     6  bsp_int.o(.text)
    BSP_IntHandlerDMA1_CH5                   0x08000965   Thumb Code     6  bsp_int.o(.text)
    BSP_IntHandlerDMA1_CH6                   0x0800096b   Thumb Code     6  bsp_int.o(.text)
    BSP_IntHandlerADC                        0x08000971   Thumb Code     6  bsp_int.o(.text)
    BSP_IntHandlerCAN1_TX                    0x08000977   Thumb Code     6  bsp_int.o(.text)
    BSP_IntHandlerCAN1_RX0                   0x0800097d   Thumb Code     6  bsp_int.o(.text)
    BSP_IntHandlerCAN1_RX1                   0x08000983   Thumb Code     6  bsp_int.o(.text)
    BSP_IntHandlerCAN1_SCE                   0x08000989   Thumb Code     6  bsp_int.o(.text)
    BSP_IntHandlerEXTI9_5                    0x0800098f   Thumb Code     6  bsp_int.o(.text)
    BSP_IntHandlerTIM1_BRK_TIM9              0x08000995   Thumb Code     6  bsp_int.o(.text)
    BSP_IntHandlerTIM1_UP_TIM10              0x0800099b   Thumb Code     6  bsp_int.o(.text)
    BSP_IntHandlerTIM1_TRG_COM_TIM11         0x080009a1   Thumb Code     6  bsp_int.o(.text)
    BSP_IntHandlerTIM1_CC                    0x080009a7   Thumb Code     6  bsp_int.o(.text)
    BSP_IntHandlerTIM2                       0x080009ad   Thumb Code     6  bsp_int.o(.text)
    BSP_IntHandlerTIM3                       0x080009b3   Thumb Code     6  bsp_int.o(.text)
    BSP_IntHandlerTIM4                       0x080009b9   Thumb Code     6  bsp_int.o(.text)
    BSP_IntHandlerI2C1_EV                    0x080009bf   Thumb Code     6  bsp_int.o(.text)
    BSP_IntHandlerI2C1_ER                    0x080009c5   Thumb Code     6  bsp_int.o(.text)
    BSP_IntHandlerI2C2_EV                    0x080009cb   Thumb Code     6  bsp_int.o(.text)
    BSP_IntHandlerI2C2_ER                    0x080009d1   Thumb Code     6  bsp_int.o(.text)
    BSP_IntHandlerSPI1                       0x080009d7   Thumb Code     6  bsp_int.o(.text)
    BSP_IntHandlerSPI2                       0x080009dd   Thumb Code     6  bsp_int.o(.text)
    BSP_IntHandlerUSART1                     0x080009e3   Thumb Code     6  bsp_int.o(.text)
    BSP_IntHandlerUSART2                     0x080009e9   Thumb Code     6  bsp_int.o(.text)
    BSP_IntHandlerUSART3                     0x080009ef   Thumb Code     6  bsp_int.o(.text)
    BSP_IntHandlerEXTI15_10                  0x080009f5   Thumb Code     6  bsp_int.o(.text)
    BSP_IntHandlerRTCAlarm                   0x080009fb   Thumb Code     6  bsp_int.o(.text)
    BSP_IntHandlerOTG_FS_WKUP                0x08000a01   Thumb Code     6  bsp_int.o(.text)
    BSP_IntHandlerTIM8_BRK_TIM12             0x08000a07   Thumb Code     6  bsp_int.o(.text)
    BSP_IntHandlerTIM8_UP_TIM13              0x08000a0d   Thumb Code     6  bsp_int.o(.text)
    BSP_IntHandlerTIM8_TRG_COM_TIM14         0x08000a13   Thumb Code     6  bsp_int.o(.text)
    BSP_IntHandlerTIM8_CC                    0x08000a19   Thumb Code     6  bsp_int.o(.text)
    BSP_IntHandlerDMA1_STREAM7               0x08000a1f   Thumb Code     6  bsp_int.o(.text)
    BSP_IntHandlerFSMC                       0x08000a25   Thumb Code     6  bsp_int.o(.text)
    BSP_IntHandlerSDIO                       0x08000a2b   Thumb Code     6  bsp_int.o(.text)
    BSP_IntHandlerTIM5                       0x08000a31   Thumb Code     6  bsp_int.o(.text)
    BSP_IntHandlerSPI3                       0x08000a37   Thumb Code     6  bsp_int.o(.text)
    BSP_IntHandlerUSART4                     0x08000a3d   Thumb Code     6  bsp_int.o(.text)
    BSP_IntHandlerUSART5                     0x08000a43   Thumb Code     6  bsp_int.o(.text)
    BSP_IntHandlerTIM6_DAC                   0x08000a49   Thumb Code     6  bsp_int.o(.text)
    BSP_IntHandlerTIM7                       0x08000a4f   Thumb Code     6  bsp_int.o(.text)
    BSP_IntHandlerDMA2_CH0                   0x08000a55   Thumb Code     6  bsp_int.o(.text)
    BSP_IntHandlerDMA2_CH1                   0x08000a5b   Thumb Code     6  bsp_int.o(.text)
    BSP_IntHandlerDMA2_CH2                   0x08000a61   Thumb Code     6  bsp_int.o(.text)
    BSP_IntHandlerDMA2_CH3                   0x08000a67   Thumb Code     6  bsp_int.o(.text)
    BSP_IntHandlerDMA2_CH4                   0x08000a6d   Thumb Code     6  bsp_int.o(.text)
    BSP_IntHandlerETH                        0x08000a73   Thumb Code     6  bsp_int.o(.text)
    BSP_IntHandlerETHWakeup                  0x08000a79   Thumb Code     6  bsp_int.o(.text)
    BSP_IntHandlerCAN2_TX                    0x08000a7f   Thumb Code     6  bsp_int.o(.text)
    BSP_IntHandlerCAN2_RX0                   0x08000a85   Thumb Code     6  bsp_int.o(.text)
    BSP_IntHandlerCAN2_RX1                   0x08000a8b   Thumb Code     6  bsp_int.o(.text)
    BSP_IntHandlerCAN2_SCE                   0x08000a91   Thumb Code     6  bsp_int.o(.text)
    BSP_IntHandlerOTG_FS                     0x08000a97   Thumb Code     6  bsp_int.o(.text)
    BSP_IntHandlerDMA2_CH5                   0x08000a9d   Thumb Code     6  bsp_int.o(.text)
    BSP_IntHandlerDMA2_CH6                   0x08000aa3   Thumb Code     6  bsp_int.o(.text)
    BSP_IntHandlerDMA2_CH7                   0x08000aa9   Thumb Code     6  bsp_int.o(.text)
    BSP_IntHandlerUSART6                     0x08000aaf   Thumb Code     6  bsp_int.o(.text)
    BSP_IntHandlerI2C3_EV                    0x08000ab5   Thumb Code     6  bsp_int.o(.text)
    BSP_IntHandlerI2C3_ER                    0x08000abb   Thumb Code     6  bsp_int.o(.text)
    BSP_IntHandlerOTG_HS_EP1_OUT             0x08000ac1   Thumb Code     6  bsp_int.o(.text)
    BSP_IntHandlerOTG_HS_EP1_IN              0x08000ac7   Thumb Code     6  bsp_int.o(.text)
    BSP_IntHandlerOTG_HS_WKUP                0x08000acd   Thumb Code     6  bsp_int.o(.text)
    BSP_IntHandlerOTG_HS                     0x08000ad3   Thumb Code     6  bsp_int.o(.text)
    BSP_IntHandlerDCMI                       0x08000ad9   Thumb Code     6  bsp_int.o(.text)
    BSP_IntHandlerCRYP                       0x08000adf   Thumb Code     6  bsp_int.o(.text)
    BSP_IntHandlerHASH_RNG                   0x08000ae5   Thumb Code     6  bsp_int.o(.text)
    BSP_IntHandlerFPU                        0x08000aeb   Thumb Code     6  bsp_int.o(.text)
    BSP_PeriphClkFreqGet                     0x08000b25   Thumb Code   184  bsp_periph.o(.text)
    BSP_PeriphEn                             0x08000bdd   Thumb Code   224  bsp_periph.o(.text)
    BSP_PeriphDis                            0x08000cbd   Thumb Code   224  bsp_periph.o(.text)
    Reset_Handler                            0x08000da1   Thumb Code     4  cstartup.o(.text)
    App_NMI_ISR                              0x08000da5   Thumb Code     2  cstartup.o(.text)
    App_Fault_ISR                            0x08000da7   Thumb Code     2  cstartup.o(.text)
    App_MemFault_ISR                         0x08000da9   Thumb Code     2  cstartup.o(.text)
    App_BusFault_ISR                         0x08000dab   Thumb Code     2  cstartup.o(.text)
    App_UsageFault_ISR                       0x08000dad   Thumb Code     2  cstartup.o(.text)
    App_Spurious_ISR                         0x08000daf   Thumb Code     2  cstartup.o(.text)
    App_Reserved_ISR                         0x08000db1   Thumb Code     2  cstartup.o(.text)
    STM_EVAL_LEDInit                         0x08000db9   Thumb Code    62  stm32f4_discovery.o(.text)
    STM_EVAL_LEDOn                           0x08000df7   Thumb Code    18  stm32f4_discovery.o(.text)
    STM_EVAL_LEDOff                          0x08000e09   Thumb Code    18  stm32f4_discovery.o(.text)
    STM_EVAL_LEDToggle                       0x08000e1b   Thumb Code    22  stm32f4_discovery.o(.text)
    STM_EVAL_PBInit                          0x08000e31   Thumb Code   148  stm32f4_discovery.o(.text)
    STM_EVAL_PBGetState                      0x08000ec5   Thumb Code    20  stm32f4_discovery.o(.text)
    STM_EVAL_GetLEDStatus                    0x08000ed9   Thumb Code    20  stm32f4_discovery.o(.text)
    CPU_NameClr                              0x08000ef5   Thumb Code    26  cpu_core.o(.text)
    CPU_Init                                 0x08000f0f   Thumb Code    18  cpu_core.o(.text)
    CPU_SW_Exception                         0x08000f21   Thumb Code     2  cpu_core.o(.text)
    CPU_NameGet                              0x08000f23   Thumb Code    46  cpu_core.o(.text)
    CPU_NameSet                              0x08000f51   Thumb Code    62  cpu_core.o(.text)
    CPU_TS_Get32                             0x08000f8f   Thumb Code     4  cpu_core.o(.text)
    CPU_TS_Update                            0x08000f93   Thumb Code     2  cpu_core.o(.text)
    CPU_TS_TmrFreqGet                        0x08000f95   Thumb Code    24  cpu_core.o(.text)
    CPU_TS_TmrFreqSet                        0x08000fad   Thumb Code     6  cpu_core.o(.text)
    CPU_CntLeadZeros08                       0x08000fb3   Thumb Code    10  cpu_core.o(.text)
    CPU_CntLeadZeros16                       0x08000fbd   Thumb Code    10  cpu_core.o(.text)
    CPU_CntLeadZeros32                       0x08000fc7   Thumb Code     4  cpu_core.o(.text)
    CPU_CntLeadZeros64                       0x08000fcb   Thumb Code   152  cpu_core.o(.text)
    CPU_CntTrailZeros08                      0x08001063   Thumb Code    10  cpu_core.o(.text)
    CPU_CntTrailZeros16                      0x0800106d   Thumb Code    10  cpu_core.o(.text)
    CPU_CntTrailZeros32                      0x08001077   Thumb Code    10  cpu_core.o(.text)
    CPU_CntTrailZeros64                      0x08001081   Thumb Code    36  cpu_core.o(.text)
    CPU_IntDis                               0x080010b1   Thumb Code     0  cpu_a.o(.text)
    CPU_IntEn                                0x080010b5   Thumb Code     0  cpu_a.o(.text)
    CPU_SR_Save                              0x080010b9   Thumb Code     0  cpu_a.o(.text)
    CPU_SR_Restore                           0x080010c1   Thumb Code     0  cpu_a.o(.text)
    CPU_WaitForInt                           0x080010c7   Thumb Code     0  cpu_a.o(.text)
    CPU_WaitForExcept                        0x080010cb   Thumb Code     0  cpu_a.o(.text)
    CPU_CntLeadZeros                         0x080010cf   Thumb Code     0  cpu_a.o(.text)
    CPU_CntTrailZeros                        0x080010d5   Thumb Code     0  cpu_a.o(.text)
    CPU_RevBits                              0x080010df   Thumb Code     0  cpu_a.o(.text)
    CPU_BitBandClr                           0x080010e5   Thumb Code    44  cpu_c.o(.text)
    CPU_BitBandSet                           0x08001111   Thumb Code    44  cpu_c.o(.text)
    CPU_IntSrcDis                            0x0800113d   Thumb Code   146  cpu_c.o(.text)
    CPU_IntSrcEn                             0x080011cf   Thumb Code   146  cpu_c.o(.text)
    CPU_IntSrcPendClr                        0x08001261   Thumb Code    72  cpu_c.o(.text)
    CPU_IntSrcPrioSet                        0x080012a9   Thumb Code   244  cpu_c.o(.text)
    CPU_IntSrcPrioGet                        0x0800139d   Thumb Code   212  cpu_c.o(.text)
    ASCII_IsAlpha                            0x08001479   Thumb Code    22  lib_ascii.o(.text)
    ASCII_IsAlphaNum                         0x0800148f   Thumb Code    28  lib_ascii.o(.text)
    ASCII_IsLower                            0x080014ab   Thumb Code    14  lib_ascii.o(.text)
    ASCII_IsUpper                            0x080014b9   Thumb Code    14  lib_ascii.o(.text)
    ASCII_IsDig                              0x080014c7   Thumb Code    14  lib_ascii.o(.text)
    ASCII_IsDigOct                           0x080014d5   Thumb Code    14  lib_ascii.o(.text)
    ASCII_IsDigHex                           0x080014e3   Thumb Code    28  lib_ascii.o(.text)
    ASCII_IsBlank                            0x080014ff   Thumb Code    16  lib_ascii.o(.text)
    ASCII_IsSpace                            0x0800150f   Thumb Code    32  lib_ascii.o(.text)
    ASCII_IsPrint                            0x0800152f   Thumb Code    14  lib_ascii.o(.text)
    ASCII_IsGraph                            0x0800153d   Thumb Code    14  lib_ascii.o(.text)
    ASCII_IsPunct                            0x0800154b   Thumb Code    58  lib_ascii.o(.text)
    ASCII_IsCtrl                             0x08001585   Thumb Code    22  lib_ascii.o(.text)
    ASCII_ToLower                            0x0800159b   Thumb Code    14  lib_ascii.o(.text)
    ASCII_ToUpper                            0x080015a9   Thumb Code    14  lib_ascii.o(.text)
    ASCII_Cmp                                0x080015b7   Thumb Code    28  lib_ascii.o(.text)
    Math_RandSetSeed                         0x080015d5   Thumb Code    20  lib_math.o(.text)
    Math_Init                                0x080015e9   Thumb Code     4  lib_math.o(.text)
    Math_RandSeed                            0x080015ed   Thumb Code    16  lib_math.o(.text)
    Math_Rand                                0x080015fd   Thumb Code    30  lib_math.o(.text)
    Mem_Init                                 0x08001625   Thumb Code    54  lib_mem.o(.text)
    Mem_Set                                  0x0800165b   Thumb Code    70  lib_mem.o(.text)
    Mem_Clr                                  0x080016a1   Thumb Code     6  lib_mem.o(.text)
    Mem_Move                                 0x080016a7   Thumb Code   128  lib_mem.o(.text)
    Mem_Cmp                                  0x08001727   Thumb Code   126  lib_mem.o(.text)
    Mem_HeapAlloc                            0x08001845   Thumb Code   164  lib_mem.o(.text)
    Mem_SegGetSizeRem                        0x080018e9   Thumb Code   114  lib_mem.o(.text)
    Mem_HeapGetSizeRem                       0x0800195b   Thumb Code     8  lib_mem.o(.text)
    Mem_PoolClr                              0x08001963   Thumb Code    68  lib_mem.o(.text)
    Mem_PoolCreate                           0x080019a7   Thumb Code   722  lib_mem.o(.text)
    Mem_PoolBlkGetNbrAvail                   0x08001c79   Thumb Code    64  lib_mem.o(.text)
    Mem_PoolBlkGet                           0x08001cb9   Thumb Code   126  lib_mem.o(.text)
    Mem_PoolBlkGetUsedAtIx                   0x08001d37   Thumb Code   102  lib_mem.o(.text)
    Mem_PoolBlkFree                          0x08001de3   Thumb Code   206  lib_mem.o(.text)
    Mem_PoolBlkIxGet                         0x08001eb1   Thumb Code   186  lib_mem.o(.text)
    Str_Len_N                                0x08001f71   Thumb Code    22  lib_str.o(.text)
    Str_Len                                  0x08001f87   Thumb Code     6  lib_str.o(.text)
    Str_Copy_N                               0x08001f8d   Thumb Code    48  lib_str.o(.text)
    Str_Copy                                 0x08001fbd   Thumb Code     6  lib_str.o(.text)
    Str_Cat_N                                0x08001fc3   Thumb Code    58  lib_str.o(.text)
    Str_Cat                                  0x08001ffd   Thumb Code     6  lib_str.o(.text)
    Str_Cmp_N                                0x08002003   Thumb Code    86  lib_str.o(.text)
    Str_Cmp                                  0x08002059   Thumb Code     6  lib_str.o(.text)
    Str_CmpIgnoreCase_N                      0x0800205f   Thumb Code   146  lib_str.o(.text)
    Str_CmpIgnoreCase                        0x080020f1   Thumb Code     6  lib_str.o(.text)
    Str_Char_N                               0x080020f7   Thumb Code    46  lib_str.o(.text)
    Str_Char                                 0x08002125   Thumb Code     8  lib_str.o(.text)
    Str_Char_Last_N                          0x0800212d   Thumb Code    44  lib_str.o(.text)
    Str_Char_Last                            0x08002159   Thumb Code     8  lib_str.o(.text)
    Str_Char_Replace_N                       0x08002161   Thumb Code    40  lib_str.o(.text)
    Str_Char_Replace                         0x08002189   Thumb Code     6  lib_str.o(.text)
    Str_Str_N                                0x0800218f   Thumb Code   120  lib_str.o(.text)
    Str_Str                                  0x08002207   Thumb Code     6  lib_str.o(.text)
    Str_FmtNbr_Int32U                        0x08002363   Thumb Code    24  lib_str.o(.text)
    Str_FmtNbr_Int32S                        0x0800237b   Thumb Code    40  lib_str.o(.text)
    Str_ParseNbr_Int32U                      0x080024dd   Thumb Code    12  lib_str.o(.text)
    Str_ParseNbr_Int32S                      0x080024e9   Thumb Code    42  lib_str.o(.text)
    Mem_Copy                                 0x08002519   Thumb Code     0  lib_mem_a.o(.text)
    OS_StrLen                                0x08002739   Thumb Code    20  os_core.o(.text)
    OSEventNameGet                           0x0800274d   Thumb Code    74  os_core.o(.text)
    OSEventNameSet                           0x08002797   Thumb Code    58  os_core.o(.text)
    OS_EventTaskRemoveMulti                  0x080027d1   Thumb Code    40  os_core.o(.text)
    OS_Sched                                 0x080027f9   Thumb Code    64  os_core.o(.text)
    OS_EventTaskWaitMulti                    0x08002839   Thumb Code    88  os_core.o(.text)
    OSEventPendMulti                         0x08002891   Thumb Code   460  os_core.o(.text)
    OS_TaskStatStkChk                        0x08002a5d   Thumb Code    50  os_core.o(.text)
    OS_TaskStat                              0x08002a8f   Thumb Code    98  os_core.o(.text)
    OS_TaskIdle                              0x08002af1   Thumb Code    22  os_core.o(.text)
    OS_MemClr                                0x08002b07   Thumb Code    18  os_core.o(.text)
    OSInit                                   0x08002b19   Thumb Code   168  os_core.o(.text)
    OSIntEnter                               0x08002bc1   Thumb Code    20  os_core.o(.text)
    OSIntExit                                0x08002bd5   Thumb Code    84  os_core.o(.text)
    OSSchedLock                              0x08002c29   Thumb Code    38  os_core.o(.text)
    OSSchedUnlock                            0x08002c4f   Thumb Code    52  os_core.o(.text)
    OSStart                                  0x08002c83   Thumb Code    40  os_core.o(.text)
    OSStatInit                               0x08002cab   Thumb Code    48  os_core.o(.text)
    OSTimeTick                               0x08002cdb   Thumb Code   154  os_core.o(.text)
    OSVersion                                0x08002d75   Thumb Code     6  os_core.o(.text)
    OS_Dummy                                 0x08002d7b   Thumb Code     2  os_core.o(.text)
    OS_EventTaskRemove                       0x08002d7d   Thumb Code    32  os_core.o(.text)
    OS_EventTaskRdy                          0x08002d9d   Thumb Code   104  os_core.o(.text)
    OS_EventTaskWait                         0x08002e05   Thumb Code    68  os_core.o(.text)
    OS_EventWaitListInit                     0x08002e49   Thumb Code    20  os_core.o(.text)
    OS_MemCopy                               0x08002e5d   Thumb Code    20  os_core.o(.text)
    OS_TCBInit                               0x08002e71   Thumb Code   290  os_core.o(.text)
    OSFlagAccept                             0x0800308d   Thumb Code   154  os_flag.o(.text)
    OSFlagCreate                             0x08003127   Thumb Code    68  os_flag.o(.text)
    OS_FlagUnlink                            0x0800316b   Thumb Code    32  os_flag.o(.text)
    OSFlagDel                                0x080031d1   Thumb Code   182  os_flag.o(.text)
    OSFlagNameGet                            0x08003287   Thumb Code    72  os_flag.o(.text)
    OSFlagNameSet                            0x080032cf   Thumb Code    50  os_flag.o(.text)
    OSFlagPend                               0x08003357   Thumb Code   370  os_flag.o(.text)
    OSFlagPendGetFlagsRdy                    0x080034c9   Thumb Code    20  os_flag.o(.text)
    OSFlagPost                               0x080034dd   Thumb Code   212  os_flag.o(.text)
    OSFlagQuery                              0x080035b1   Thumb Code    38  os_flag.o(.text)
    OS_FlagInit                              0x080035d7   Thumb Code    64  os_flag.o(.text)
    OSMboxAccept                             0x08003621   Thumb Code    32  os_mbox.o(.text)
    OSMboxCreate                             0x08003641   Thumb Code    58  os_mbox.o(.text)
    OSMboxDel                                0x0800367b   Thumb Code   188  os_mbox.o(.text)
    OSMboxPend                               0x08003737   Thumb Code   190  os_mbox.o(.text)
    OSMboxPendAbort                          0x080037f5   Thumb Code   110  os_mbox.o(.text)
    OSMboxPost                               0x08003863   Thumb Code    76  os_mbox.o(.text)
    OSMboxPostOpt                            0x080038af   Thumb Code   108  os_mbox.o(.text)
    OSMboxQuery                              0x0800391b   Thumb Code    66  os_mbox.o(.text)
    OSQAccept                                0x08003971   Thumb Code    78  os_q.o(.text)
    OSQCreate                                0x080039bf   Thumb Code   114  os_q.o(.text)
    OSQDel                                   0x08003a31   Thumb Code   218  os_q.o(.text)
    OSQFlush                                 0x08003b0b   Thumb Code    28  os_q.o(.text)
    OSQPend                                  0x08003b27   Thumb Code   208  os_q.o(.text)
    OSQPendAbort                             0x08003bf7   Thumb Code   108  os_q.o(.text)
    OSQPost                                  0x08003c63   Thumb Code   106  os_q.o(.text)
    OSQPostFront                             0x08003ccd   Thumb Code   104  os_q.o(.text)
    OSQPostOpt                               0x08003d35   Thumb Code   186  os_q.o(.text)
    OSQQuery                                 0x08003def   Thumb Code    84  os_q.o(.text)
    OS_QInit                                 0x08003e43   Thumb Code    58  os_q.o(.text)
    OSSemAccept                              0x08003e85   Thumb Code    34  os_sem.o(.text)
    OSSemCreate                              0x08003ea7   Thumb Code    58  os_sem.o(.text)
    OSSemDel                                 0x08003ee1   Thumb Code   188  os_sem.o(.text)
    OSSemPend                                0x08003f9d   Thumb Code   174  os_sem.o(.text)
    OSSemPendAbort                           0x0800404b   Thumb Code   110  os_sem.o(.text)
    OSSemPost                                0x080040b9   Thumb Code    82  os_sem.o(.text)
    OSSemQuery                               0x0800410b   Thumb Code    66  os_sem.o(.text)
    OSSemSet                                 0x0800414d   Thumb Code    52  os_sem.o(.text)
    OSTaskChangePrio                         0x08004195   Thumb Code   322  os_task.o(.text)
    OSTaskCreate                             0x080042d7   Thumb Code   124  os_task.o(.text)
    OS_TaskStkClr                            0x08004353   Thumb Code    22  os_task.o(.text)
    OSTaskCreateExt                          0x08004369   Thumb Code   144  os_task.o(.text)
    OSTaskDel                                0x080043f9   Thumb Code   274  os_task.o(.text)
    OSTaskDelReq                             0x0800450b   Thumb Code    82  os_task.o(.text)
    OSTaskNameGet                            0x0800455d   Thumb Code   138  os_task.o(.text)
    OSTaskNameSet                            0x080045e7   Thumb Code    70  os_task.o(.text)
    OSTaskResume                             0x0800462d   Thumb Code   120  os_task.o(.text)
    OSTaskStkChk                             0x080046a5   Thumb Code    94  os_task.o(.text)
    OSTaskSuspend                            0x08004703   Thumb Code   128  os_task.o(.text)
    OSTaskQuery                              0x08004783   Thumb Code    74  os_task.o(.text)
    OSTaskRegGet                             0x080047cd   Thumb Code    50  os_task.o(.text)
    OSTaskRegGetID                           0x080047ff   Thumb Code    40  os_task.o(.text)
    OSTaskRegSet                             0x08004827   Thumb Code    52  os_task.o(.text)
    OS_TaskReturn                            0x0800485b   Thumb Code    18  os_task.o(.text)
    OSTimeDly                                0x08004889   Thumb Code    82  os_time.o(.text)
    OSTimeDlyHMSM                            0x080048db   Thumb Code    70  os_time.o(.text)
    OSTimeDlyResume                          0x08004921   Thumb Code   134  os_time.o(.text)
    OSTimeGet                                0x080049a7   Thumb Code    18  os_time.o(.text)
    OSTimeSet                                0x080049b9   Thumb Code    20  os_time.o(.text)
    OS_CPU_SR_Save                           0x080049e9   Thumb Code     0  os_cpu_a.o(.text)
    OS_CPU_SR_Restore                        0x080049f1   Thumb Code     0  os_cpu_a.o(.text)
    OSStartHighRdy                           0x080049f7   Thumb Code     0  os_cpu_a.o(.text)
    OSCtxSw                                  0x08004a1f   Thumb Code     0  os_cpu_a.o(.text)
    OSIntCtxSw                               0x08004a29   Thumb Code     0  os_cpu_a.o(.text)
    OS_CPU_PendSVHandler                     0x08004a33   Thumb Code     0  os_cpu_a.o(.text)
    OSInitHookBegin                          0x08004a99   Thumb Code    24  os_cpu_c.o(.text)
    OSInitHookEnd                            0x08004ab1   Thumb Code     2  os_cpu_c.o(.text)
    OSTaskCreateHook                         0x08004ab3   Thumb Code     4  os_cpu_c.o(.text)
    OSTaskDelHook                            0x08004ab7   Thumb Code     4  os_cpu_c.o(.text)
    OSTaskIdleHook                           0x08004abb   Thumb Code     4  os_cpu_c.o(.text)
    OSTaskReturnHook                         0x08004abf   Thumb Code     4  os_cpu_c.o(.text)
    OSTaskStatHook                           0x08004ac3   Thumb Code     4  os_cpu_c.o(.text)
    OSTaskStkInit                            0x08004ac7   Thumb Code   108  os_cpu_c.o(.text)
    OSTaskSwHook                             0x08004b33   Thumb Code     4  os_cpu_c.o(.text)
    OSTCBInitHook                            0x08004b37   Thumb Code     4  os_cpu_c.o(.text)
    OSTimeTickHook                           0x08004b3b   Thumb Code     4  os_cpu_c.o(.text)
    OS_CPU_SysTickHandler                    0x08004b3f   Thumb Code    30  os_cpu_c.o(.text)
    OS_CPU_SysTickInit                       0x08004b5d   Thumb Code    36  os_cpu_c.o(.text)
    OSDebugInit                              0x08004b99   Thumb Code     2  os_dbg.o(.text)
    SerialLine_TTY_EchoRx                    0x08005005   Thumb Code    32  serial_line_tty.o(.text)
    SerialLine_TTY_EchoTx                    0x08005025   Thumb Code    32  serial_line_tty.o(.text)
    SerialOS_Init                            0x08005139   Thumb Code    42  serial_os.o(.text)
    SerialOS_SemCreate                       0x08005163   Thumb Code    54  serial_os.o(.text)
    SerialOS_SemDel                          0x08005199   Thumb Code    40  serial_os.o(.text)
    SerialOS_SemWait                         0x080051c1   Thumb Code    56  serial_os.o(.text)
    SerialOS_SemTryLock                      0x080051f9   Thumb Code    14  serial_os.o(.text)
    SerialOS_SemSignal                       0x08005207   Thumb Code    16  serial_os.o(.text)
    Serial_Init                              0x08005221   Thumb Code    84  serial.o(.text)
    Serial_DevDrvAdd                         0x08005275   Thumb Code   392  serial.o(.text)
    Serial_SetLineDrv                        0x08005431   Thumb Code   130  serial.o(.text)
    Serial_Open                              0x080054b3   Thumb Code   216  serial.o(.text)
    Serial_Close                             0x0800558b   Thumb Code   310  serial.o(.text)
    Serial_Rd                                0x0800585b   Thumb Code   124  serial.o(.text)
    Serial_RdAsync                           0x080058d7   Thumb Code    44  serial.o(.text)
    Serial_WaitFor                           0x08005903   Thumb Code   322  serial.o(.text)
    Serial_Wr                                0x08005be1   Thumb Code   174  serial.o(.text)
    Serial_WrAsync                           0x08005c8f   Thumb Code   100  serial.o(.text)
    SerialIF_GetDevPtr                       0x08005cf3   Thumb Code    36  serial.o(.text)
    SerialIF_Rx                              0x08005d17   Thumb Code   322  serial.o(.text)
    SerialIF_Tx                              0x08005e59   Thumb Code   194  serial.o(.text)
    SerialIF_TxWrBuf                         0x08005f1b   Thumb Code    62  serial.o(.text)
    SerialBuf_Init                           0x08006079   Thumb Code    20  serial_buf.o(.text)
    SerialBuf_Clr                            0x0800608d   Thumb Code    10  serial_buf.o(.text)
    SerialBuf_Rd                             0x08006097   Thumb Code   128  serial_buf.o(.text)
    SerialBuf_RdOctet                        0x08006117   Thumb Code    60  serial_buf.o(.text)
    SerialBuf_WrOctet                        0x08006153   Thumb Code    56  serial_buf.o(.text)
    SerialBuf_IsFull                         0x0800618b   Thumb Code    12  serial_buf.o(.text)
    SerialBuf_Cmp                            0x08006197   Thumb Code    68  serial_buf.o(.text)
    SerialBuf_IsEmpty                        0x080061db   Thumb Code    14  serial_buf.o(.text)
    SerialBuf_Size                           0x080061e9   Thumb Code     4  serial_buf.o(.text)
    SerialBuf_DataLen                        0x080061ed   Thumb Code     8  serial_buf.o(.text)
    NVIC_PriorityGroupConfig                 0x080061f5   Thumb Code    10  misc.o(.text)
    NVIC_Init                                0x080061ff   Thumb Code    96  misc.o(.text)
    NVIC_SetVectorTable                      0x0800625f   Thumb Code    14  misc.o(.text)
    NVIC_SystemLPConfig                      0x0800626d   Thumb Code    20  misc.o(.text)
    SysTick_CLKSourceConfig                  0x08006281   Thumb Code    24  misc.o(.text)
    ADC_DeInit                               0x080062a5   Thumb Code    24  stm32f4xx_adc.o(.text)
    ADC_Init                                 0x080062bd   Thumb Code    66  stm32f4xx_adc.o(.text)
    ADC_StructInit                           0x080062ff   Thumb Code    20  stm32f4xx_adc.o(.text)
    ADC_CommonInit                           0x08006313   Thumb Code    34  stm32f4xx_adc.o(.text)
    ADC_CommonStructInit                     0x08006335   Thumb Code    12  stm32f4xx_adc.o(.text)
    ADC_Cmd                                  0x08006341   Thumb Code    20  stm32f4xx_adc.o(.text)
    ADC_AnalogWatchdogCmd                    0x08006355   Thumb Code    12  stm32f4xx_adc.o(.text)
    ADC_AnalogWatchdogThresholdsConfig       0x08006361   Thumb Code     6  stm32f4xx_adc.o(.text)
    ADC_AnalogWatchdogSingleChannelConfig    0x08006367   Thumb Code    12  stm32f4xx_adc.o(.text)
    ADC_TempSensorVrefintCmd                 0x08006373   Thumb Code    26  stm32f4xx_adc.o(.text)
    ADC_VBATCmd                              0x0800638d   Thumb Code    26  stm32f4xx_adc.o(.text)
    ADC_RegularChannelConfig                 0x080063a7   Thumb Code   116  stm32f4xx_adc.o(.text)
    ADC_SoftwareStartConv                    0x0800641b   Thumb Code    10  stm32f4xx_adc.o(.text)
    ADC_GetSoftwareStartConvStatus           0x08006425   Thumb Code    14  stm32f4xx_adc.o(.text)
    ADC_EOCOnEachRegularChannelCmd           0x08006433   Thumb Code    20  stm32f4xx_adc.o(.text)
    ADC_ContinuousModeCmd                    0x08006447   Thumb Code    20  stm32f4xx_adc.o(.text)
    ADC_DiscModeChannelCountConfig           0x0800645b   Thumb Code    16  stm32f4xx_adc.o(.text)
    ADC_DiscModeCmd                          0x0800646b   Thumb Code    20  stm32f4xx_adc.o(.text)
    ADC_GetConversionValue                   0x0800647f   Thumb Code     6  stm32f4xx_adc.o(.text)
    ADC_GetMultiModeConversionValue          0x08006485   Thumb Code     8  stm32f4xx_adc.o(.text)
    ADC_DMACmd                               0x0800648d   Thumb Code    20  stm32f4xx_adc.o(.text)
    ADC_DMARequestAfterLastTransferCmd       0x080064a1   Thumb Code    20  stm32f4xx_adc.o(.text)
    ADC_MultiModeDMARequestAfterLastTransferCmd 0x080064b5   Thumb Code    26  stm32f4xx_adc.o(.text)
    ADC_InjectedChannelConfig                0x080064cf   Thumb Code    74  stm32f4xx_adc.o(.text)
    ADC_InjectedSequencerLengthConfig        0x08006519   Thumb Code    16  stm32f4xx_adc.o(.text)
    ADC_SetInjectedOffset                    0x08006529   Thumb Code    10  stm32f4xx_adc.o(.text)
    ADC_ExternalTrigInjectedConvConfig       0x08006533   Thumb Code    12  stm32f4xx_adc.o(.text)
    ADC_ExternalTrigInjectedConvEdgeConfig   0x0800653f   Thumb Code    12  stm32f4xx_adc.o(.text)
    ADC_SoftwareStartInjectedConv            0x0800654b   Thumb Code    10  stm32f4xx_adc.o(.text)
    ADC_GetSoftwareStartInjectedConvCmdStatus 0x08006555   Thumb Code    14  stm32f4xx_adc.o(.text)
    ADC_AutoInjectedConvCmd                  0x08006563   Thumb Code    20  stm32f4xx_adc.o(.text)
    ADC_InjectedDiscModeCmd                  0x08006577   Thumb Code    20  stm32f4xx_adc.o(.text)
    ADC_GetInjectedConversionValue           0x0800658b   Thumb Code    14  stm32f4xx_adc.o(.text)
    ADC_ITConfig                             0x08006599   Thumb Code    18  stm32f4xx_adc.o(.text)
    ADC_GetFlagStatus                        0x080065ab   Thumb Code    14  stm32f4xx_adc.o(.text)
    ADC_ClearFlag                            0x080065b9   Thumb Code     6  stm32f4xx_adc.o(.text)
    ADC_GetITStatus                          0x080065bf   Thumb Code    30  stm32f4xx_adc.o(.text)
    ADC_ClearITPendingBit                    0x080065dd   Thumb Code     8  stm32f4xx_adc.o(.text)
    DMA_DeInit                               0x080065f9   Thumb Code   272  stm32f4xx_dma.o(.text)
    DMA_Init                                 0x08006709   Thumb Code    80  stm32f4xx_dma.o(.text)
    DMA_StructInit                           0x08006759   Thumb Code    34  stm32f4xx_dma.o(.text)
    DMA_Cmd                                  0x0800677b   Thumb Code    20  stm32f4xx_dma.o(.text)
    DMA_PeriphIncOffsetSizeConfig            0x0800678f   Thumb Code    20  stm32f4xx_dma.o(.text)
    DMA_FlowControllerConfig                 0x080067a3   Thumb Code    20  stm32f4xx_dma.o(.text)
    DMA_SetCurrDataCounter                   0x080067b7   Thumb Code     4  stm32f4xx_dma.o(.text)
    DMA_GetCurrDataCounter                   0x080067bb   Thumb Code     6  stm32f4xx_dma.o(.text)
    DMA_DoubleBufferModeConfig               0x080067c1   Thumb Code    22  stm32f4xx_dma.o(.text)
    DMA_DoubleBufferModeCmd                  0x080067d7   Thumb Code    20  stm32f4xx_dma.o(.text)
    DMA_MemoryTargetConfig                   0x080067eb   Thumb Code    10  stm32f4xx_dma.o(.text)
    DMA_GetCurrentMemoryTarget               0x080067f5   Thumb Code    14  stm32f4xx_dma.o(.text)
    DMA_GetCmdStatus                         0x08006803   Thumb Code    14  stm32f4xx_dma.o(.text)
    DMA_GetFIFOStatus                        0x08006811   Thumb Code     8  stm32f4xx_dma.o(.text)
    DMA_GetFlagStatus                        0x08006819   Thumb Code    42  stm32f4xx_dma.o(.text)
    DMA_ClearFlag                            0x08006843   Thumb Code    34  stm32f4xx_dma.o(.text)
    DMA_ITConfig                             0x08006865   Thumb Code    44  stm32f4xx_dma.o(.text)
    DMA_GetITStatus                          0x08006891   Thumb Code    70  stm32f4xx_dma.o(.text)
    DMA_ClearITPendingBit                    0x080068d7   Thumb Code    34  stm32f4xx_dma.o(.text)
    EXTI_DeInit                              0x08006919   Thumb Code    28  stm32f4xx_exti.o(.text)
    EXTI_Init                                0x08006935   Thumb Code   108  stm32f4xx_exti.o(.text)
    EXTI_StructInit                          0x080069a1   Thumb Code    14  stm32f4xx_exti.o(.text)
    EXTI_GenerateSWInterrupt                 0x080069af   Thumb Code    12  stm32f4xx_exti.o(.text)
    EXTI_GetFlagStatus                       0x080069bb   Thumb Code    18  stm32f4xx_exti.o(.text)
    EXTI_ClearFlag                           0x080069cd   Thumb Code     8  stm32f4xx_exti.o(.text)
    EXTI_GetITStatus                         0x080069d5   Thumb Code    28  stm32f4xx_exti.o(.text)
    EXTI_ClearITPendingBit                   0x080069f1   Thumb Code     8  stm32f4xx_exti.o(.text)
    FLASH_SetLatency                         0x08006a01   Thumb Code     6  stm32f4xx_flash.o(.text)
    FLASH_PrefetchBufferCmd                  0x08006a07   Thumb Code    22  stm32f4xx_flash.o(.text)
    FLASH_InstructionCacheCmd                0x08006a1d   Thumb Code    22  stm32f4xx_flash.o(.text)
    FLASH_DataCacheCmd                       0x08006a33   Thumb Code    22  stm32f4xx_flash.o(.text)
    FLASH_InstructionCacheReset              0x08006a49   Thumb Code    12  stm32f4xx_flash.o(.text)
    FLASH_DataCacheReset                     0x08006a55   Thumb Code    12  stm32f4xx_flash.o(.text)
    FLASH_Unlock                             0x08006a61   Thumb Code    24  stm32f4xx_flash.o(.text)
    FLASH_Lock                               0x08006a79   Thumb Code    14  stm32f4xx_flash.o(.text)
    FLASH_GetStatus                          0x08006a87   Thumb Code    48  stm32f4xx_flash.o(.text)
    FLASH_WaitForLastOperation               0x08006ab7   Thumb Code    30  stm32f4xx_flash.o(.text)
    FLASH_EraseSector                        0x08006ad5   Thumb Code   106  stm32f4xx_flash.o(.text)
    FLASH_EraseAllSectors                    0x08006b3f   Thumb Code    88  stm32f4xx_flash.o(.text)
    FLASH_ProgramDoubleWord                  0x08006b97   Thumb Code    62  stm32f4xx_flash.o(.text)
    FLASH_ProgramWord                        0x08006bd5   Thumb Code    58  stm32f4xx_flash.o(.text)
    FLASH_ProgramHalfWord                    0x08006c0f   Thumb Code    58  stm32f4xx_flash.o(.text)
    FLASH_ProgramByte                        0x08006c49   Thumb Code    54  stm32f4xx_flash.o(.text)
    FLASH_OB_Unlock                          0x08006c7f   Thumb Code    24  stm32f4xx_flash.o(.text)
    FLASH_OB_Lock                            0x08006c97   Thumb Code    14  stm32f4xx_flash.o(.text)
    FLASH_OB_WRPConfig                       0x08006ca5   Thumb Code    32  stm32f4xx_flash.o(.text)
    FLASH_OB_RDPConfig                       0x08006cc5   Thumb Code    20  stm32f4xx_flash.o(.text)
    FLASH_OB_UserConfig                      0x08006cd9   Thumb Code    36  stm32f4xx_flash.o(.text)
    FLASH_OB_BORConfig                       0x08006cfd   Thumb Code    20  stm32f4xx_flash.o(.text)
    FLASH_OB_Launch                          0x08006d11   Thumb Code    14  stm32f4xx_flash.o(.text)
    FLASH_OB_GetUser                         0x08006d1f   Thumb Code    12  stm32f4xx_flash.o(.text)
    FLASH_OB_GetWRP                          0x08006d2b   Thumb Code     8  stm32f4xx_flash.o(.text)
    FLASH_OB_GetRDP                          0x08006d33   Thumb Code    16  stm32f4xx_flash.o(.text)
    FLASH_OB_GetBOR                          0x08006d43   Thumb Code    12  stm32f4xx_flash.o(.text)
    FLASH_ITConfig                           0x08006d4f   Thumb Code    20  stm32f4xx_flash.o(.text)
    FLASH_GetFlagStatus                      0x08006d63   Thumb Code    18  stm32f4xx_flash.o(.text)
    FLASH_ClearFlag                          0x08006d75   Thumb Code     8  stm32f4xx_flash.o(.text)
    GPIO_DeInit                              0x08006d91   Thumb Code   192  stm32f4xx_gpio.o(.text)
    GPIO_Init                                0x08006e51   Thumb Code   120  stm32f4xx_gpio.o(.text)
    GPIO_StructInit                          0x08006ec9   Thumb Code    18  stm32f4xx_gpio.o(.text)
    GPIO_PinLockConfig                       0x08006edb   Thumb Code    24  stm32f4xx_gpio.o(.text)
    GPIO_ReadInputDataBit                    0x08006ef3   Thumb Code    14  stm32f4xx_gpio.o(.text)
    GPIO_ReadInputData                       0x08006f01   Thumb Code     6  stm32f4xx_gpio.o(.text)
    GPIO_ReadOutputDataBit                   0x08006f07   Thumb Code    14  stm32f4xx_gpio.o(.text)
    GPIO_ReadOutputData                      0x08006f15   Thumb Code     6  stm32f4xx_gpio.o(.text)
    GPIO_SetBits                             0x08006f1b   Thumb Code     4  stm32f4xx_gpio.o(.text)
    GPIO_ResetBits                           0x08006f1f   Thumb Code     4  stm32f4xx_gpio.o(.text)
    GPIO_WriteBit                            0x08006f23   Thumb Code    10  stm32f4xx_gpio.o(.text)
    GPIO_Write                               0x08006f2d   Thumb Code     4  stm32f4xx_gpio.o(.text)
    GPIO_ToggleBits                          0x08006f31   Thumb Code     8  stm32f4xx_gpio.o(.text)
    GPIO_PinAFConfig                         0x08006f39   Thumb Code    32  stm32f4xx_gpio.o(.text)
    RCC_DeInit                               0x08006f7d   Thumb Code    48  stm32f4xx_rcc.o(.text)
    RCC_HSEConfig                            0x08006fad   Thumb Code    12  stm32f4xx_rcc.o(.text)
    RCC_GetFlagStatus                        0x08006fb9   Thumb Code    46  stm32f4xx_rcc.o(.text)
    RCC_WaitForHSEStartUp                    0x08006fe7   Thumb Code    44  stm32f4xx_rcc.o(.text)
    RCC_AdjustHSICalibrationValue            0x08007013   Thumb Code    16  stm32f4xx_rcc.o(.text)
    RCC_HSICmd                               0x08007023   Thumb Code     6  stm32f4xx_rcc.o(.text)
    RCC_LSEConfig                            0x08007029   Thumb Code    24  stm32f4xx_rcc.o(.text)
    RCC_LSICmd                               0x08007041   Thumb Code     6  stm32f4xx_rcc.o(.text)
    RCC_PLLConfig                            0x08007047   Thumb Code    32  stm32f4xx_rcc.o(.text)
    RCC_PLLCmd                               0x08007067   Thumb Code     6  stm32f4xx_rcc.o(.text)
    RCC_PLLI2SConfig                         0x0800706d   Thumb Code    14  stm32f4xx_rcc.o(.text)
    RCC_PLLI2SCmd                            0x0800707b   Thumb Code     6  stm32f4xx_rcc.o(.text)
    RCC_ClockSecuritySystemCmd               0x08007081   Thumb Code     6  stm32f4xx_rcc.o(.text)
    RCC_MCO1Config                           0x08007087   Thumb Code    18  stm32f4xx_rcc.o(.text)
    RCC_MCO2Config                           0x08007099   Thumb Code    18  stm32f4xx_rcc.o(.text)
    RCC_SYSCLKConfig                         0x080070ab   Thumb Code    16  stm32f4xx_rcc.o(.text)
    RCC_GetSYSCLKSource                      0x080070bb   Thumb Code    12  stm32f4xx_rcc.o(.text)
    RCC_HCLKConfig                           0x080070c7   Thumb Code    16  stm32f4xx_rcc.o(.text)
    RCC_PCLK1Config                          0x080070d7   Thumb Code    16  stm32f4xx_rcc.o(.text)
    RCC_PCLK2Config                          0x080070e7   Thumb Code    18  stm32f4xx_rcc.o(.text)
    RCC_GetClocksFreq                        0x080070f9   Thumb Code   134  stm32f4xx_rcc.o(.text)
    RCC_RTCCLKConfig                         0x0800717f   Thumb Code    42  stm32f4xx_rcc.o(.text)
    RCC_RTCCLKCmd                            0x080071a9   Thumb Code     8  stm32f4xx_rcc.o(.text)
    RCC_BackupResetCmd                       0x080071b1   Thumb Code     8  stm32f4xx_rcc.o(.text)
    RCC_I2SCLKConfig                         0x080071b9   Thumb Code     8  stm32f4xx_rcc.o(.text)
    RCC_AHB1PeriphClockCmd                   0x080071c1   Thumb Code    20  stm32f4xx_rcc.o(.text)
    RCC_AHB2PeriphClockCmd                   0x080071d5   Thumb Code    20  stm32f4xx_rcc.o(.text)
    RCC_AHB3PeriphClockCmd                   0x080071e9   Thumb Code    20  stm32f4xx_rcc.o(.text)
    RCC_APB1PeriphClockCmd                   0x080071fd   Thumb Code    20  stm32f4xx_rcc.o(.text)
    RCC_APB2PeriphClockCmd                   0x08007211   Thumb Code    20  stm32f4xx_rcc.o(.text)
    RCC_AHB1PeriphResetCmd                   0x08007225   Thumb Code    20  stm32f4xx_rcc.o(.text)
    RCC_AHB2PeriphResetCmd                   0x08007239   Thumb Code    20  stm32f4xx_rcc.o(.text)
    RCC_AHB3PeriphResetCmd                   0x0800724d   Thumb Code    20  stm32f4xx_rcc.o(.text)
    RCC_APB1PeriphResetCmd                   0x08007261   Thumb Code    20  stm32f4xx_rcc.o(.text)
    RCC_APB2PeriphResetCmd                   0x08007275   Thumb Code    20  stm32f4xx_rcc.o(.text)
    RCC_AHB1PeriphClockLPModeCmd             0x08007289   Thumb Code    20  stm32f4xx_rcc.o(.text)
    RCC_AHB2PeriphClockLPModeCmd             0x0800729d   Thumb Code    20  stm32f4xx_rcc.o(.text)
    RCC_AHB3PeriphClockLPModeCmd             0x080072b1   Thumb Code    20  stm32f4xx_rcc.o(.text)
    RCC_APB1PeriphClockLPModeCmd             0x080072c5   Thumb Code    20  stm32f4xx_rcc.o(.text)
    RCC_APB2PeriphClockLPModeCmd             0x080072d9   Thumb Code    20  stm32f4xx_rcc.o(.text)
    RCC_ITConfig                             0x080072ed   Thumb Code    20  stm32f4xx_rcc.o(.text)
    RCC_ClearFlag                            0x08007301   Thumb Code    14  stm32f4xx_rcc.o(.text)
    RCC_GetITStatus                          0x0800730f   Thumb Code    18  stm32f4xx_rcc.o(.text)
    RCC_ClearITPendingBit                    0x08007321   Thumb Code     8  stm32f4xx_rcc.o(.text)
    SYSCFG_DeInit                            0x0800734d   Thumb Code    24  stm32f4xx_syscfg.o(.text)
    SYSCFG_MemoryRemapConfig                 0x08007365   Thumb Code     6  stm32f4xx_syscfg.o(.text)
    SYSCFG_EXTILineConfig                    0x0800736b   Thumb Code    42  stm32f4xx_syscfg.o(.text)
    SYSCFG_ETH_MediaInterfaceConfig          0x08007395   Thumb Code     8  stm32f4xx_syscfg.o(.text)
    SYSCFG_CompensationCellCmd               0x0800739d   Thumb Code     6  stm32f4xx_syscfg.o(.text)
    SYSCFG_GetCompensationCellStatus         0x080073a3   Thumb Code    16  stm32f4xx_syscfg.o(.text)
    TIM_DeInit                               0x080073c5   Thumb Code   284  stm32f4xx_tim.o(.text)
    TIM_TimeBaseInit                         0x080074e1   Thumb Code    96  stm32f4xx_tim.o(.text)
    TIM_TimeBaseStructInit                   0x08007541   Thumb Code    18  stm32f4xx_tim.o(.text)
    TIM_PrescalerConfig                      0x08007553   Thumb Code     6  stm32f4xx_tim.o(.text)
    TIM_CounterModeConfig                    0x08007559   Thumb Code    12  stm32f4xx_tim.o(.text)
    TIM_SetCounter                           0x08007565   Thumb Code     4  stm32f4xx_tim.o(.text)
    TIM_SetAutoreload                        0x08007569   Thumb Code     4  stm32f4xx_tim.o(.text)
    TIM_GetCounter                           0x0800756d   Thumb Code     4  stm32f4xx_tim.o(.text)
    TIM_GetPrescaler                         0x08007571   Thumb Code     4  stm32f4xx_tim.o(.text)
    TIM_UpdateDisableConfig                  0x08007575   Thumb Code    20  stm32f4xx_tim.o(.text)
    TIM_UpdateRequestConfig                  0x08007589   Thumb Code    20  stm32f4xx_tim.o(.text)
    TIM_ARRPreloadConfig                     0x0800759d   Thumb Code    20  stm32f4xx_tim.o(.text)
    TIM_SelectOnePulseMode                   0x080075b1   Thumb Code    16  stm32f4xx_tim.o(.text)
    TIM_SetClockDivision                     0x080075c1   Thumb Code    16  stm32f4xx_tim.o(.text)
    TIM_Cmd                                  0x080075d1   Thumb Code    20  stm32f4xx_tim.o(.text)
    TIM_OC1Init                              0x080075e5   Thumb Code    88  stm32f4xx_tim.o(.text)
    TIM_OC2Init                              0x0800763d   Thumb Code   120  stm32f4xx_tim.o(.text)
    TIM_OC3Init                              0x080076b5   Thumb Code   116  stm32f4xx_tim.o(.text)
    TIM_OC4Init                              0x08007729   Thumb Code    88  stm32f4xx_tim.o(.text)
    TIM_OCStructInit                         0x08007781   Thumb Code    20  stm32f4xx_tim.o(.text)
    TIM_SelectOCxM                           0x08007795   Thumb Code   130  stm32f4xx_tim.o(.text)
    TIM_SetCompare1                          0x08007817   Thumb Code     4  stm32f4xx_tim.o(.text)
    TIM_SetCompare2                          0x0800781b   Thumb Code     4  stm32f4xx_tim.o(.text)
    TIM_SetCompare3                          0x0800781f   Thumb Code     4  stm32f4xx_tim.o(.text)
    TIM_SetCompare4                          0x08007823   Thumb Code     4  stm32f4xx_tim.o(.text)
    TIM_ForcedOC1Config                      0x08007827   Thumb Code    12  stm32f4xx_tim.o(.text)
    TIM_ForcedOC2Config                      0x08007833   Thumb Code    20  stm32f4xx_tim.o(.text)
    TIM_ForcedOC3Config                      0x08007847   Thumb Code    12  stm32f4xx_tim.o(.text)
    TIM_ForcedOC4Config                      0x08007853   Thumb Code    20  stm32f4xx_tim.o(.text)
    TIM_OC1PreloadConfig                     0x08007867   Thumb Code    12  stm32f4xx_tim.o(.text)
    TIM_OC2PreloadConfig                     0x08007873   Thumb Code    20  stm32f4xx_tim.o(.text)
    TIM_OC3PreloadConfig                     0x08007887   Thumb Code    12  stm32f4xx_tim.o(.text)
    TIM_OC4PreloadConfig                     0x08007893   Thumb Code    20  stm32f4xx_tim.o(.text)
    TIM_OC1FastConfig                        0x080078a7   Thumb Code    12  stm32f4xx_tim.o(.text)
    TIM_OC2FastConfig                        0x080078b3   Thumb Code    20  stm32f4xx_tim.o(.text)
    TIM_OC3FastConfig                        0x080078c7   Thumb Code    12  stm32f4xx_tim.o(.text)
    TIM_OC4FastConfig                        0x080078d3   Thumb Code    20  stm32f4xx_tim.o(.text)
    TIM_ClearOC1Ref                          0x080078e7   Thumb Code    12  stm32f4xx_tim.o(.text)
    TIM_ClearOC2Ref                          0x080078f3   Thumb Code    20  stm32f4xx_tim.o(.text)
    TIM_ClearOC3Ref                          0x08007907   Thumb Code    12  stm32f4xx_tim.o(.text)
    TIM_ClearOC4Ref                          0x08007913   Thumb Code    20  stm32f4xx_tim.o(.text)
    TIM_OC1PolarityConfig                    0x08007927   Thumb Code    12  stm32f4xx_tim.o(.text)
    TIM_OC1NPolarityConfig                   0x08007933   Thumb Code    12  stm32f4xx_tim.o(.text)
    TIM_OC2PolarityConfig                    0x0800793f   Thumb Code    20  stm32f4xx_tim.o(.text)
    TIM_OC2NPolarityConfig                   0x08007953   Thumb Code    20  stm32f4xx_tim.o(.text)
    TIM_OC3PolarityConfig                    0x08007967   Thumb Code    20  stm32f4xx_tim.o(.text)
    TIM_OC3NPolarityConfig                   0x0800797b   Thumb Code    20  stm32f4xx_tim.o(.text)
    TIM_OC4PolarityConfig                    0x0800798f   Thumb Code    20  stm32f4xx_tim.o(.text)
    TIM_CCxCmd                               0x080079a3   Thumb Code    22  stm32f4xx_tim.o(.text)
    TIM_CCxNCmd                              0x080079b9   Thumb Code    22  stm32f4xx_tim.o(.text)
    TIM_SetIC4Prescaler                      0x080079cf   Thumb Code    24  stm32f4xx_tim.o(.text)
    TIM_SetIC3Prescaler                      0x080079e7   Thumb Code    16  stm32f4xx_tim.o(.text)
    TIM_SetIC2Prescaler                      0x080079f7   Thumb Code    24  stm32f4xx_tim.o(.text)
    TIM_SetIC1Prescaler                      0x08007a45   Thumb Code    16  stm32f4xx_tim.o(.text)
    TIM_ICInit                               0x08007a55   Thumb Code   164  stm32f4xx_tim.o(.text)
    TIM_ICStructInit                         0x08007af9   Thumb Code    16  stm32f4xx_tim.o(.text)
    TIM_PWMIConfig                           0x08007b09   Thumb Code   104  stm32f4xx_tim.o(.text)
    TIM_GetCapture1                          0x08007b71   Thumb Code     4  stm32f4xx_tim.o(.text)
    TIM_GetCapture2                          0x08007b75   Thumb Code     4  stm32f4xx_tim.o(.text)
    TIM_GetCapture3                          0x08007b79   Thumb Code     4  stm32f4xx_tim.o(.text)
    TIM_GetCapture4                          0x08007b7d   Thumb Code     4  stm32f4xx_tim.o(.text)
    TIM_BDTRConfig                           0x08007b81   Thumb Code    34  stm32f4xx_tim.o(.text)
    TIM_BDTRStructInit                       0x08007ba3   Thumb Code    18  stm32f4xx_tim.o(.text)
    TIM_CtrlPWMOutputs                       0x08007bb5   Thumb Code    22  stm32f4xx_tim.o(.text)
    TIM_SelectCOM                            0x08007bcb   Thumb Code    20  stm32f4xx_tim.o(.text)
    TIM_CCPreloadControl                     0x08007bdf   Thumb Code    20  stm32f4xx_tim.o(.text)
    TIM_ITConfig                             0x08007bf3   Thumb Code    16  stm32f4xx_tim.o(.text)
    TIM_GenerateEvent                        0x08007c03   Thumb Code     4  stm32f4xx_tim.o(.text)
    TIM_GetFlagStatus                        0x08007c07   Thumb Code    14  stm32f4xx_tim.o(.text)
    TIM_ClearFlag                            0x08007c15   Thumb Code     6  stm32f4xx_tim.o(.text)
    TIM_GetITStatus                          0x08007c1b   Thumb Code    24  stm32f4xx_tim.o(.text)
    TIM_ClearITPendingBit                    0x08007c33   Thumb Code     6  stm32f4xx_tim.o(.text)
    TIM_DMAConfig                            0x08007c39   Thumb Code     8  stm32f4xx_tim.o(.text)
    TIM_DMACmd                               0x08007c41   Thumb Code    16  stm32f4xx_tim.o(.text)
    TIM_SelectCCDMA                          0x08007c51   Thumb Code    20  stm32f4xx_tim.o(.text)
    TIM_InternalClockConfig                  0x08007c65   Thumb Code    10  stm32f4xx_tim.o(.text)
    TIM_SelectInputTrigger                   0x08007c6f   Thumb Code    12  stm32f4xx_tim.o(.text)
    TIM_ITRxExternalClockConfig              0x08007c7b   Thumb Code    18  stm32f4xx_tim.o(.text)
    TIM_TIxExternalClockConfig               0x08007c8d   Thumb Code    46  stm32f4xx_tim.o(.text)
    TIM_ETRConfig                            0x08007cbb   Thumb Code    24  stm32f4xx_tim.o(.text)
    TIM_ETRClockMode1Config                  0x08007cd3   Thumb Code    18  stm32f4xx_tim.o(.text)
    TIM_ETRClockMode2Config                  0x08007ce5   Thumb Code    18  stm32f4xx_tim.o(.text)
    TIM_SelectOutputTrigger                  0x08007cf7   Thumb Code    16  stm32f4xx_tim.o(.text)
    TIM_SelectSlaveMode                      0x08007d07   Thumb Code    16  stm32f4xx_tim.o(.text)
    TIM_SelectMasterSlaveMode                0x08007d17   Thumb Code    16  stm32f4xx_tim.o(.text)
    TIM_EncoderInterfaceConfig               0x08007d27   Thumb Code    50  stm32f4xx_tim.o(.text)
    TIM_SelectHallSensor                     0x08007d59   Thumb Code    20  stm32f4xx_tim.o(.text)
    TIM_RemapConfig                          0x08007d6d   Thumb Code     6  stm32f4xx_tim.o(.text)
    __aeabi_uldivmod                         0x08007da1   Thumb Code    98  uldiv.o(.text)
    __aeabi_dmul                             0x08007e03   Thumb Code   228  dmul.o(.text)
    __aeabi_i2d                              0x08007ee7   Thumb Code    34  dflti.o(.text)
    __aeabi_ui2d                             0x08007f09   Thumb Code    26  dfltui.o(.text)
    __aeabi_d2iz                             0x08007f23   Thumb Code    62  dfixi.o(.text)
    __aeabi_uidiv                            0x08007f61   Thumb Code     0  uidiv.o(.text)
    __aeabi_uidivmod                         0x08007f61   Thumb Code    44  uidiv.o(.text)
    __aeabi_llsl                             0x08007f8d   Thumb Code    30  llshl.o(.text)
    _ll_shift_l                              0x08007f8d   Thumb Code     0  llshl.o(.text)
    __aeabi_llsr                             0x08007fab   Thumb Code    32  llushr.o(.text)
    _ll_ushift_r                             0x08007fab   Thumb Code     0  llushr.o(.text)
    __I$use$fp                               0x08007fcb   Thumb Code     0  iusefp.o(.text)
    _double_round                            0x08007fcb   Thumb Code    30  depilogue.o(.text)
    _double_epilogue                         0x08007fe9   Thumb Code   156  depilogue.o(.text)
    __aeabi_dadd                             0x08008085   Thumb Code   322  dadd.o(.text)
    __aeabi_dsub                             0x080081c7   Thumb Code     6  dadd.o(.text)
    __aeabi_drsub                            0x080081cd   Thumb Code     6  dadd.o(.text)
    __aeabi_ddiv                             0x080081d3   Thumb Code   222  ddiv.o(.text)
    __aeabi_d2ulz                            0x080082b1   Thumb Code    48  dfixul.o(.text)
    __aeabi_cdrcmple                         0x080082e1   Thumb Code    48  cdrcmple.o(.text)
    __scatterload                            0x08008311   Thumb Code    28  init.o(.text)
    __scatterload_rt2                        0x08008311   Thumb Code     0  init.o(.text)
    __aeabi_lasr                             0x08008335   Thumb Code    36  llsshr.o(.text)
    _ll_sshift_r                             0x08008335   Thumb Code     0  llsshr.o(.text)
    __0vsprintf                              0x08008359   Thumb Code    30  printfa.o(i.__0vsprintf)
    __1vsprintf                              0x08008359   Thumb Code     0  printfa.o(i.__0vsprintf)
    __2vsprintf                              0x08008359   Thumb Code     0  printfa.o(i.__0vsprintf)
    __c89vsprintf                            0x08008359   Thumb Code     0  printfa.o(i.__0vsprintf)
    vsprintf                                 0x08008359   Thumb Code     0  printfa.o(i.__0vsprintf)
    __scatterload_copy                       0x0800837d   Thumb Code    14  handlers.o(i.__scatterload_copy)
    __scatterload_null                       0x0800838b   Thumb Code     2  handlers.o(i.__scatterload_null)
    __scatterload_zeroinit                   0x0800838d   Thumb Code    14  handlers.o(i.__scatterload_zeroinit)
    BUTTON_PORT_SOURCE                       0x08008c58   Data           1  stm32f4_discovery.o(.constdata)
    BUTTON_PIN_SOURCE                        0x08008c59   Data           1  stm32f4_discovery.o(.constdata)
    BUTTON_IRQn                              0x08008c5a   Data           1  stm32f4_discovery.o(.constdata)
    BUTTON_PIN                               0x08008c5c   Data           2  stm32f4_discovery.o(.constdata)
    BUTTON_EXTI_LINE                         0x08008c5e   Data           2  stm32f4_discovery.o(.constdata)
    BUTTON_CLK                               0x08008c60   Data           4  stm32f4_discovery.o(.constdata)
    GPIO_PIN                                 0x08008c64   Data           8  stm32f4_discovery.o(.constdata)
    GPIO_CLK                                 0x08008c6c   Data          16  stm32f4_discovery.o(.constdata)
    OSUnMapTbl                               0x08008e10   Data         256  os_core.o(.constdata)
    SerialDrv_STM32_API                      0x08008f10   Data          40  serial_drv_stm32.o(.constdata)
    SerialLine_Dflt                          0x08008f4c   Data          16  serial_line_dflt.o(.constdata)
    SerialLine_TTY                           0x08008f5c   Data          16  serial_line_tty.o(.constdata)
    Region$$Table$$Base                      0x08008f6c   Number         0  anon$$obj.o(Region$$Table)
    Region$$Table$$Limit                     0x08008f8c   Number         0  anon$$obj.o(Region$$Table)
    avgCounter                               0x20000008   Data           1  app.o(.data)
    ADC3ConvertedValue                       0x2000000a   Data           2  app.o(.data)
    proportional                             0x2000000c   Data           2  app.o(.data)
    integral                                 0x2000000e   Data           2  app.o(.data)
    derivative                               0x20000010   Data           2  app.o(.data)
    last_error                               0x20000012   Data           2  app.o(.data)
    movingAvg                                0x20000014   Data           2  app.o(.data)
    current_position                         0x20000016   Data           2  app.o(.data)
    error                                    0x20000018   Data           2  app.o(.data)
    pwm                                      0x2000001a   Data           2  app.o(.data)
    pid                                      0x2000001c   Data           2  app.o(.data)
    CCR1_Val                                 0x2000001e   Data           2  app.o(.data)
    ADC3ConvertedVoltage                     0x20000020   Data           4  app.o(.data)
    CommMbox1                                0x20000024   Data           4  app.o(.data)
    CommMbox2                                0x20000028   Data           4  app.o(.data)
    UpdateRates_flag                         0x2000002c   Data           4  app.o(.data)
    kp                                       0x20000030   Data           8  app.o(.data)
    ki                                       0x20000038   Data           8  app.o(.data)
    kd                                       0x20000040   Data           8  app.o(.data)
    BUTTON_PORT                              0x20000048   Data           4  stm32f4_discovery.o(.data)
    GPIO_PORT                                0x2000004c   Data          16  stm32f4_discovery.o(.data)
    CPU_TS_TmrFreq_Hz                        0x2000005c   Data           4  cpu_core.o(.data)
    Math_RandSeedCur                         0x20000060   Data           4  lib_math.o(.data)
    Mem_PoolTbl                              0x20000064   Data           4  lib_mem.o(.data)
    OSCPUUsage                               0x20000068   Data           1  os_core.o(.data)
    OSStatRdy                                0x20000069   Data           1  os_core.o(.data)
    OSIntNesting                             0x2000006a   Data           1  os_core.o(.data)
    OSLockNesting                            0x2000006b   Data           1  os_core.o(.data)
    OSPrioCur                                0x2000006c   Data           1  os_core.o(.data)
    OSPrioHighRdy                            0x2000006d   Data           1  os_core.o(.data)
    OSRdyGrp                                 0x2000006e   Data           1  os_core.o(.data)
    OSRunning                                0x2000006f   Data           1  os_core.o(.data)
    OSTaskCtr                                0x20000070   Data           1  os_core.o(.data)
    OSTickStepState                          0x20000071   Data           1  os_core.o(.data)
    OSTaskRegNextAvailID                     0x20000072   Data           1  os_core.o(.data)
    OSCtxSwCtr                               0x20000074   Data           4  os_core.o(.data)
    OSEventFreeList                          0x20000078   Data           4  os_core.o(.data)
    OSIdleCtrMax                             0x2000007c   Data           4  os_core.o(.data)
    OSIdleCtrRun                             0x20000080   Data           4  os_core.o(.data)
    OSIdleCtr                                0x20000084   Data           4  os_core.o(.data)
    OSTCBCur                                 0x20000088   Data           4  os_core.o(.data)
    OSTCBFreeList                            0x2000008c   Data           4  os_core.o(.data)
    OSTCBHighRdy                             0x20000090   Data           4  os_core.o(.data)
    OSTCBList                                0x20000094   Data           4  os_core.o(.data)
    OSTime                                   0x20000098   Data           4  os_core.o(.data)
    OSRdyTbl                                 0x2000009c   Data           8  os_core.o(.data)
    OSFlagFreeList                           0x200000a4   Data           4  os_core.o(.data)
    OSQFreeList                              0x200000a8   Data           4  os_core.o(.data)
    OS_CPU_ExceptStkBase                     0x200000ac   Data           4  os_cpu_c.o(.data)
    SerialDevCfg_STM32_USART3                0x200000b0   Data          12  serial_bsp_stm3240x.o(.data)
    CPU_Name                                 0x20001238   Data          16  cpu_core.o(.bss)
    Mem_PoolHeap                             0x20001248   Data          72  lib_mem.o(.bss)
    Mem_Heap                                 0x20001290   Data       23552  lib_mem.o(.bss)
    OSEventTbl                               0x20006e90   Data        1440  os_core.o(.bss)
    OSTaskStatStk                            0x20007430   Data         512  os_core.o(.bss)
    OSTaskIdleStk                            0x20007630   Data         512  os_core.o(.bss)
    OSTCBPrioTbl                             0x20007830   Data         256  os_core.o(.bss)
    OSTCBTbl                                 0x20007930   Data        1056  os_core.o(.bss)
    OSFlagTbl                                0x20007d50   Data          80  os_core.o(.bss)
    OSQTbl                                   0x20007da0   Data          96  os_core.o(.bss)
    OS_CPU_ExceptStk                         0x20007e00   Data         512  os_cpu_c.o(.bss)
    __initial_sp                             0x20008408   Data           0  cstartup.o(STACK)



==============================================================================

Memory Map of the image

  Image Entry point : 0x08000189

  Load Region LR_IROM1 (Base: 0x08000000, Size: 0x0000907c, Max: 0x00100000, ABSOLUTE)

    Execution Region ER_IROM1 (Exec base: 0x08000000, Load base: 0x08000000, Size: 0x00008f8c, Max: 0x00100000, ABSOLUTE)

    Exec Addr    Load Addr    Size         Type   Attr      Idx    E Section Name        Object

    0x08000000   0x08000000   0x00000188   Data   RO          393    RESET               cstartup.o
    0x08000188   0x08000188   0x00000000   Code   RO         1588  * .ARM.Collect$$$$00000000  mc_w.l(entry.o)
    0x08000188   0x08000188   0x00000004   Code   RO         1629    .ARM.Collect$$$$00000001  mc_w.l(entry2.o)
    0x0800018c   0x0800018c   0x00000004   Code   RO         1632    .ARM.Collect$$$$00000004  mc_w.l(entry5.o)
    0x08000190   0x08000190   0x00000000   Code   RO         1634    .ARM.Collect$$$$00000008  mc_w.l(entry7b.o)
    0x08000190   0x08000190   0x00000000   Code   RO         1636    .ARM.Collect$$$$0000000A  mc_w.l(entry8b.o)
    0x08000190   0x08000190   0x00000008   Code   RO         1637    .ARM.Collect$$$$0000000B  mc_w.l(entry9a.o)
    0x08000198   0x08000198   0x00000000   Code   RO         1639    .ARM.Collect$$$$0000000D  mc_w.l(entry10a.o)
    0x08000198   0x08000198   0x00000000   Code   RO         1641    .ARM.Collect$$$$0000000F  mc_w.l(entry11a.o)
    0x08000198   0x08000198   0x00000004   Code   RO         1630    .ARM.Collect$$$$00002712  mc_w.l(entry2.o)
    0x0800019c   0x0800019c   0x00000010   Code   RO            3    .text               app_hooks.o
    0x080001ac   0x080001ac   0x000000ec   Code   RO          222    .text               app_serial.o
    0x08000298   0x08000298   0x0000050c   Code   RO          289    .text               app.o
    0x080007a4   0x080007a4   0x000000e4   Code   RO          323    .text               bsp.o
    0x08000888   0x08000888   0x0000029c   Code   RO          350    .text               bsp_int.o
    0x08000b24   0x08000b24   0x0000027c   Code   RO          373    .text               bsp_periph.o
    0x08000da0   0x08000da0   0x00000018   Code   RO          394    .text               cstartup.o
    0x08000db8   0x08000db8   0x0000013c   Code   RO          423    .text               stm32f4_discovery.o
    0x08000ef4   0x08000ef4   0x000001bc   Code   RO          446    .text               cpu_core.o
    0x080010b0   0x080010b0   0x00000034   Code   RO          467    .text               cpu_a.o
    0x080010e4   0x080010e4   0x00000394   Code   RO          470    .text               cpu_c.o
    0x08001478   0x08001478   0x0000015a   Code   RO          482    .text               lib_ascii.o
    0x080015d2   0x080015d2   0x00000002   PAD
    0x080015d4   0x080015d4   0x00000050   Code   RO          498    .text               lib_math.o
    0x08001624   0x08001624   0x0000094c   Code   RO          517    .text               lib_mem.o
    0x08001f70   0x08001f70   0x000005a8   Code   RO          536    .text               lib_str.o
    0x08002518   0x08002518   0x00000220   Code   RO          554    .text               lib_mem_a.o
    0x08002738   0x08002738   0x00000954   Code   RO          557    .text               os_core.o
    0x0800308c   0x0800308c   0x00000594   Code   RO          582    .text               os_flag.o
    0x08003620   0x08003620   0x00000350   Code   RO          595    .text               os_mbox.o
    0x08003970   0x08003970   0x00000514   Code   RO          625    .text               os_q.o
    0x08003e84   0x08003e84   0x00000310   Code   RO          637    .text               os_sem.o
    0x08004194   0x08004194   0x000006f4   Code   RO          649    .text               os_task.o
    0x08004888   0x08004888   0x00000160   Code   RO          662    .text               os_time.o
    0x080049e8   0x080049e8   0x000000b0   Code   RO          680    .text               os_cpu_a.o
    0x08004a98   0x08004a98   0x00000100   Code   RO          683    .text               os_cpu_c.o
    0x08004b98   0x08004b98   0x00000002   Code   RO          706    .text               os_dbg.o
    0x08004b9a   0x08004b9a   0x000001e8   Code   RO          731    .text               serial_drv_stm32.o
    0x08004d82   0x08004d82   0x00000002   PAD
    0x08004d84   0x08004d84   0x00000244   Code   RO          750    .text               serial_bsp_stm3240x.o
    0x08004fc8   0x08004fc8   0x0000003c   Code   RO          843    .text               serial_line_dflt.o
    0x08005004   0x08005004   0x00000134   Code   RO          878    .text               serial_line_tty.o
    0x08005138   0x08005138   0x000000e8   Code   RO          897    .text               serial_os.o
    0x08005220   0x08005220   0x00000e58   Code   RO          912    .text               serial.o
    0x08006078   0x08006078   0x0000017c   Code   RO          937    .text               serial_buf.o
    0x080061f4   0x080061f4   0x000000b0   Code   RO          965    .text               misc.o
    0x080062a4   0x080062a4   0x00000354   Code   RO          985    .text               stm32f4xx_adc.o
    0x080065f8   0x080065f8   0x00000320   Code   RO         1185    .text               stm32f4xx_dma.o
    0x08006918   0x08006918   0x000000e8   Code   RO         1205    .text               stm32f4xx_exti.o
    0x08006a00   0x08006a00   0x00000390   Code   RO         1225    .text               stm32f4xx_flash.o
    0x08006d90   0x08006d90   0x000001ec   Code   RO         1266    .text               stm32f4xx_gpio.o
    0x08006f7c   0x08006f7c   0x000003d0   Code   RO         1406    .text               stm32f4xx_rcc.o
    0x0800734c   0x0800734c   0x00000078   Code   RO         1509    .text               stm32f4xx_syscfg.o
    0x080073c4   0x080073c4   0x000009dc   Code   RO         1529    .text               stm32f4xx_tim.o
    0x08007da0   0x08007da0   0x00000062   Code   RO         1591    .text               mc_w.l(uldiv.o)
    0x08007e02   0x08007e02   0x000000e4   Code   RO         1621    .text               mf_w.l(dmul.o)
    0x08007ee6   0x08007ee6   0x00000022   Code   RO         1623    .text               mf_w.l(dflti.o)
    0x08007f08   0x08007f08   0x0000001a   Code   RO         1625    .text               mf_w.l(dfltui.o)
    0x08007f22   0x08007f22   0x0000003e   Code   RO         1627    .text               mf_w.l(dfixi.o)
    0x08007f60   0x08007f60   0x0000002c   Code   RO         1646    .text               mc_w.l(uidiv.o)
    0x08007f8c   0x08007f8c   0x0000001e   Code   RO         1648    .text               mc_w.l(llshl.o)
    0x08007faa   0x08007faa   0x00000020   Code   RO         1650    .text               mc_w.l(llushr.o)
    0x08007fca   0x08007fca   0x00000000   Code   RO         1652    .text               mc_w.l(iusefp.o)
    0x08007fca   0x08007fca   0x000000ba   Code   RO         1653    .text               mf_w.l(depilogue.o)
    0x08008084   0x08008084   0x0000014e   Code   RO         1655    .text               mf_w.l(dadd.o)
    0x080081d2   0x080081d2   0x000000de   Code   RO         1657    .text               mf_w.l(ddiv.o)
    0x080082b0   0x080082b0   0x00000030   Code   RO         1659    .text               mf_w.l(dfixul.o)
    0x080082e0   0x080082e0   0x00000030   Code   RO         1661    .text               mf_w.l(cdrcmple.o)
    0x08008310   0x08008310   0x00000024   Code   RO         1663    .text               mc_w.l(init.o)
    0x08008334   0x08008334   0x00000024   Code   RO         1666    .text               mc_w.l(llsshr.o)
    0x08008358   0x08008358   0x00000024   Code   RO         1600    i.__0vsprintf       mc_w.l(printfa.o)
    0x0800837c   0x0800837c   0x0000000e   Code   RO         1671    i.__scatterload_copy  mc_w.l(handlers.o)
    0x0800838a   0x0800838a   0x00000002   Code   RO         1672    i.__scatterload_null  mc_w.l(handlers.o)
    0x0800838c   0x0800838c   0x0000000e   Code   RO         1673    i.__scatterload_zeroinit  mc_w.l(handlers.o)
    0x0800839a   0x0800839a   0x00000002   PAD
    0x0800839c   0x0800839c   0x00000184   Code   RO         1601    i._fp_digits        mc_w.l(printfa.o)
    0x08008520   0x08008520   0x000006dc   Code   RO         1602    i._printf_core      mc_w.l(printfa.o)
    0x08008bfc   0x08008bfc   0x00000024   Code   RO         1603    i._printf_post_padding  mc_w.l(printfa.o)
    0x08008c20   0x08008c20   0x0000002e   Code   RO         1604    i._printf_pre_padding  mc_w.l(printfa.o)
    0x08008c4e   0x08008c4e   0x0000000a   Code   RO         1606    i._sputc            mc_w.l(printfa.o)
    0x08008c58   0x08008c58   0x00000024   Data   RO          424    .constdata          stm32f4_discovery.o
    0x08008c7c   0x08008c7c   0x00000100   Data   RO          448    .constdata          cpu_core.o
    0x08008d7c   0x08008d7c   0x00000094   Data   RO          537    .constdata          lib_str.o
    0x08008e10   0x08008e10   0x00000100   Data   RO          561    .constdata          os_core.o
    0x08008f10   0x08008f10   0x00000028   Data   RO          732    .constdata          serial_drv_stm32.o
    0x08008f38   0x08008f38   0x00000014   Data   RO          753    .constdata          serial_bsp_stm3240x.o
    0x08008f4c   0x08008f4c   0x00000010   Data   RO          844    .constdata          serial_line_dflt.o
    0x08008f5c   0x08008f5c   0x00000010   Data   RO          879    .constdata          serial_line_tty.o
    0x08008f6c   0x08008f6c   0x00000020   Data   RO         1669    Region$$Table       anon$$obj.o


    Execution Region RW_IRAM1 (Exec base: 0x20000000, Load base: 0x08008f8c, Size: 0x00008408, Max: 0x00020000, ABSOLUTE)

    Exec Addr    Load Addr    Size         Type   Attr      Idx    E Section Name        Object

    0x20000000   0x08008f8c   0x00000001   Data   RW          223    .data               app_serial.o
    0x20000001   0x08008f8d   0x00000007   PAD
    0x20000008   0x08008f94   0x00000040   Data   RW          292    .data               app.o
    0x20000048   0x08008fd4   0x00000014   Data   RW          425    .data               stm32f4_discovery.o
    0x2000005c   0x08008fe8   0x00000004   Data   RW          449    .data               cpu_core.o
    0x20000060   0x08008fec   0x00000004   Data   RW          499    .data               lib_math.o
    0x20000064   0x08008ff0   0x00000004   Data   RW          519    .data               lib_mem.o
    0x20000068   0x08008ff4   0x0000003c   Data   RW          562    .data               os_core.o
    0x200000a4   0x08009030   0x00000004   Data   RW          563    .data               os_core.o
    0x200000a8   0x08009034   0x00000004   Data   RW          564    .data               os_core.o
    0x200000ac   0x08009038   0x00000004   Data   RW          685    .data               os_cpu_c.o
    0x200000b0   0x0800903c   0x0000000c   Data   RW          759    .data               serial_bsp_stm3240x.o
    0x200000bc   0x08009048   0x00000018   Data   RW          763    .data               serial_bsp_stm3240x.o
    0x200000d4   0x08009060   0x00000004   Data   RW          880    .data               serial_line_tty.o
    0x200000d8   0x08009064   0x00000004   Data   RW          899    .data               serial_os.o
    0x200000dc   0x08009068   0x00000001   Data   RW          914    .data               serial.o
    0x200000dd   0x08009069   0x00000010   Data   RW         1407    .data               stm32f4xx_rcc.o
    0x200000ed   0x08009079   0x00000003   PAD
    0x200000f0        -       0x00001000   Zero   RW          290    .bss                app.o
    0x200010f0        -       0x00000148   Zero   RW          351    .bss                bsp_int.o
    0x20001238        -       0x00000010   Zero   RW          447    .bss                cpu_core.o
    0x20001248        -       0x00005c48   Zero   RW          518    .bss                lib_mem.o
    0x20006e90        -       0x00000ec0   Zero   RW          558    .bss                os_core.o
    0x20007d50        -       0x00000050   Zero   RW          559    .bss                os_core.o
    0x20007da0        -       0x00000060   Zero   RW          560    .bss                os_core.o
    0x20007e00        -       0x00000200   Zero   RW          684    .bss                os_cpu_c.o
    0x20008000        -       0x00000028   Zero   RW          898    .bss                serial_os.o
    0x20008028        -       0x000001e0   Zero   RW          913    .bss                serial.o
    0x20008208        -       0x00000200   Zero   RW          391    STACK               cstartup.o


==============================================================================

Image component sizes


      Code (inc. data)   RO Data    RW Data    ZI Data      Debug   Object Name

      1292        152          0         64       4096       4851   app.o
        16          0          0          0          0     334500   app_hooks.o
       236         26          0          1          0      14925   app_serial.o
       228         12          0          0          0       2628   bsp.o
       668         10          0          0        328      11702   bsp_int.o
       636        240          0          0          0       1358   bsp_periph.o
        52          0          0          0          0        380   cpu_a.o
       916         72          0          0          0       3489   cpu_c.o
       444         12        256          4         16       6598   cpu_core.o
        24          6        392          0        512        688   cstartup.o
       346          0          0          0          0       4458   lib_ascii.o
        80         10          0          4          0       2450   lib_math.o
      2380         38          0          4      23624      25108   lib_mem.o
       544          0          0          0          0        528   lib_mem_a.o
      1448          6        148          0          0      12648   lib_str.o
       176         12          0          0          0       1989   misc.o
      2388         90        256         68       3952      18975   os_core.o
       176         36          0          0          0        452   os_cpu_a.o
       256         24          0          4        512      11572   os_cpu_c.o
         2          0          0          0          0        558   os_dbg.o
      1428         40          0          0          0       7626   os_flag.o
       848         20          0          0          0       4674   os_mbox.o
      1300         32          0          0          0       6233   os_q.o
       784         20          0          0          0       4410   os_sem.o
      1780         72          0          0          0       8958   os_task.o
       352         28          0          0          0       1958   os_time.o
      3672         30          0          1        480      22119   serial.o
       580         32         20         36          0      14630   serial_bsp_stm3240x.o
       380          0          0          0          0       4816   serial_buf.o
       488          0         40          0          0       4866   serial_drv_stm32.o
        60          0         16          0          0       2086   serial_line_dflt.o
       308          8         16          4          0       3435   serial_line_tty.o
       232         10          0          4         40       2951   serial_os.o
       316          8         36         20          0       3056   stm32f4_discovery.o
       852         20          0          0          0      10814   stm32f4xx_adc.o
       800         32          0          0          0       6913   stm32f4xx_dma.o
       232          8          0          0          0       2495   stm32f4xx_exti.o
       912         20          0          0          0       7399   stm32f4xx_flash.o
       492         36          0          0          0       4293   stm32f4xx_gpio.o
       976         36          0         16          0      11467   stm32f4xx_rcc.o
       120         18          0          0          0       1671   stm32f4xx_syscfg.o
      2524         52          0          0          0      23946   stm32f4xx_tim.o

    ----------------------------------------------------------------------
     31748       1268       1212        240      33560     620673   Object Totals
         0          0         32          0          0          0   (incl. Generated)
         4          0          0         10          0          0   (incl. Padding)

    ----------------------------------------------------------------------

      Code (inc. data)   RO Data    RW Data    ZI Data      Debug   Library Member Name

         0          0          0          0          0          0   entry.o
         0          0          0          0          0          0   entry10a.o
         0          0          0          0          0          0   entry11a.o
         8          4          0          0          0          0   entry2.o
         4          0          0          0          0          0   entry5.o
         0          0          0          0          0          0   entry7b.o
         0          0          0          0          0          0   entry8b.o
         8          4          0          0          0          0   entry9a.o
        30          0          0          0          0          0   handlers.o
        36          8          0          0          0         68   init.o
         0          0          0          0          0          0   iusefp.o
        30          0          0          0          0         68   llshl.o
        36          0          0          0          0         68   llsshr.o
        32          0          0          0          0         68   llushr.o
      2272         86          0          0          0        516   printfa.o
        44          0          0          0          0         80   uidiv.o
        98          0          0          0          0         92   uldiv.o
        48          0          0          0          0         68   cdrcmple.o
       334          0          0          0          0        148   dadd.o
       222          0          0          0          0        100   ddiv.o
       186          0          0          0          0        176   depilogue.o
        62          0          0          0          0         80   dfixi.o
        48          0          0          0          0         68   dfixul.o
        34          0          0          0          0         76   dflti.o
        26          0          0          0          0         76   dfltui.o
       228          0          0          0          0         96   dmul.o

    ----------------------------------------------------------------------
      3788        102          0          0          0       1848   Library Totals
         2          0          0          0          0          0   (incl. Padding)

    ----------------------------------------------------------------------

      Code (inc. data)   RO Data    RW Data    ZI Data      Debug   Library Name

      2598        102          0          0          0        960   mc_w.l
      1188          0          0          0          0        888   mf_w.l

    ----------------------------------------------------------------------
      3788        102          0          0          0       1848   Library Totals

    ----------------------------------------------------------------------

==============================================================================


      Code (inc. data)   RO Data    RW Data    ZI Data      Debug   

     35536       1370       1212        240      33560     616901   Grand Totals
     35536       1370       1212        240      33560     616901   ELF Image Totals
     35536       1370       1212        240          0          0   ROM Totals

==============================================================================

    Total RO  Size (Code + RO Data)                36748 (  35.89kB)
    Total RW  Size (RW Data + ZI Data)             33800 (  33.01kB)
    Total ROM Size (Code + RO Data + RW Data)      36988 (  36.12kB)

==============================================================================

