<html>
<body>
<pre>
<h1>µVision Build Log</h1>
<h2>Tool Versions:</h2>
IDE-Version: µVision V5.24.2.0
Copyright (C) 2017 ARM Ltd and ARM Germany GmbH. All rights reserved.
License Information: Syed Ahmed student Flex license: MDK-ARM Professional (mdk_pro) Borrow: 3 Dec 2017
 
Tool Versions:
Toolchain:       MDK-ARM Professional  Version: 5.24.1
Toolchain Path:  C:\Keil_v5\ARM\ARMCC\Bin
C Compiler:      Armcc.exe V5.06 update 5 (build 528)
Assembler:       Armasm.exe V5.06 update 5 (build 528)
Linker/Locator:  ArmLink.exe V5.06 update 5 (build 528)
Library Manager: ArmAr.exe V5.06 update 5 (build 528)
Hex Converter:   FromElf.exe V5.06 update 5 (build 528)
CPU DLL:         SARMCM3.DLL V5.24.1
Dialog DLL:      DCM.DLL V1.16.0.0
Target DLL:      STLink\ST-LINKIII-KEIL_SWO.dll V3.0.1.0
Dialog DLL:      TCM.DLL V1.32.0.0
 
<h2>Project:</h2>
C:\Users\SAHME105\Desktop\ece5542\Software\EvalBoards\ST\STM32F4-Discovery\uCOS-II\KeilMDK\uCOS-II.uvproj
Project File Date:  11/18/2017

<h2>Output:</h2>
*** Using Compiler 'V5.06 update 5 (build 528)', folder: 'C:\Keil_v5\ARM\ARMCC\Bin'
Rebuild target 'FLASH'
compiling app_serial.c...
compiling app_hooks.c...
compiling app.c...
..\..\..\..\..\..\app.c(206): warning:  #177-D: variable "msg"  was declared but never referenced
  	void *msg;
..\..\..\..\..\..\app.c(207): warning:  #177-D: variable "pwm_value"  was declared but never referenced
  	INT16U pwm_value = 1000;
..\..\..\..\..\..\app.c(208): warning:  #177-D: variable "semaVal1"  was declared but never referenced
  	INT16U semaVal1;
..\..\..\..\..\..\app.c(209): warning:  #177-D: variable "errSem"  was declared but never referenced
  	INT8U errSem;
..\..\..\..\..\..\app.c(210): warning:  #177-D: variable "ledStat"  was declared but never referenced
  	INT16U ledStat;
..\..\..\..\..\..\app.c(211): warning:  #177-D: variable "snum"  was declared but never referenced
  	char snum[5];
..\..\..\..\..\..\app.c(317): warning:  #177-D: variable "msg"  was declared but never referenced
  	void* msg;
..\..\..\..\..\..\app.c(355): warning:  #767-D: conversion from pointer to smaller integer
  			CCR1_Val = 33 * (INT16S)msg ;
..\..\..\..\..\..\app.c(447): warning:  #767-D: conversion from pointer to smaller integer
  			current_position = (INT16U)msg; 								
..\..\..\..\..\..\app.c(67): warning:  #177-D: variable "pidControlTaskStk"  was declared but never referenced
  static  OS_STK          pidControlTaskStk[APP_CFG_TASK_START_STK_SIZE];
..\..\..\..\..\..\app.c(70): warning:  #177-D: variable "UpdateRatesStk"  was declared but never referenced
  static	OS_STK					UpdateRatesStk[APP_CFG_TASK_START_STK_SIZE];
..\..\..\..\..\..\app.c(113): warning:  #177-D: function "pidControlTask"  was declared but never referenced
  static  void  pidControlTask              (void        *p_arg);
..\..\..\..\..\..\app.c(114): warning:  #177-D: function "inputTask"  was declared but never referenced
  static	void	inputTask								(void				*p_arg);
..\..\..\..\..\..\app.c(116): warning:  #177-D: function "TM_TIMER_Init"  was declared but never referenced
  static	void	TM_TIMER_Init(void);
..\..\..\..\..\..\app.c: 14 warnings, 0 errors
compiling bsp.c...
compiling bsp_periph.c...
compiling bsp_int.c...
assembling cstartup.s...
compiling cpu_core.c...
assembling cpu_a.asm...
compiling stm32f4_discovery.c...
compiling bsp_os.c...
compiling cpu_c.c...
compiling lib_ascii.c...
compiling lib_math.c...
assembling lib_mem_a.asm...
compiling lib_mem.c...
compiling lib_str.c...
compiling os_flag.c...
compiling os_core.c...
compiling os_mbox.c...
compiling os_mem.c...
compiling os_mutex.c...
compiling os_q.c...
compiling os_sem.c...
compiling os_time.c...
compiling os_task.c...
assembling os_cpu_a.asm...
compiling os_tmr.c...
compiling os_cpu_c.c...
compiling os_dbg.c...
compiling serial_drv_stm32.c...
compiling serial_line_dflt.c...
compiling serial_line_probe.c...
compiling serial_bsp_stm3240x.c...
..\..\..\..\..\uC-Serial\Driver\ST\STM3240x\serial_bsp_stm3240x.c(692): warning:  #1-D: last line of file ends without a newline
  }
..\..\..\..\..\uC-Serial\Driver\ST\STM3240x\serial_bsp_stm3240x.c: 1 warning, 0 errors
compiling serial_line_tty.c...
compiling serial_os.c...
compiling serial_buf.c...
compiling serial.c...
compiling misc.c...
compiling stm32f4xx_adc.c...
compiling stm32f4xx_can.c...
compiling stm32f4xx_crc.c...
compiling stm32f4xx_cryp.c...
compiling stm32f4xx_cryp_aes.c...
compiling stm32f4xx_cryp_des.c...
compiling stm32f4xx_cryp_tdes.c...
compiling stm32f4xx_dac.c...
compiling stm32f4xx_dbgmcu.c...
compiling stm32f4xx_dcmi.c...
compiling stm32f4xx_dma.c...
compiling stm32f4xx_exti.c...
compiling stm32f4xx_flash.c...
compiling stm32f4xx_fsmc.c...
compiling stm32f4xx_gpio.c...
compiling stm32f4xx_hash.c...
compiling stm32f4xx_hash_md5.c...
compiling stm32f4xx_hash_sha1.c...
compiling stm32f4xx_i2c.c...
compiling stm32f4xx_iwdg.c...
compiling stm32f4xx_pwr.c...
compiling stm32f4xx_rng.c...
compiling stm32f4xx_rcc.c...
compiling stm32f4xx_rtc.c...
compiling stm32f4xx_sdio.c...
compiling stm32f4xx_spi.c...
compiling stm32f4xx_syscfg.c...
compiling stm32f4xx_usart.c...
compiling stm32f4xx_tim.c...
compiling stm32f4xx_wwdg.c...
linking...
Program Size: Code=35536 RO-data=1212 RW-data=240 ZI-data=33560  
".\Output\uCOS-II.axf" - 0 Error(s), 15 Warning(s).
Build Time Elapsed:  00:00:30
</pre>
</body>
</html>
