<!doctype html public "-//w3c//dtd html 4.0 transitional//en">
<html><head>
<title>Static Call Graph - [.\Output\uCOS-II.axf]</title></head>
<body><HR>
<H1>Static Call Graph for image .\Output\uCOS-II.axf</H1><HR>
<BR><P>#&#060CALLGRAPH&#062# ARM Linker, 5060528: Last Updated: Thu Nov 23 00:17:18 2017
<BR><P>
<H3>Maximum Stack Usage =        308 bytes + Unknown(Functions without stacksize, Cycles, Untraceable Function Pointers)</H3><H3>
Call chain for Maximum Stack Depth:</H3>
sensorDistance_task &rArr; App_SerPrintf &rArr; Serial_Wr &rArr; Serial_WrEnd &rArr; Serial_WrNext &rArr; Mem_PoolBlkFree &rArr; Mem_PoolBlkIsValidAddr
<P>
<H3>
Functions with no stack information
</H3><UL>
 <LI><a href="#[d9]">CPU_IntDis</a>
 <LI><a href="#[209]">CPU_IntEn</a>
 <LI><a href="#[dd]">CPU_SR_Save</a>
 <LI><a href="#[de]">CPU_SR_Restore</a>
 <LI><a href="#[20a]">CPU_WaitForInt</a>
 <LI><a href="#[20b]">CPU_WaitForExcept</a>
 <LI><a href="#[f6]">CPU_CntLeadZeros</a>
 <LI><a href="#[fa]">CPU_CntTrailZeros</a>
 <LI><a href="#[100]">CPU_RevBits</a>
 <LI><a href="#[109]">Mem_Copy</a>
 <LI><a href="#[134]">OS_CPU_SR_Save</a>
 <LI><a href="#[136]">OS_CPU_SR_Restore</a>
 <LI><a href="#[151]">OSStartHighRdy</a>
 <LI><a href="#[13a]">OSCtxSw</a>
 <LI><a href="#[14e]">OSIntCtxSw</a>
 <LI><a href="#[7]">OS_CPU_PendSVHandler</a>
</UL>
</UL>
<P>
<H3>
Mutually Recursive functions
</H3> <LI><a href="#[1]">App_NMI_ISR</a>&nbsp;&nbsp;&nbsp;&rArr;&nbsp;&nbsp;&nbsp;<a href="#[1]">App_NMI_ISR</a><BR>
 <LI><a href="#[2]">App_Fault_ISR</a>&nbsp;&nbsp;&nbsp;&rArr;&nbsp;&nbsp;&nbsp;<a href="#[2]">App_Fault_ISR</a><BR>
 <LI><a href="#[3]">App_MemFault_ISR</a>&nbsp;&nbsp;&nbsp;&rArr;&nbsp;&nbsp;&nbsp;<a href="#[3]">App_MemFault_ISR</a><BR>
 <LI><a href="#[4]">App_BusFault_ISR</a>&nbsp;&nbsp;&nbsp;&rArr;&nbsp;&nbsp;&nbsp;<a href="#[4]">App_BusFault_ISR</a><BR>
 <LI><a href="#[5]">App_UsageFault_ISR</a>&nbsp;&nbsp;&nbsp;&rArr;&nbsp;&nbsp;&nbsp;<a href="#[5]">App_UsageFault_ISR</a><BR>
 <LI><a href="#[6]">App_Spurious_ISR</a>&nbsp;&nbsp;&nbsp;&rArr;&nbsp;&nbsp;&nbsp;<a href="#[6]">App_Spurious_ISR</a><BR>
 <LI><a href="#[ee]">CPU_SW_Exception</a>&nbsp;&nbsp;&nbsp;&rArr;&nbsp;&nbsp;&nbsp;<a href="#[ee]">CPU_SW_Exception</a><BR>
</UL>
<P>
<H3>
Function Pointers
</H3><UL>
 <LI><a href="#[5f]">AppTaskStart</a> from app.o(.text) referenced from app.o(.text)
 <LI><a href="#[4]">App_BusFault_ISR</a> from cstartup.o(.text) referenced from cstartup.o(RESET)
 <LI><a href="#[2]">App_Fault_ISR</a> from cstartup.o(.text) referenced from cstartup.o(RESET)
 <LI><a href="#[3]">App_MemFault_ISR</a> from cstartup.o(.text) referenced from cstartup.o(RESET)
 <LI><a href="#[1]">App_NMI_ISR</a> from cstartup.o(.text) referenced from cstartup.o(RESET)
 <LI><a href="#[6]">App_Spurious_ISR</a> from cstartup.o(.text) referenced 7 times from cstartup.o(RESET)
 <LI><a href="#[5]">App_UsageFault_ISR</a> from cstartup.o(.text) referenced from cstartup.o(RESET)
 <LI><a href="#[1b]">BSP_IntHandlerADC</a> from bsp_int.o(.text) referenced from cstartup.o(RESET)
 <LI><a href="#[1d]">BSP_IntHandlerCAN1_RX0</a> from bsp_int.o(.text) referenced from cstartup.o(RESET)
 <LI><a href="#[1e]">BSP_IntHandlerCAN1_RX1</a> from bsp_int.o(.text) referenced from cstartup.o(RESET)
 <LI><a href="#[1f]">BSP_IntHandlerCAN1_SCE</a> from bsp_int.o(.text) referenced from cstartup.o(RESET)
 <LI><a href="#[1c]">BSP_IntHandlerCAN1_TX</a> from bsp_int.o(.text) referenced from cstartup.o(RESET)
 <LI><a href="#[49]">BSP_IntHandlerCAN2_RX0</a> from bsp_int.o(.text) referenced from cstartup.o(RESET)
 <LI><a href="#[4a]">BSP_IntHandlerCAN2_RX1</a> from bsp_int.o(.text) referenced from cstartup.o(RESET)
 <LI><a href="#[4b]">BSP_IntHandlerCAN2_SCE</a> from bsp_int.o(.text) referenced from cstartup.o(RESET)
 <LI><a href="#[48]">BSP_IntHandlerCAN2_TX</a> from bsp_int.o(.text) referenced from cstartup.o(RESET)
 <LI><a href="#[58]">BSP_IntHandlerCRYP</a> from bsp_int.o(.text) referenced from cstartup.o(RESET)
 <LI><a href="#[57]">BSP_IntHandlerDCMI</a> from bsp_int.o(.text) referenced from cstartup.o(RESET)
 <LI><a href="#[14]">BSP_IntHandlerDMA1_CH0</a> from bsp_int.o(.text) referenced from cstartup.o(RESET)
 <LI><a href="#[15]">BSP_IntHandlerDMA1_CH1</a> from bsp_int.o(.text) referenced from cstartup.o(RESET)
 <LI><a href="#[16]">BSP_IntHandlerDMA1_CH2</a> from bsp_int.o(.text) referenced from cstartup.o(RESET)
 <LI><a href="#[17]">BSP_IntHandlerDMA1_CH3</a> from bsp_int.o(.text) referenced from cstartup.o(RESET)
 <LI><a href="#[18]">BSP_IntHandlerDMA1_CH4</a> from bsp_int.o(.text) referenced from cstartup.o(RESET)
 <LI><a href="#[19]">BSP_IntHandlerDMA1_CH5</a> from bsp_int.o(.text) referenced from cstartup.o(RESET)
 <LI><a href="#[1a]">BSP_IntHandlerDMA1_CH6</a> from bsp_int.o(.text) referenced from cstartup.o(RESET)
 <LI><a href="#[38]">BSP_IntHandlerDMA1_STREAM7</a> from bsp_int.o(.text) referenced from cstartup.o(RESET)
 <LI><a href="#[41]">BSP_IntHandlerDMA2_CH0</a> from bsp_int.o(.text) referenced from cstartup.o(RESET)
 <LI><a href="#[42]">BSP_IntHandlerDMA2_CH1</a> from bsp_int.o(.text) referenced from cstartup.o(RESET)
 <LI><a href="#[43]">BSP_IntHandlerDMA2_CH2</a> from bsp_int.o(.text) referenced from cstartup.o(RESET)
 <LI><a href="#[44]">BSP_IntHandlerDMA2_CH3</a> from bsp_int.o(.text) referenced from cstartup.o(RESET)
 <LI><a href="#[45]">BSP_IntHandlerDMA2_CH4</a> from bsp_int.o(.text) referenced from cstartup.o(RESET)
 <LI><a href="#[4d]">BSP_IntHandlerDMA2_CH5</a> from bsp_int.o(.text) referenced from cstartup.o(RESET)
 <LI><a href="#[4e]">BSP_IntHandlerDMA2_CH6</a> from bsp_int.o(.text) referenced from cstartup.o(RESET)
 <LI><a href="#[4f]">BSP_IntHandlerDMA2_CH7</a> from bsp_int.o(.text) referenced from cstartup.o(RESET)
 <LI><a href="#[60]">BSP_IntHandlerDummy</a> from bsp_int.o(.text) referenced from bsp_int.o(.text)
 <LI><a href="#[46]">BSP_IntHandlerETH</a> from bsp_int.o(.text) referenced from cstartup.o(RESET)
 <LI><a href="#[47]">BSP_IntHandlerETHWakeup</a> from bsp_int.o(.text) referenced from cstartup.o(RESET)
 <LI><a href="#[f]">BSP_IntHandlerEXTI0</a> from bsp_int.o(.text) referenced from cstartup.o(RESET)
 <LI><a href="#[10]">BSP_IntHandlerEXTI1</a> from bsp_int.o(.text) referenced from cstartup.o(RESET)
 <LI><a href="#[31]">BSP_IntHandlerEXTI15_10</a> from bsp_int.o(.text) referenced from cstartup.o(RESET)
 <LI><a href="#[11]">BSP_IntHandlerEXTI2</a> from bsp_int.o(.text) referenced from cstartup.o(RESET)
 <LI><a href="#[12]">BSP_IntHandlerEXTI3</a> from bsp_int.o(.text) referenced from cstartup.o(RESET)
 <LI><a href="#[13]">BSP_IntHandlerEXTI4</a> from bsp_int.o(.text) referenced from cstartup.o(RESET)
 <LI><a href="#[20]">BSP_IntHandlerEXTI9_5</a> from bsp_int.o(.text) referenced from cstartup.o(RESET)
 <LI><a href="#[d]">BSP_IntHandlerFLASH</a> from bsp_int.o(.text) referenced from cstartup.o(RESET)
 <LI><a href="#[5a]">BSP_IntHandlerFPU</a> from bsp_int.o(.text) referenced from cstartup.o(RESET)
 <LI><a href="#[39]">BSP_IntHandlerFSMC</a> from bsp_int.o(.text) referenced from cstartup.o(RESET)
 <LI><a href="#[59]">BSP_IntHandlerHASH_RNG</a> from bsp_int.o(.text) referenced from cstartup.o(RESET)
 <LI><a href="#[29]">BSP_IntHandlerI2C1_ER</a> from bsp_int.o(.text) referenced from cstartup.o(RESET)
 <LI><a href="#[28]">BSP_IntHandlerI2C1_EV</a> from bsp_int.o(.text) referenced from cstartup.o(RESET)
 <LI><a href="#[2b]">BSP_IntHandlerI2C2_ER</a> from bsp_int.o(.text) referenced from cstartup.o(RESET)
 <LI><a href="#[2a]">BSP_IntHandlerI2C2_EV</a> from bsp_int.o(.text) referenced from cstartup.o(RESET)
 <LI><a href="#[52]">BSP_IntHandlerI2C3_ER</a> from bsp_int.o(.text) referenced from cstartup.o(RESET)
 <LI><a href="#[51]">BSP_IntHandlerI2C3_EV</a> from bsp_int.o(.text) referenced from cstartup.o(RESET)
 <LI><a href="#[4c]">BSP_IntHandlerOTG_FS</a> from bsp_int.o(.text) referenced from cstartup.o(RESET)
 <LI><a href="#[33]">BSP_IntHandlerOTG_FS_WKUP</a> from bsp_int.o(.text) referenced from cstartup.o(RESET)
 <LI><a href="#[56]">BSP_IntHandlerOTG_HS</a> from bsp_int.o(.text) referenced from cstartup.o(RESET)
 <LI><a href="#[54]">BSP_IntHandlerOTG_HS_EP1_IN</a> from bsp_int.o(.text) referenced from cstartup.o(RESET)
 <LI><a href="#[53]">BSP_IntHandlerOTG_HS_EP1_OUT</a> from bsp_int.o(.text) referenced from cstartup.o(RESET)
 <LI><a href="#[55]">BSP_IntHandlerOTG_HS_WKUP</a> from bsp_int.o(.text) referenced from cstartup.o(RESET)
 <LI><a href="#[a]">BSP_IntHandlerPVD</a> from bsp_int.o(.text) referenced from cstartup.o(RESET)
 <LI><a href="#[e]">BSP_IntHandlerRCC</a> from bsp_int.o(.text) referenced from cstartup.o(RESET)
 <LI><a href="#[32]">BSP_IntHandlerRTCAlarm</a> from bsp_int.o(.text) referenced from cstartup.o(RESET)
 <LI><a href="#[c]">BSP_IntHandlerRTC_WKUP</a> from bsp_int.o(.text) referenced from cstartup.o(RESET)
 <LI><a href="#[3a]">BSP_IntHandlerSDIO</a> from bsp_int.o(.text) referenced from cstartup.o(RESET)
 <LI><a href="#[2c]">BSP_IntHandlerSPI1</a> from bsp_int.o(.text) referenced from cstartup.o(RESET)
 <LI><a href="#[2d]">BSP_IntHandlerSPI2</a> from bsp_int.o(.text) referenced from cstartup.o(RESET)
 <LI><a href="#[3c]">BSP_IntHandlerSPI3</a> from bsp_int.o(.text) referenced from cstartup.o(RESET)
 <LI><a href="#[b]">BSP_IntHandlerTAMP_STAMP</a> from bsp_int.o(.text) referenced from cstartup.o(RESET)
 <LI><a href="#[21]">BSP_IntHandlerTIM1_BRK_TIM9</a> from bsp_int.o(.text) referenced from cstartup.o(RESET)
 <LI><a href="#[24]">BSP_IntHandlerTIM1_CC</a> from bsp_int.o(.text) referenced from cstartup.o(RESET)
 <LI><a href="#[23]">BSP_IntHandlerTIM1_TRG_COM_TIM11</a> from bsp_int.o(.text) referenced from cstartup.o(RESET)
 <LI><a href="#[22]">BSP_IntHandlerTIM1_UP_TIM10</a> from bsp_int.o(.text) referenced from cstartup.o(RESET)
 <LI><a href="#[25]">BSP_IntHandlerTIM2</a> from bsp_int.o(.text) referenced from cstartup.o(RESET)
 <LI><a href="#[26]">BSP_IntHandlerTIM3</a> from bsp_int.o(.text) referenced from cstartup.o(RESET)
 <LI><a href="#[27]">BSP_IntHandlerTIM4</a> from bsp_int.o(.text) referenced from cstartup.o(RESET)
 <LI><a href="#[3b]">BSP_IntHandlerTIM5</a> from bsp_int.o(.text) referenced from cstartup.o(RESET)
 <LI><a href="#[3f]">BSP_IntHandlerTIM6_DAC</a> from bsp_int.o(.text) referenced from cstartup.o(RESET)
 <LI><a href="#[40]">BSP_IntHandlerTIM7</a> from bsp_int.o(.text) referenced from cstartup.o(RESET)
 <LI><a href="#[34]">BSP_IntHandlerTIM8_BRK_TIM12</a> from bsp_int.o(.text) referenced from cstartup.o(RESET)
 <LI><a href="#[37]">BSP_IntHandlerTIM8_CC</a> from bsp_int.o(.text) referenced from cstartup.o(RESET)
 <LI><a href="#[36]">BSP_IntHandlerTIM8_TRG_COM_TIM14</a> from bsp_int.o(.text) referenced from cstartup.o(RESET)
 <LI><a href="#[35]">BSP_IntHandlerTIM8_UP_TIM13</a> from bsp_int.o(.text) referenced from cstartup.o(RESET)
 <LI><a href="#[2e]">BSP_IntHandlerUSART1</a> from bsp_int.o(.text) referenced from cstartup.o(RESET)
 <LI><a href="#[2f]">BSP_IntHandlerUSART2</a> from bsp_int.o(.text) referenced from cstartup.o(RESET)
 <LI><a href="#[30]">BSP_IntHandlerUSART3</a> from bsp_int.o(.text) referenced from cstartup.o(RESET)
 <LI><a href="#[3d]">BSP_IntHandlerUSART4</a> from bsp_int.o(.text) referenced from cstartup.o(RESET)
 <LI><a href="#[3e]">BSP_IntHandlerUSART5</a> from bsp_int.o(.text) referenced from cstartup.o(RESET)
 <LI><a href="#[50]">BSP_IntHandlerUSART6</a> from bsp_int.o(.text) referenced from cstartup.o(RESET)
 <LI><a href="#[9]">BSP_IntHandlerWWDG</a> from bsp_int.o(.text) referenced from cstartup.o(RESET)
 <LI><a href="#[62]">OSTaskSwHook</a> from os_cpu_c.o(.text) referenced from os_cpu_a.o(.text)
 <LI><a href="#[7]">OS_CPU_PendSVHandler</a> from os_cpu_a.o(.text) referenced from cstartup.o(RESET)
 <LI><a href="#[8]">OS_CPU_SysTickHandler</a> from os_cpu_c.o(.text) referenced from cstartup.o(RESET)
 <LI><a href="#[144]">OS_TaskIdle</a> from os_core.o(.text) referenced from os_core.o(.text)
 <LI><a href="#[63]">OS_TaskReturn</a> from os_task.o(.text) referenced from os_cpu_c.o(.text)
 <LI><a href="#[140]">OS_TaskStat</a> from os_core.o(.text) referenced from os_core.o(.text)
 <LI><a href="#[0]">Reset_Handler</a> from cstartup.o(.text) referenced from cstartup.o(RESET)
 <LI><a href="#[64]">SerialBSP_STM32_USART1_IntHandler</a> from serial_bsp_stm3240x.o(.text) referenced from serial_bsp_stm3240x.o(.text)
 <LI><a href="#[65]">SerialBSP_STM32_USART2_IntHandler</a> from serial_bsp_stm3240x.o(.text) referenced from serial_bsp_stm3240x.o(.text)
 <LI><a href="#[79]">SerialBSP_STM32_USART3_CfgGPIO</a> from serial_bsp_stm3240x.o(.text) referenced from serial_bsp_stm3240x.o(.constdata)
 <LI><a href="#[7a]">SerialBSP_STM32_USART3_CfgInt</a> from serial_bsp_stm3240x.o(.text) referenced from serial_bsp_stm3240x.o(.constdata)
 <LI><a href="#[78]">SerialBSP_STM32_USART3_ClkDis</a> from serial_bsp_stm3240x.o(.text) referenced from serial_bsp_stm3240x.o(.constdata)
 <LI><a href="#[77]">SerialBSP_STM32_USART3_ClkEn</a> from serial_bsp_stm3240x.o(.text) referenced from serial_bsp_stm3240x.o(.constdata)
 <LI><a href="#[7b]">SerialBSP_STM32_USART3_ClkFreqGet</a> from serial_bsp_stm3240x.o(.text) referenced from serial_bsp_stm3240x.o(.constdata)
 <LI><a href="#[66]">SerialBSP_STM32_USART3_IntHandler</a> from serial_bsp_stm3240x.o(.text) referenced from serial_bsp_stm3240x.o(.text)
 <LI><a href="#[67]">SerialBSP_STM32_USART4_IntHandler</a> from serial_bsp_stm3240x.o(.text) referenced from serial_bsp_stm3240x.o(.text)
 <LI><a href="#[68]">SerialBSP_STM32_USART5_IntHandler</a> from serial_bsp_stm3240x.o(.text) referenced from serial_bsp_stm3240x.o(.text)
 <LI><a href="#[69]">SerialBSP_STM32_USART6_IntHandler</a> from serial_bsp_stm3240x.o(.text) referenced from serial_bsp_stm3240x.o(.text)
 <LI><a href="#[6f]">SerialDrv_Close</a> from serial_drv_stm32.o(.text) referenced from serial_drv_stm32.o(.constdata)
 <LI><a href="#[76]">SerialDrv_ISR_Handler</a> from serial_drv_stm32.o(.text) referenced from serial_drv_stm32.o(.constdata)
 <LI><a href="#[6d]">SerialDrv_Init</a> from serial_drv_stm32.o(.text) referenced from serial_drv_stm32.o(.constdata)
 <LI><a href="#[6e]">SerialDrv_Open</a> from serial_drv_stm32.o(.text) referenced from serial_drv_stm32.o(.constdata)
 <LI><a href="#[72]">SerialDrv_RxOctet</a> from serial_drv_stm32.o(.text) referenced from serial_drv_stm32.o(.constdata)
 <LI><a href="#[70]">SerialDrv_RxStart</a> from serial_drv_stm32.o(.text) referenced from serial_drv_stm32.o(.constdata)
 <LI><a href="#[71]">SerialDrv_RxStop</a> from serial_drv_stm32.o(.text) referenced from serial_drv_stm32.o(.constdata)
 <LI><a href="#[75]">SerialDrv_TxOctet</a> from serial_drv_stm32.o(.text) referenced from serial_drv_stm32.o(.constdata)
 <LI><a href="#[73]">SerialDrv_TxStart</a> from serial_drv_stm32.o(.text) referenced from serial_drv_stm32.o(.constdata)
 <LI><a href="#[74]">SerialDrv_TxStop</a> from serial_drv_stm32.o(.text) referenced from serial_drv_stm32.o(.constdata)
 <LI><a href="#[7d]">SerialLine_Close</a> from serial_line_dflt.o(.text) referenced 2 times from serial_line_dflt.o(.constdata)
 <LI><a href="#[7c]">SerialLine_Open</a> from serial_line_dflt.o(.text) referenced 2 times from serial_line_dflt.o(.constdata)
 <LI><a href="#[7e]">SerialLine_RdOctet</a> from serial_line_dflt.o(.text) referenced 2 times from serial_line_dflt.o(.constdata)
 <LI><a href="#[7f]">SerialLine_WrOctet</a> from serial_line_dflt.o(.text) referenced 2 times from serial_line_dflt.o(.constdata)
 <LI><a href="#[6a]">Serial_RdCallback</a> from serial.o(.text) referenced from serial.o(.text)
 <LI><a href="#[6b]">Serial_WrCallback</a> from serial.o(.text) referenced from serial.o(.text)
 <LI><a href="#[61]">__main</a> from entry.o(.ARM.Collect$$$$00000000) referenced from cstartup.o(.text)
 <LI><a href="#[6c]">_sputc</a> from printfa.o(i._sputc) referenced from printfa.o(i.__0vsprintf)
 <LI><a href="#[5e]">controller_PID</a> from app.o(.text) referenced from app.o(.text)
 <LI><a href="#[5b]">main</a> from app.o(.text) referenced from entry9a.o(.ARM.Collect$$$$0000000B)
 <LI><a href="#[5c]">motorDrive_task</a> from app.o(.text) referenced from app.o(.text)
 <LI><a href="#[5d]">sensorDistance_task</a> from app.o(.text) referenced from app.o(.text)
</UL>
<P>
<H3>
Global Symbols
</H3>
<P><STRONG><a name="[61]"></a>__main</STRONG> (Thumb, 0 bytes, Stack size unknown bytes, entry.o(.ARM.Collect$$$$00000000))
<BR>[Address Reference Count : 1]<UL><LI> cstartup.o(.text)
</UL>
<P><STRONG><a name="[1fd]"></a>_main_stk</STRONG> (Thumb, 0 bytes, Stack size unknown bytes, entry2.o(.ARM.Collect$$$$00000001))

<P><STRONG><a name="[84]"></a>_main_scatterload</STRONG> (Thumb, 0 bytes, Stack size unknown bytes, entry5.o(.ARM.Collect$$$$00000004))
<BR><BR>[Calls]<UL><LI><a href="#[85]">&gt;&gt;</a>&nbsp;&nbsp;&nbsp;__scatterload
</UL>

<P><STRONG><a name="[1f5]"></a>__main_after_scatterload</STRONG> (Thumb, 0 bytes, Stack size unknown bytes, entry5.o(.ARM.Collect$$$$00000004))
<BR><BR>[Called By]<UL><LI><a href="#[85]">&gt;&gt;</a>&nbsp;&nbsp;&nbsp;__scatterload
</UL>

<P><STRONG><a name="[1fe]"></a>_main_clock</STRONG> (Thumb, 0 bytes, Stack size unknown bytes, entry7b.o(.ARM.Collect$$$$00000008))

<P><STRONG><a name="[1ff]"></a>_main_cpp_init</STRONG> (Thumb, 0 bytes, Stack size unknown bytes, entry8b.o(.ARM.Collect$$$$0000000A))

<P><STRONG><a name="[200]"></a>_main_init</STRONG> (Thumb, 0 bytes, Stack size unknown bytes, entry9a.o(.ARM.Collect$$$$0000000B))

<P><STRONG><a name="[201]"></a>__rt_final_cpp</STRONG> (Thumb, 0 bytes, Stack size unknown bytes, entry10a.o(.ARM.Collect$$$$0000000D))

<P><STRONG><a name="[202]"></a>__rt_final_exit</STRONG> (Thumb, 0 bytes, Stack size unknown bytes, entry11a.o(.ARM.Collect$$$$0000000F))

<P><STRONG><a name="[190]"></a>App_TaskCreateHook</STRONG> (Thumb, 2 bytes, Stack size 0 bytes, app_hooks.o(.text))
<BR><BR>[Called By]<UL><LI><a href="#[158]">&gt;&gt;</a>&nbsp;&nbsp;&nbsp;OSTaskCreateHook
</UL>

<P><STRONG><a name="[191]"></a>App_TaskDelHook</STRONG> (Thumb, 2 bytes, Stack size 0 bytes, app_hooks.o(.text))
<BR><BR>[Called By]<UL><LI><a href="#[183]">&gt;&gt;</a>&nbsp;&nbsp;&nbsp;OSTaskDelHook
</UL>

<P><STRONG><a name="[192]"></a>App_TaskIdleHook</STRONG> (Thumb, 2 bytes, Stack size 0 bytes, app_hooks.o(.text))
<BR><BR>[Called By]<UL><LI><a href="#[145]">&gt;&gt;</a>&nbsp;&nbsp;&nbsp;OSTaskIdleHook
</UL>

<P><STRONG><a name="[194]"></a>App_TaskStatHook</STRONG> (Thumb, 2 bytes, Stack size 0 bytes, app_hooks.o(.text))
<BR><BR>[Called By]<UL><LI><a href="#[143]">&gt;&gt;</a>&nbsp;&nbsp;&nbsp;OSTaskStatHook
</UL>

<P><STRONG><a name="[193]"></a>App_TaskReturnHook</STRONG> (Thumb, 2 bytes, Stack size 0 bytes, app_hooks.o(.text))
<BR><BR>[Called By]<UL><LI><a href="#[18c]">&gt;&gt;</a>&nbsp;&nbsp;&nbsp;OSTaskReturnHook
</UL>

<P><STRONG><a name="[195]"></a>App_TaskSwHook</STRONG> (Thumb, 2 bytes, Stack size 0 bytes, app_hooks.o(.text))
<BR><BR>[Called By]<UL><LI><a href="#[62]">&gt;&gt;</a>&nbsp;&nbsp;&nbsp;OSTaskSwHook
</UL>

<P><STRONG><a name="[196]"></a>App_TCBInitHook</STRONG> (Thumb, 2 bytes, Stack size 0 bytes, app_hooks.o(.text))
<BR><BR>[Called By]<UL><LI><a href="#[157]">&gt;&gt;</a>&nbsp;&nbsp;&nbsp;OSTCBInitHook
</UL>

<P><STRONG><a name="[197]"></a>App_TimeTickHook</STRONG> (Thumb, 2 bytes, Stack size 0 bytes, app_hooks.o(.text))
<BR><BR>[Called By]<UL><LI><a href="#[153]">&gt;&gt;</a>&nbsp;&nbsp;&nbsp;OSTimeTickHook
</UL>

<P><STRONG><a name="[86]"></a>App_SerialInit</STRONG> (Thumb, 112 bytes, Stack size 32 bytes, app_serial.o(.text))
<BR><BR>[Stack]<UL><LI>Max Depth = 228 + Unknown Stack Size
<LI>Call Chain = App_SerialInit &rArr; Serial_Wr &rArr; Serial_WrEnd &rArr; Serial_WrNext &rArr; Mem_PoolBlkFree &rArr; Mem_PoolBlkIsValidAddr
</UL>
<BR>[Calls]<UL><LI><a href="#[8b]">&gt;&gt;</a>&nbsp;&nbsp;&nbsp;Serial_Wr
<LI><a href="#[8a]">&gt;&gt;</a>&nbsp;&nbsp;&nbsp;Serial_SetLineDrv
<LI><a href="#[89]">&gt;&gt;</a>&nbsp;&nbsp;&nbsp;Serial_Open
<LI><a href="#[87]">&gt;&gt;</a>&nbsp;&nbsp;&nbsp;Serial_Init
<LI><a href="#[88]">&gt;&gt;</a>&nbsp;&nbsp;&nbsp;Serial_DevDrvAdd
</UL>
<BR>[Called By]<UL><LI><a href="#[5f]">&gt;&gt;</a>&nbsp;&nbsp;&nbsp;AppTaskStart
</UL>

<P><STRONG><a name="[8c]"></a>App_SerPrintf</STRONG> (Thumb, 46 bytes, Stack size 112 bytes, app_serial.o(.text))
<BR><BR>[Stack]<UL><LI>Max Depth = 308 + Unknown Stack Size
<LI>Call Chain = App_SerPrintf &rArr; Serial_Wr &rArr; Serial_WrEnd &rArr; Serial_WrNext &rArr; Mem_PoolBlkFree &rArr; Mem_PoolBlkIsValidAddr
</UL>
<BR>[Calls]<UL><LI><a href="#[8e]">&gt;&gt;</a>&nbsp;&nbsp;&nbsp;Str_Len
<LI><a href="#[8b]">&gt;&gt;</a>&nbsp;&nbsp;&nbsp;Serial_Wr
<LI><a href="#[8d]">&gt;&gt;</a>&nbsp;&nbsp;&nbsp;__c89vsprintf
</UL>
<BR>[Called By]<UL><LI><a href="#[5f]">&gt;&gt;</a>&nbsp;&nbsp;&nbsp;AppTaskStart
<LI><a href="#[5d]">&gt;&gt;</a>&nbsp;&nbsp;&nbsp;sensorDistance_task
</UL>

<P><STRONG><a name="[8f]"></a>App_SerStrRd</STRONG> (Thumb, 22 bytes, Stack size 16 bytes, app_serial.o(.text), UNUSED)
<BR><BR>[Calls]<UL><LI><a href="#[90]">&gt;&gt;</a>&nbsp;&nbsp;&nbsp;Serial_Rd
</UL>

<P><STRONG><a name="[91]"></a>App_SerStrWr</STRONG> (Thumb, 30 bytes, Stack size 16 bytes, app_serial.o(.text), UNUSED)
<BR><BR>[Calls]<UL><LI><a href="#[8e]">&gt;&gt;</a>&nbsp;&nbsp;&nbsp;Str_Len
<LI><a href="#[8b]">&gt;&gt;</a>&nbsp;&nbsp;&nbsp;Serial_Wr
</UL>

<P><STRONG><a name="[5b]"></a>main</STRONG> (Thumb, 336 bytes, Stack size 56 bytes, app.o(.text))
<BR><BR>[Stack]<UL><LI>Max Depth = 204 + Unknown Stack Size
<LI>Call Chain = main &rArr; ADC_Conv &rArr; GPIO_Init
</UL>
<BR>[Calls]<UL><LI><a href="#[ad]">&gt;&gt;</a>&nbsp;&nbsp;&nbsp;RCC_AHB1PeriphClockCmd
<LI><a href="#[bf]">&gt;&gt;</a>&nbsp;&nbsp;&nbsp;OSTaskNameSet
<LI><a href="#[be]">&gt;&gt;</a>&nbsp;&nbsp;&nbsp;OSTaskCreateExt
<LI><a href="#[c0]">&gt;&gt;</a>&nbsp;&nbsp;&nbsp;OSStart
<LI><a href="#[bd]">&gt;&gt;</a>&nbsp;&nbsp;&nbsp;OSMboxCreate
<LI><a href="#[bb]">&gt;&gt;</a>&nbsp;&nbsp;&nbsp;OSInit
<LI><a href="#[bc]">&gt;&gt;</a>&nbsp;&nbsp;&nbsp;OSFlagCreate
<LI><a href="#[b8]">&gt;&gt;</a>&nbsp;&nbsp;&nbsp;GPIO_PinAFConfig
<LI><a href="#[b1]">&gt;&gt;</a>&nbsp;&nbsp;&nbsp;GPIO_Init
<LI><a href="#[ba]">&gt;&gt;</a>&nbsp;&nbsp;&nbsp;BSP_IntDisAll
<LI><a href="#[b9]">&gt;&gt;</a>&nbsp;&nbsp;&nbsp;TM_PWM_Init
<LI><a href="#[ac]">&gt;&gt;</a>&nbsp;&nbsp;&nbsp;ADC_Conv
</UL>
<BR>[Address Reference Count : 1]<UL><LI> entry9a.o(.ARM.Collect$$$$0000000B)
</UL>
<P><STRONG><a name="[a3]"></a>BSP_Init</STRONG> (Thumb, 104 bytes, Stack size 8 bytes, bsp.o(.text))
<BR><BR>[Stack]<UL><LI>Max Depth = 32 + Unknown Stack Size
<LI>Call Chain = BSP_Init &rArr; BSP_IntInit &rArr; BSP_IntVectSet
</UL>
<BR>[Calls]<UL><LI><a href="#[c5]">&gt;&gt;</a>&nbsp;&nbsp;&nbsp;RCC_WaitForHSEStartUp
<LI><a href="#[ce]">&gt;&gt;</a>&nbsp;&nbsp;&nbsp;RCC_SYSCLKConfig
<LI><a href="#[c9]">&gt;&gt;</a>&nbsp;&nbsp;&nbsp;RCC_PLLConfig
<LI><a href="#[ca]">&gt;&gt;</a>&nbsp;&nbsp;&nbsp;RCC_PLLCmd
<LI><a href="#[c7]">&gt;&gt;</a>&nbsp;&nbsp;&nbsp;RCC_PCLK2Config
<LI><a href="#[c8]">&gt;&gt;</a>&nbsp;&nbsp;&nbsp;RCC_PCLK1Config
<LI><a href="#[c4]">&gt;&gt;</a>&nbsp;&nbsp;&nbsp;RCC_HSEConfig
<LI><a href="#[c6]">&gt;&gt;</a>&nbsp;&nbsp;&nbsp;RCC_HCLKConfig
<LI><a href="#[cf]">&gt;&gt;</a>&nbsp;&nbsp;&nbsp;RCC_GetSYSCLKSource
<LI><a href="#[cb]">&gt;&gt;</a>&nbsp;&nbsp;&nbsp;RCC_GetFlagStatus
<LI><a href="#[c3]">&gt;&gt;</a>&nbsp;&nbsp;&nbsp;RCC_DeInit
<LI><a href="#[cc]">&gt;&gt;</a>&nbsp;&nbsp;&nbsp;FLASH_SetLatency
<LI><a href="#[cd]">&gt;&gt;</a>&nbsp;&nbsp;&nbsp;FLASH_PrefetchBufferCmd
<LI><a href="#[c2]">&gt;&gt;</a>&nbsp;&nbsp;&nbsp;BSP_IntInit
</UL>
<BR>[Called By]<UL><LI><a href="#[5f]">&gt;&gt;</a>&nbsp;&nbsp;&nbsp;AppTaskStart
</UL>

<P><STRONG><a name="[d0]"></a>BSP_CPU_ClkFreq</STRONG> (Thumb, 14 bytes, Stack size 24 bytes, bsp.o(.text))
<BR><BR>[Stack]<UL><LI>Max Depth = 40<LI>Call Chain = BSP_CPU_ClkFreq &rArr; RCC_GetClocksFreq
</UL>
<BR>[Calls]<UL><LI><a href="#[d1]">&gt;&gt;</a>&nbsp;&nbsp;&nbsp;RCC_GetClocksFreq
</UL>
<BR>[Called By]<UL><LI><a href="#[e4]">&gt;&gt;</a>&nbsp;&nbsp;&nbsp;BSP_PeriphClkFreqGet
<LI><a href="#[d5]">&gt;&gt;</a>&nbsp;&nbsp;&nbsp;CPU_TS32_to_uSec
<LI><a href="#[d3]">&gt;&gt;</a>&nbsp;&nbsp;&nbsp;CPU_TS_TmrInit
<LI><a href="#[a5]">&gt;&gt;</a>&nbsp;&nbsp;&nbsp;BSP_Tick_Init
</UL>

<P><STRONG><a name="[a5]"></a>BSP_Tick_Init</STRONG> (Thumb, 22 bytes, Stack size 8 bytes, bsp.o(.text))
<BR><BR>[Stack]<UL><LI>Max Depth = 48<LI>Call Chain = BSP_Tick_Init &rArr; BSP_CPU_ClkFreq &rArr; RCC_GetClocksFreq
</UL>
<BR>[Calls]<UL><LI><a href="#[d2]">&gt;&gt;</a>&nbsp;&nbsp;&nbsp;OS_CPU_SysTickInit
<LI><a href="#[d0]">&gt;&gt;</a>&nbsp;&nbsp;&nbsp;BSP_CPU_ClkFreq
</UL>
<BR>[Called By]<UL><LI><a href="#[5f]">&gt;&gt;</a>&nbsp;&nbsp;&nbsp;AppTaskStart
</UL>

<P><STRONG><a name="[d3]"></a>CPU_TS_TmrInit</STRONG> (Thumb, 38 bytes, Stack size 8 bytes, bsp.o(.text))
<BR><BR>[Stack]<UL><LI>Max Depth = 48<LI>Call Chain = CPU_TS_TmrInit &rArr; BSP_CPU_ClkFreq &rArr; RCC_GetClocksFreq
</UL>
<BR>[Calls]<UL><LI><a href="#[d4]">&gt;&gt;</a>&nbsp;&nbsp;&nbsp;CPU_TS_TmrFreqSet
<LI><a href="#[d0]">&gt;&gt;</a>&nbsp;&nbsp;&nbsp;BSP_CPU_ClkFreq
</UL>
<BR>[Called By]<UL><LI><a href="#[a4]">&gt;&gt;</a>&nbsp;&nbsp;&nbsp;CPU_Init
</UL>

<P><STRONG><a name="[f4]"></a>CPU_TS_TmrRd</STRONG> (Thumb, 6 bytes, Stack size 0 bytes, bsp.o(.text), UNUSED)
<BR><BR>[Called By]<UL><LI><a href="#[f3]">&gt;&gt;</a>&nbsp;&nbsp;&nbsp;CPU_TS_Get32
</UL>

<P><STRONG><a name="[d5]"></a>CPU_TS32_to_uSec</STRONG> (Thumb, 32 bytes, Stack size 8 bytes, bsp.o(.text), UNUSED)
<BR><BR>[Calls]<UL><LI><a href="#[d0]">&gt;&gt;</a>&nbsp;&nbsp;&nbsp;BSP_CPU_ClkFreq
<LI><a href="#[d6]">&gt;&gt;</a>&nbsp;&nbsp;&nbsp;__aeabi_uldivmod
</UL>

<P><STRONG><a name="[203]"></a>BSP_IntClr</STRONG> (Thumb, 2 bytes, Stack size 0 bytes, bsp_int.o(.text), UNUSED)

<P><STRONG><a name="[d7]"></a>BSP_IntDis</STRONG> (Thumb, 14 bytes, Stack size 0 bytes, bsp_int.o(.text), UNUSED)
<BR><BR>[Calls]<UL><LI><a href="#[d8]">&gt;&gt;</a>&nbsp;&nbsp;&nbsp;CPU_IntSrcDis
</UL>

<P><STRONG><a name="[ba]"></a>BSP_IntDisAll</STRONG> (Thumb, 4 bytes, Stack size 0 bytes, bsp_int.o(.text))
<BR><BR>[Calls]<UL><LI><a href="#[d9]">&gt;&gt;</a>&nbsp;&nbsp;&nbsp;CPU_IntDis
</UL>
<BR>[Called By]<UL><LI><a href="#[5b]">&gt;&gt;</a>&nbsp;&nbsp;&nbsp;main
</UL>

<P><STRONG><a name="[da]"></a>BSP_IntEn</STRONG> (Thumb, 14 bytes, Stack size 0 bytes, bsp_int.o(.text))
<BR><BR>[Stack]<UL><LI>Max Depth = 16 + Unknown Stack Size
<LI>Call Chain = BSP_IntEn &rArr; CPU_IntSrcEn
</UL>
<BR>[Calls]<UL><LI><a href="#[db]">&gt;&gt;</a>&nbsp;&nbsp;&nbsp;CPU_IntSrcEn
</UL>
<BR>[Called By]<UL><LI><a href="#[1a0]">&gt;&gt;</a>&nbsp;&nbsp;&nbsp;SerialBSP_STM32_USART6_CfgInt
<LI><a href="#[19f]">&gt;&gt;</a>&nbsp;&nbsp;&nbsp;SerialBSP_STM32_USART5_CfgInt
<LI><a href="#[19e]">&gt;&gt;</a>&nbsp;&nbsp;&nbsp;SerialBSP_STM32_USART4_CfgInt
<LI><a href="#[7a]">&gt;&gt;</a>&nbsp;&nbsp;&nbsp;SerialBSP_STM32_USART3_CfgInt
<LI><a href="#[19d]">&gt;&gt;</a>&nbsp;&nbsp;&nbsp;SerialBSP_STM32_USART2_CfgInt
<LI><a href="#[19c]">&gt;&gt;</a>&nbsp;&nbsp;&nbsp;SerialBSP_STM32_USART1_CfgInt
</UL>

<P><STRONG><a name="[dc]"></a>BSP_IntVectSet</STRONG> (Thumb, 30 bytes, Stack size 16 bytes, bsp_int.o(.text))
<BR><BR>[Stack]<UL><LI>Max Depth = 16 + Unknown Stack Size
<LI>Call Chain = BSP_IntVectSet
</UL>
<BR>[Calls]<UL><LI><a href="#[dd]">&gt;&gt;</a>&nbsp;&nbsp;&nbsp;CPU_SR_Save
<LI><a href="#[de]">&gt;&gt;</a>&nbsp;&nbsp;&nbsp;CPU_SR_Restore
</UL>
<BR>[Called By]<UL><LI><a href="#[c2]">&gt;&gt;</a>&nbsp;&nbsp;&nbsp;BSP_IntInit
<LI><a href="#[1a0]">&gt;&gt;</a>&nbsp;&nbsp;&nbsp;SerialBSP_STM32_USART6_CfgInt
<LI><a href="#[19f]">&gt;&gt;</a>&nbsp;&nbsp;&nbsp;SerialBSP_STM32_USART5_CfgInt
<LI><a href="#[19e]">&gt;&gt;</a>&nbsp;&nbsp;&nbsp;SerialBSP_STM32_USART4_CfgInt
<LI><a href="#[7a]">&gt;&gt;</a>&nbsp;&nbsp;&nbsp;SerialBSP_STM32_USART3_CfgInt
<LI><a href="#[19d]">&gt;&gt;</a>&nbsp;&nbsp;&nbsp;SerialBSP_STM32_USART2_CfgInt
<LI><a href="#[19c]">&gt;&gt;</a>&nbsp;&nbsp;&nbsp;SerialBSP_STM32_USART1_CfgInt
</UL>

<P><STRONG><a name="[df]"></a>BSP_IntPrioSet</STRONG> (Thumb, 38 bytes, Stack size 16 bytes, bsp_int.o(.text), UNUSED)
<BR><BR>[Calls]<UL><LI><a href="#[dd]">&gt;&gt;</a>&nbsp;&nbsp;&nbsp;CPU_SR_Save
<LI><a href="#[de]">&gt;&gt;</a>&nbsp;&nbsp;&nbsp;CPU_SR_Restore
<LI><a href="#[e0]">&gt;&gt;</a>&nbsp;&nbsp;&nbsp;CPU_IntSrcPrioSet
</UL>

<P><STRONG><a name="[c2]"></a>BSP_IntInit</STRONG> (Thumb, 20 bytes, Stack size 8 bytes, bsp_int.o(.text))
<BR><BR>[Stack]<UL><LI>Max Depth = 24 + Unknown Stack Size
<LI>Call Chain = BSP_IntInit &rArr; BSP_IntVectSet
</UL>
<BR>[Calls]<UL><LI><a href="#[dc]">&gt;&gt;</a>&nbsp;&nbsp;&nbsp;BSP_IntVectSet
</UL>
<BR>[Called By]<UL><LI><a href="#[a3]">&gt;&gt;</a>&nbsp;&nbsp;&nbsp;BSP_Init
</UL>

<P><STRONG><a name="[9]"></a>BSP_IntHandlerWWDG</STRONG> (Thumb, 6 bytes, Stack size 0 bytes, bsp_int.o(.text))
<BR><BR>[Stack]<UL><LI>Max Depth = 32 + Unknown Stack Size
<LI>Call Chain = BSP_IntHandlerWWDG &rArr; BSP_IntHandler &rArr; OSIntExit
</UL>
<BR>[Calls]<UL><LI><a href="#[e1]">&gt;&gt;</a>&nbsp;&nbsp;&nbsp;BSP_IntHandler
</UL>
<BR>[Address Reference Count : 1]<UL><LI> cstartup.o(RESET)
</UL>
<P><STRONG><a name="[a]"></a>BSP_IntHandlerPVD</STRONG> (Thumb, 6 bytes, Stack size 0 bytes, bsp_int.o(.text))
<BR><BR>[Stack]<UL><LI>Max Depth = 32 + Unknown Stack Size
<LI>Call Chain = BSP_IntHandlerPVD &rArr; BSP_IntHandler &rArr; OSIntExit
</UL>
<BR>[Calls]<UL><LI><a href="#[e1]">&gt;&gt;</a>&nbsp;&nbsp;&nbsp;BSP_IntHandler
</UL>
<BR>[Address Reference Count : 1]<UL><LI> cstartup.o(RESET)
</UL>
<P><STRONG><a name="[b]"></a>BSP_IntHandlerTAMP_STAMP</STRONG> (Thumb, 6 bytes, Stack size 0 bytes, bsp_int.o(.text))
<BR><BR>[Stack]<UL><LI>Max Depth = 32 + Unknown Stack Size
<LI>Call Chain = BSP_IntHandlerTAMP_STAMP &rArr; BSP_IntHandler &rArr; OSIntExit
</UL>
<BR>[Calls]<UL><LI><a href="#[e1]">&gt;&gt;</a>&nbsp;&nbsp;&nbsp;BSP_IntHandler
</UL>
<BR>[Address Reference Count : 1]<UL><LI> cstartup.o(RESET)
</UL>
<P><STRONG><a name="[c]"></a>BSP_IntHandlerRTC_WKUP</STRONG> (Thumb, 6 bytes, Stack size 0 bytes, bsp_int.o(.text))
<BR><BR>[Stack]<UL><LI>Max Depth = 32 + Unknown Stack Size
<LI>Call Chain = BSP_IntHandlerRTC_WKUP &rArr; BSP_IntHandler &rArr; OSIntExit
</UL>
<BR>[Calls]<UL><LI><a href="#[e1]">&gt;&gt;</a>&nbsp;&nbsp;&nbsp;BSP_IntHandler
</UL>
<BR>[Address Reference Count : 1]<UL><LI> cstartup.o(RESET)
</UL>
<P><STRONG><a name="[d]"></a>BSP_IntHandlerFLASH</STRONG> (Thumb, 6 bytes, Stack size 0 bytes, bsp_int.o(.text))
<BR><BR>[Stack]<UL><LI>Max Depth = 32 + Unknown Stack Size
<LI>Call Chain = BSP_IntHandlerFLASH &rArr; BSP_IntHandler &rArr; OSIntExit
</UL>
<BR>[Calls]<UL><LI><a href="#[e1]">&gt;&gt;</a>&nbsp;&nbsp;&nbsp;BSP_IntHandler
</UL>
<BR>[Address Reference Count : 1]<UL><LI> cstartup.o(RESET)
</UL>
<P><STRONG><a name="[e]"></a>BSP_IntHandlerRCC</STRONG> (Thumb, 6 bytes, Stack size 0 bytes, bsp_int.o(.text))
<BR><BR>[Stack]<UL><LI>Max Depth = 32 + Unknown Stack Size
<LI>Call Chain = BSP_IntHandlerRCC &rArr; BSP_IntHandler &rArr; OSIntExit
</UL>
<BR>[Calls]<UL><LI><a href="#[e1]">&gt;&gt;</a>&nbsp;&nbsp;&nbsp;BSP_IntHandler
</UL>
<BR>[Address Reference Count : 1]<UL><LI> cstartup.o(RESET)
</UL>
<P><STRONG><a name="[f]"></a>BSP_IntHandlerEXTI0</STRONG> (Thumb, 6 bytes, Stack size 0 bytes, bsp_int.o(.text))
<BR><BR>[Stack]<UL><LI>Max Depth = 32 + Unknown Stack Size
<LI>Call Chain = BSP_IntHandlerEXTI0 &rArr; BSP_IntHandler &rArr; OSIntExit
</UL>
<BR>[Calls]<UL><LI><a href="#[e1]">&gt;&gt;</a>&nbsp;&nbsp;&nbsp;BSP_IntHandler
</UL>
<BR>[Address Reference Count : 1]<UL><LI> cstartup.o(RESET)
</UL>
<P><STRONG><a name="[10]"></a>BSP_IntHandlerEXTI1</STRONG> (Thumb, 6 bytes, Stack size 0 bytes, bsp_int.o(.text))
<BR><BR>[Stack]<UL><LI>Max Depth = 32 + Unknown Stack Size
<LI>Call Chain = BSP_IntHandlerEXTI1 &rArr; BSP_IntHandler &rArr; OSIntExit
</UL>
<BR>[Calls]<UL><LI><a href="#[e1]">&gt;&gt;</a>&nbsp;&nbsp;&nbsp;BSP_IntHandler
</UL>
<BR>[Address Reference Count : 1]<UL><LI> cstartup.o(RESET)
</UL>
<P><STRONG><a name="[11]"></a>BSP_IntHandlerEXTI2</STRONG> (Thumb, 6 bytes, Stack size 0 bytes, bsp_int.o(.text))
<BR><BR>[Stack]<UL><LI>Max Depth = 32 + Unknown Stack Size
<LI>Call Chain = BSP_IntHandlerEXTI2 &rArr; BSP_IntHandler &rArr; OSIntExit
</UL>
<BR>[Calls]<UL><LI><a href="#[e1]">&gt;&gt;</a>&nbsp;&nbsp;&nbsp;BSP_IntHandler
</UL>
<BR>[Address Reference Count : 1]<UL><LI> cstartup.o(RESET)
</UL>
<P><STRONG><a name="[12]"></a>BSP_IntHandlerEXTI3</STRONG> (Thumb, 6 bytes, Stack size 0 bytes, bsp_int.o(.text))
<BR><BR>[Stack]<UL><LI>Max Depth = 32 + Unknown Stack Size
<LI>Call Chain = BSP_IntHandlerEXTI3 &rArr; BSP_IntHandler &rArr; OSIntExit
</UL>
<BR>[Calls]<UL><LI><a href="#[e1]">&gt;&gt;</a>&nbsp;&nbsp;&nbsp;BSP_IntHandler
</UL>
<BR>[Address Reference Count : 1]<UL><LI> cstartup.o(RESET)
</UL>
<P><STRONG><a name="[13]"></a>BSP_IntHandlerEXTI4</STRONG> (Thumb, 6 bytes, Stack size 0 bytes, bsp_int.o(.text))
<BR><BR>[Stack]<UL><LI>Max Depth = 32 + Unknown Stack Size
<LI>Call Chain = BSP_IntHandlerEXTI4 &rArr; BSP_IntHandler &rArr; OSIntExit
</UL>
<BR>[Calls]<UL><LI><a href="#[e1]">&gt;&gt;</a>&nbsp;&nbsp;&nbsp;BSP_IntHandler
</UL>
<BR>[Address Reference Count : 1]<UL><LI> cstartup.o(RESET)
</UL>
<P><STRONG><a name="[14]"></a>BSP_IntHandlerDMA1_CH0</STRONG> (Thumb, 6 bytes, Stack size 0 bytes, bsp_int.o(.text))
<BR><BR>[Stack]<UL><LI>Max Depth = 32 + Unknown Stack Size
<LI>Call Chain = BSP_IntHandlerDMA1_CH0 &rArr; BSP_IntHandler &rArr; OSIntExit
</UL>
<BR>[Calls]<UL><LI><a href="#[e1]">&gt;&gt;</a>&nbsp;&nbsp;&nbsp;BSP_IntHandler
</UL>
<BR>[Address Reference Count : 1]<UL><LI> cstartup.o(RESET)
</UL>
<P><STRONG><a name="[15]"></a>BSP_IntHandlerDMA1_CH1</STRONG> (Thumb, 6 bytes, Stack size 0 bytes, bsp_int.o(.text))
<BR><BR>[Stack]<UL><LI>Max Depth = 32 + Unknown Stack Size
<LI>Call Chain = BSP_IntHandlerDMA1_CH1 &rArr; BSP_IntHandler &rArr; OSIntExit
</UL>
<BR>[Calls]<UL><LI><a href="#[e1]">&gt;&gt;</a>&nbsp;&nbsp;&nbsp;BSP_IntHandler
</UL>
<BR>[Address Reference Count : 1]<UL><LI> cstartup.o(RESET)
</UL>
<P><STRONG><a name="[16]"></a>BSP_IntHandlerDMA1_CH2</STRONG> (Thumb, 6 bytes, Stack size 0 bytes, bsp_int.o(.text))
<BR><BR>[Stack]<UL><LI>Max Depth = 32 + Unknown Stack Size
<LI>Call Chain = BSP_IntHandlerDMA1_CH2 &rArr; BSP_IntHandler &rArr; OSIntExit
</UL>
<BR>[Calls]<UL><LI><a href="#[e1]">&gt;&gt;</a>&nbsp;&nbsp;&nbsp;BSP_IntHandler
</UL>
<BR>[Address Reference Count : 1]<UL><LI> cstartup.o(RESET)
</UL>
<P><STRONG><a name="[17]"></a>BSP_IntHandlerDMA1_CH3</STRONG> (Thumb, 6 bytes, Stack size 0 bytes, bsp_int.o(.text))
<BR><BR>[Stack]<UL><LI>Max Depth = 32 + Unknown Stack Size
<LI>Call Chain = BSP_IntHandlerDMA1_CH3 &rArr; BSP_IntHandler &rArr; OSIntExit
</UL>
<BR>[Calls]<UL><LI><a href="#[e1]">&gt;&gt;</a>&nbsp;&nbsp;&nbsp;BSP_IntHandler
</UL>
<BR>[Address Reference Count : 1]<UL><LI> cstartup.o(RESET)
</UL>
<P><STRONG><a name="[18]"></a>BSP_IntHandlerDMA1_CH4</STRONG> (Thumb, 6 bytes, Stack size 0 bytes, bsp_int.o(.text))
<BR><BR>[Stack]<UL><LI>Max Depth = 32 + Unknown Stack Size
<LI>Call Chain = BSP_IntHandlerDMA1_CH4 &rArr; BSP_IntHandler &rArr; OSIntExit
</UL>
<BR>[Calls]<UL><LI><a href="#[e1]">&gt;&gt;</a>&nbsp;&nbsp;&nbsp;BSP_IntHandler
</UL>
<BR>[Address Reference Count : 1]<UL><LI> cstartup.o(RESET)
</UL>
<P><STRONG><a name="[19]"></a>BSP_IntHandlerDMA1_CH5</STRONG> (Thumb, 6 bytes, Stack size 0 bytes, bsp_int.o(.text))
<BR><BR>[Stack]<UL><LI>Max Depth = 32 + Unknown Stack Size
<LI>Call Chain = BSP_IntHandlerDMA1_CH5 &rArr; BSP_IntHandler &rArr; OSIntExit
</UL>
<BR>[Calls]<UL><LI><a href="#[e1]">&gt;&gt;</a>&nbsp;&nbsp;&nbsp;BSP_IntHandler
</UL>
<BR>[Address Reference Count : 1]<UL><LI> cstartup.o(RESET)
</UL>
<P><STRONG><a name="[1a]"></a>BSP_IntHandlerDMA1_CH6</STRONG> (Thumb, 6 bytes, Stack size 0 bytes, bsp_int.o(.text))
<BR><BR>[Stack]<UL><LI>Max Depth = 32 + Unknown Stack Size
<LI>Call Chain = BSP_IntHandlerDMA1_CH6 &rArr; BSP_IntHandler &rArr; OSIntExit
</UL>
<BR>[Calls]<UL><LI><a href="#[e1]">&gt;&gt;</a>&nbsp;&nbsp;&nbsp;BSP_IntHandler
</UL>
<BR>[Address Reference Count : 1]<UL><LI> cstartup.o(RESET)
</UL>
<P><STRONG><a name="[1b]"></a>BSP_IntHandlerADC</STRONG> (Thumb, 6 bytes, Stack size 0 bytes, bsp_int.o(.text))
<BR><BR>[Stack]<UL><LI>Max Depth = 32 + Unknown Stack Size
<LI>Call Chain = BSP_IntHandlerADC &rArr; BSP_IntHandler &rArr; OSIntExit
</UL>
<BR>[Calls]<UL><LI><a href="#[e1]">&gt;&gt;</a>&nbsp;&nbsp;&nbsp;BSP_IntHandler
</UL>
<BR>[Address Reference Count : 1]<UL><LI> cstartup.o(RESET)
</UL>
<P><STRONG><a name="[1c]"></a>BSP_IntHandlerCAN1_TX</STRONG> (Thumb, 6 bytes, Stack size 0 bytes, bsp_int.o(.text))
<BR><BR>[Stack]<UL><LI>Max Depth = 32 + Unknown Stack Size
<LI>Call Chain = BSP_IntHandlerCAN1_TX &rArr; BSP_IntHandler &rArr; OSIntExit
</UL>
<BR>[Calls]<UL><LI><a href="#[e1]">&gt;&gt;</a>&nbsp;&nbsp;&nbsp;BSP_IntHandler
</UL>
<BR>[Address Reference Count : 1]<UL><LI> cstartup.o(RESET)
</UL>
<P><STRONG><a name="[1d]"></a>BSP_IntHandlerCAN1_RX0</STRONG> (Thumb, 6 bytes, Stack size 0 bytes, bsp_int.o(.text))
<BR><BR>[Stack]<UL><LI>Max Depth = 32 + Unknown Stack Size
<LI>Call Chain = BSP_IntHandlerCAN1_RX0 &rArr; BSP_IntHandler &rArr; OSIntExit
</UL>
<BR>[Calls]<UL><LI><a href="#[e1]">&gt;&gt;</a>&nbsp;&nbsp;&nbsp;BSP_IntHandler
</UL>
<BR>[Address Reference Count : 1]<UL><LI> cstartup.o(RESET)
</UL>
<P><STRONG><a name="[1e]"></a>BSP_IntHandlerCAN1_RX1</STRONG> (Thumb, 6 bytes, Stack size 0 bytes, bsp_int.o(.text))
<BR><BR>[Stack]<UL><LI>Max Depth = 32 + Unknown Stack Size
<LI>Call Chain = BSP_IntHandlerCAN1_RX1 &rArr; BSP_IntHandler &rArr; OSIntExit
</UL>
<BR>[Calls]<UL><LI><a href="#[e1]">&gt;&gt;</a>&nbsp;&nbsp;&nbsp;BSP_IntHandler
</UL>
<BR>[Address Reference Count : 1]<UL><LI> cstartup.o(RESET)
</UL>
<P><STRONG><a name="[1f]"></a>BSP_IntHandlerCAN1_SCE</STRONG> (Thumb, 6 bytes, Stack size 0 bytes, bsp_int.o(.text))
<BR><BR>[Stack]<UL><LI>Max Depth = 32 + Unknown Stack Size
<LI>Call Chain = BSP_IntHandlerCAN1_SCE &rArr; BSP_IntHandler &rArr; OSIntExit
</UL>
<BR>[Calls]<UL><LI><a href="#[e1]">&gt;&gt;</a>&nbsp;&nbsp;&nbsp;BSP_IntHandler
</UL>
<BR>[Address Reference Count : 1]<UL><LI> cstartup.o(RESET)
</UL>
<P><STRONG><a name="[20]"></a>BSP_IntHandlerEXTI9_5</STRONG> (Thumb, 6 bytes, Stack size 0 bytes, bsp_int.o(.text))
<BR><BR>[Stack]<UL><LI>Max Depth = 32 + Unknown Stack Size
<LI>Call Chain = BSP_IntHandlerEXTI9_5 &rArr; BSP_IntHandler &rArr; OSIntExit
</UL>
<BR>[Calls]<UL><LI><a href="#[e1]">&gt;&gt;</a>&nbsp;&nbsp;&nbsp;BSP_IntHandler
</UL>
<BR>[Address Reference Count : 1]<UL><LI> cstartup.o(RESET)
</UL>
<P><STRONG><a name="[21]"></a>BSP_IntHandlerTIM1_BRK_TIM9</STRONG> (Thumb, 6 bytes, Stack size 0 bytes, bsp_int.o(.text))
<BR><BR>[Stack]<UL><LI>Max Depth = 32 + Unknown Stack Size
<LI>Call Chain = BSP_IntHandlerTIM1_BRK_TIM9 &rArr; BSP_IntHandler &rArr; OSIntExit
</UL>
<BR>[Calls]<UL><LI><a href="#[e1]">&gt;&gt;</a>&nbsp;&nbsp;&nbsp;BSP_IntHandler
</UL>
<BR>[Address Reference Count : 1]<UL><LI> cstartup.o(RESET)
</UL>
<P><STRONG><a name="[22]"></a>BSP_IntHandlerTIM1_UP_TIM10</STRONG> (Thumb, 6 bytes, Stack size 0 bytes, bsp_int.o(.text))
<BR><BR>[Stack]<UL><LI>Max Depth = 32 + Unknown Stack Size
<LI>Call Chain = BSP_IntHandlerTIM1_UP_TIM10 &rArr; BSP_IntHandler &rArr; OSIntExit
</UL>
<BR>[Calls]<UL><LI><a href="#[e1]">&gt;&gt;</a>&nbsp;&nbsp;&nbsp;BSP_IntHandler
</UL>
<BR>[Address Reference Count : 1]<UL><LI> cstartup.o(RESET)
</UL>
<P><STRONG><a name="[23]"></a>BSP_IntHandlerTIM1_TRG_COM_TIM11</STRONG> (Thumb, 6 bytes, Stack size 0 bytes, bsp_int.o(.text))
<BR><BR>[Stack]<UL><LI>Max Depth = 32 + Unknown Stack Size
<LI>Call Chain = BSP_IntHandlerTIM1_TRG_COM_TIM11 &rArr; BSP_IntHandler &rArr; OSIntExit
</UL>
<BR>[Calls]<UL><LI><a href="#[e1]">&gt;&gt;</a>&nbsp;&nbsp;&nbsp;BSP_IntHandler
</UL>
<BR>[Address Reference Count : 1]<UL><LI> cstartup.o(RESET)
</UL>
<P><STRONG><a name="[24]"></a>BSP_IntHandlerTIM1_CC</STRONG> (Thumb, 6 bytes, Stack size 0 bytes, bsp_int.o(.text))
<BR><BR>[Stack]<UL><LI>Max Depth = 32 + Unknown Stack Size
<LI>Call Chain = BSP_IntHandlerTIM1_CC &rArr; BSP_IntHandler &rArr; OSIntExit
</UL>
<BR>[Calls]<UL><LI><a href="#[e1]">&gt;&gt;</a>&nbsp;&nbsp;&nbsp;BSP_IntHandler
</UL>
<BR>[Address Reference Count : 1]<UL><LI> cstartup.o(RESET)
</UL>
<P><STRONG><a name="[25]"></a>BSP_IntHandlerTIM2</STRONG> (Thumb, 6 bytes, Stack size 0 bytes, bsp_int.o(.text))
<BR><BR>[Stack]<UL><LI>Max Depth = 32 + Unknown Stack Size
<LI>Call Chain = BSP_IntHandlerTIM2 &rArr; BSP_IntHandler &rArr; OSIntExit
</UL>
<BR>[Calls]<UL><LI><a href="#[e1]">&gt;&gt;</a>&nbsp;&nbsp;&nbsp;BSP_IntHandler
</UL>
<BR>[Address Reference Count : 1]<UL><LI> cstartup.o(RESET)
</UL>
<P><STRONG><a name="[26]"></a>BSP_IntHandlerTIM3</STRONG> (Thumb, 6 bytes, Stack size 0 bytes, bsp_int.o(.text))
<BR><BR>[Stack]<UL><LI>Max Depth = 32 + Unknown Stack Size
<LI>Call Chain = BSP_IntHandlerTIM3 &rArr; BSP_IntHandler &rArr; OSIntExit
</UL>
<BR>[Calls]<UL><LI><a href="#[e1]">&gt;&gt;</a>&nbsp;&nbsp;&nbsp;BSP_IntHandler
</UL>
<BR>[Address Reference Count : 1]<UL><LI> cstartup.o(RESET)
</UL>
<P><STRONG><a name="[27]"></a>BSP_IntHandlerTIM4</STRONG> (Thumb, 6 bytes, Stack size 0 bytes, bsp_int.o(.text))
<BR><BR>[Stack]<UL><LI>Max Depth = 32 + Unknown Stack Size
<LI>Call Chain = BSP_IntHandlerTIM4 &rArr; BSP_IntHandler &rArr; OSIntExit
</UL>
<BR>[Calls]<UL><LI><a href="#[e1]">&gt;&gt;</a>&nbsp;&nbsp;&nbsp;BSP_IntHandler
</UL>
<BR>[Address Reference Count : 1]<UL><LI> cstartup.o(RESET)
</UL>
<P><STRONG><a name="[28]"></a>BSP_IntHandlerI2C1_EV</STRONG> (Thumb, 6 bytes, Stack size 0 bytes, bsp_int.o(.text))
<BR><BR>[Stack]<UL><LI>Max Depth = 32 + Unknown Stack Size
<LI>Call Chain = BSP_IntHandlerI2C1_EV &rArr; BSP_IntHandler &rArr; OSIntExit
</UL>
<BR>[Calls]<UL><LI><a href="#[e1]">&gt;&gt;</a>&nbsp;&nbsp;&nbsp;BSP_IntHandler
</UL>
<BR>[Address Reference Count : 1]<UL><LI> cstartup.o(RESET)
</UL>
<P><STRONG><a name="[29]"></a>BSP_IntHandlerI2C1_ER</STRONG> (Thumb, 6 bytes, Stack size 0 bytes, bsp_int.o(.text))
<BR><BR>[Stack]<UL><LI>Max Depth = 32 + Unknown Stack Size
<LI>Call Chain = BSP_IntHandlerI2C1_ER &rArr; BSP_IntHandler &rArr; OSIntExit
</UL>
<BR>[Calls]<UL><LI><a href="#[e1]">&gt;&gt;</a>&nbsp;&nbsp;&nbsp;BSP_IntHandler
</UL>
<BR>[Address Reference Count : 1]<UL><LI> cstartup.o(RESET)
</UL>
<P><STRONG><a name="[2a]"></a>BSP_IntHandlerI2C2_EV</STRONG> (Thumb, 6 bytes, Stack size 0 bytes, bsp_int.o(.text))
<BR><BR>[Stack]<UL><LI>Max Depth = 32 + Unknown Stack Size
<LI>Call Chain = BSP_IntHandlerI2C2_EV &rArr; BSP_IntHandler &rArr; OSIntExit
</UL>
<BR>[Calls]<UL><LI><a href="#[e1]">&gt;&gt;</a>&nbsp;&nbsp;&nbsp;BSP_IntHandler
</UL>
<BR>[Address Reference Count : 1]<UL><LI> cstartup.o(RESET)
</UL>
<P><STRONG><a name="[2b]"></a>BSP_IntHandlerI2C2_ER</STRONG> (Thumb, 6 bytes, Stack size 0 bytes, bsp_int.o(.text))
<BR><BR>[Stack]<UL><LI>Max Depth = 32 + Unknown Stack Size
<LI>Call Chain = BSP_IntHandlerI2C2_ER &rArr; BSP_IntHandler &rArr; OSIntExit
</UL>
<BR>[Calls]<UL><LI><a href="#[e1]">&gt;&gt;</a>&nbsp;&nbsp;&nbsp;BSP_IntHandler
</UL>
<BR>[Address Reference Count : 1]<UL><LI> cstartup.o(RESET)
</UL>
<P><STRONG><a name="[2c]"></a>BSP_IntHandlerSPI1</STRONG> (Thumb, 6 bytes, Stack size 0 bytes, bsp_int.o(.text))
<BR><BR>[Stack]<UL><LI>Max Depth = 32 + Unknown Stack Size
<LI>Call Chain = BSP_IntHandlerSPI1 &rArr; BSP_IntHandler &rArr; OSIntExit
</UL>
<BR>[Calls]<UL><LI><a href="#[e1]">&gt;&gt;</a>&nbsp;&nbsp;&nbsp;BSP_IntHandler
</UL>
<BR>[Address Reference Count : 1]<UL><LI> cstartup.o(RESET)
</UL>
<P><STRONG><a name="[2d]"></a>BSP_IntHandlerSPI2</STRONG> (Thumb, 6 bytes, Stack size 0 bytes, bsp_int.o(.text))
<BR><BR>[Stack]<UL><LI>Max Depth = 32 + Unknown Stack Size
<LI>Call Chain = BSP_IntHandlerSPI2 &rArr; BSP_IntHandler &rArr; OSIntExit
</UL>
<BR>[Calls]<UL><LI><a href="#[e1]">&gt;&gt;</a>&nbsp;&nbsp;&nbsp;BSP_IntHandler
</UL>
<BR>[Address Reference Count : 1]<UL><LI> cstartup.o(RESET)
</UL>
<P><STRONG><a name="[2e]"></a>BSP_IntHandlerUSART1</STRONG> (Thumb, 6 bytes, Stack size 0 bytes, bsp_int.o(.text))
<BR><BR>[Stack]<UL><LI>Max Depth = 32 + Unknown Stack Size
<LI>Call Chain = BSP_IntHandlerUSART1 &rArr; BSP_IntHandler &rArr; OSIntExit
</UL>
<BR>[Calls]<UL><LI><a href="#[e1]">&gt;&gt;</a>&nbsp;&nbsp;&nbsp;BSP_IntHandler
</UL>
<BR>[Address Reference Count : 1]<UL><LI> cstartup.o(RESET)
</UL>
<P><STRONG><a name="[2f]"></a>BSP_IntHandlerUSART2</STRONG> (Thumb, 6 bytes, Stack size 0 bytes, bsp_int.o(.text))
<BR><BR>[Stack]<UL><LI>Max Depth = 32 + Unknown Stack Size
<LI>Call Chain = BSP_IntHandlerUSART2 &rArr; BSP_IntHandler &rArr; OSIntExit
</UL>
<BR>[Calls]<UL><LI><a href="#[e1]">&gt;&gt;</a>&nbsp;&nbsp;&nbsp;BSP_IntHandler
</UL>
<BR>[Address Reference Count : 1]<UL><LI> cstartup.o(RESET)
</UL>
<P><STRONG><a name="[30]"></a>BSP_IntHandlerUSART3</STRONG> (Thumb, 6 bytes, Stack size 0 bytes, bsp_int.o(.text))
<BR><BR>[Stack]<UL><LI>Max Depth = 32 + Unknown Stack Size
<LI>Call Chain = BSP_IntHandlerUSART3 &rArr; BSP_IntHandler &rArr; OSIntExit
</UL>
<BR>[Calls]<UL><LI><a href="#[e1]">&gt;&gt;</a>&nbsp;&nbsp;&nbsp;BSP_IntHandler
</UL>
<BR>[Address Reference Count : 1]<UL><LI> cstartup.o(RESET)
</UL>
<P><STRONG><a name="[31]"></a>BSP_IntHandlerEXTI15_10</STRONG> (Thumb, 6 bytes, Stack size 0 bytes, bsp_int.o(.text))
<BR><BR>[Stack]<UL><LI>Max Depth = 32 + Unknown Stack Size
<LI>Call Chain = BSP_IntHandlerEXTI15_10 &rArr; BSP_IntHandler &rArr; OSIntExit
</UL>
<BR>[Calls]<UL><LI><a href="#[e1]">&gt;&gt;</a>&nbsp;&nbsp;&nbsp;BSP_IntHandler
</UL>
<BR>[Address Reference Count : 1]<UL><LI> cstartup.o(RESET)
</UL>
<P><STRONG><a name="[32]"></a>BSP_IntHandlerRTCAlarm</STRONG> (Thumb, 6 bytes, Stack size 0 bytes, bsp_int.o(.text))
<BR><BR>[Stack]<UL><LI>Max Depth = 32 + Unknown Stack Size
<LI>Call Chain = BSP_IntHandlerRTCAlarm &rArr; BSP_IntHandler &rArr; OSIntExit
</UL>
<BR>[Calls]<UL><LI><a href="#[e1]">&gt;&gt;</a>&nbsp;&nbsp;&nbsp;BSP_IntHandler
</UL>
<BR>[Address Reference Count : 1]<UL><LI> cstartup.o(RESET)
</UL>
<P><STRONG><a name="[33]"></a>BSP_IntHandlerOTG_FS_WKUP</STRONG> (Thumb, 6 bytes, Stack size 0 bytes, bsp_int.o(.text))
<BR><BR>[Stack]<UL><LI>Max Depth = 32 + Unknown Stack Size
<LI>Call Chain = BSP_IntHandlerOTG_FS_WKUP &rArr; BSP_IntHandler &rArr; OSIntExit
</UL>
<BR>[Calls]<UL><LI><a href="#[e1]">&gt;&gt;</a>&nbsp;&nbsp;&nbsp;BSP_IntHandler
</UL>
<BR>[Address Reference Count : 1]<UL><LI> cstartup.o(RESET)
</UL>
<P><STRONG><a name="[34]"></a>BSP_IntHandlerTIM8_BRK_TIM12</STRONG> (Thumb, 6 bytes, Stack size 0 bytes, bsp_int.o(.text))
<BR><BR>[Stack]<UL><LI>Max Depth = 32 + Unknown Stack Size
<LI>Call Chain = BSP_IntHandlerTIM8_BRK_TIM12 &rArr; BSP_IntHandler &rArr; OSIntExit
</UL>
<BR>[Calls]<UL><LI><a href="#[e1]">&gt;&gt;</a>&nbsp;&nbsp;&nbsp;BSP_IntHandler
</UL>
<BR>[Address Reference Count : 1]<UL><LI> cstartup.o(RESET)
</UL>
<P><STRONG><a name="[35]"></a>BSP_IntHandlerTIM8_UP_TIM13</STRONG> (Thumb, 6 bytes, Stack size 0 bytes, bsp_int.o(.text))
<BR><BR>[Stack]<UL><LI>Max Depth = 32 + Unknown Stack Size
<LI>Call Chain = BSP_IntHandlerTIM8_UP_TIM13 &rArr; BSP_IntHandler &rArr; OSIntExit
</UL>
<BR>[Calls]<UL><LI><a href="#[e1]">&gt;&gt;</a>&nbsp;&nbsp;&nbsp;BSP_IntHandler
</UL>
<BR>[Address Reference Count : 1]<UL><LI> cstartup.o(RESET)
</UL>
<P><STRONG><a name="[36]"></a>BSP_IntHandlerTIM8_TRG_COM_TIM14</STRONG> (Thumb, 6 bytes, Stack size 0 bytes, bsp_int.o(.text))
<BR><BR>[Stack]<UL><LI>Max Depth = 32 + Unknown Stack Size
<LI>Call Chain = BSP_IntHandlerTIM8_TRG_COM_TIM14 &rArr; BSP_IntHandler &rArr; OSIntExit
</UL>
<BR>[Calls]<UL><LI><a href="#[e1]">&gt;&gt;</a>&nbsp;&nbsp;&nbsp;BSP_IntHandler
</UL>
<BR>[Address Reference Count : 1]<UL><LI> cstartup.o(RESET)
</UL>
<P><STRONG><a name="[37]"></a>BSP_IntHandlerTIM8_CC</STRONG> (Thumb, 6 bytes, Stack size 0 bytes, bsp_int.o(.text))
<BR><BR>[Stack]<UL><LI>Max Depth = 32 + Unknown Stack Size
<LI>Call Chain = BSP_IntHandlerTIM8_CC &rArr; BSP_IntHandler &rArr; OSIntExit
</UL>
<BR>[Calls]<UL><LI><a href="#[e1]">&gt;&gt;</a>&nbsp;&nbsp;&nbsp;BSP_IntHandler
</UL>
<BR>[Address Reference Count : 1]<UL><LI> cstartup.o(RESET)
</UL>
<P><STRONG><a name="[38]"></a>BSP_IntHandlerDMA1_STREAM7</STRONG> (Thumb, 6 bytes, Stack size 0 bytes, bsp_int.o(.text))
<BR><BR>[Stack]<UL><LI>Max Depth = 32 + Unknown Stack Size
<LI>Call Chain = BSP_IntHandlerDMA1_STREAM7 &rArr; BSP_IntHandler &rArr; OSIntExit
</UL>
<BR>[Calls]<UL><LI><a href="#[e1]">&gt;&gt;</a>&nbsp;&nbsp;&nbsp;BSP_IntHandler
</UL>
<BR>[Address Reference Count : 1]<UL><LI> cstartup.o(RESET)
</UL>
<P><STRONG><a name="[39]"></a>BSP_IntHandlerFSMC</STRONG> (Thumb, 6 bytes, Stack size 0 bytes, bsp_int.o(.text))
<BR><BR>[Stack]<UL><LI>Max Depth = 32 + Unknown Stack Size
<LI>Call Chain = BSP_IntHandlerFSMC &rArr; BSP_IntHandler &rArr; OSIntExit
</UL>
<BR>[Calls]<UL><LI><a href="#[e1]">&gt;&gt;</a>&nbsp;&nbsp;&nbsp;BSP_IntHandler
</UL>
<BR>[Address Reference Count : 1]<UL><LI> cstartup.o(RESET)
</UL>
<P><STRONG><a name="[3a]"></a>BSP_IntHandlerSDIO</STRONG> (Thumb, 6 bytes, Stack size 0 bytes, bsp_int.o(.text))
<BR><BR>[Stack]<UL><LI>Max Depth = 32 + Unknown Stack Size
<LI>Call Chain = BSP_IntHandlerSDIO &rArr; BSP_IntHandler &rArr; OSIntExit
</UL>
<BR>[Calls]<UL><LI><a href="#[e1]">&gt;&gt;</a>&nbsp;&nbsp;&nbsp;BSP_IntHandler
</UL>
<BR>[Address Reference Count : 1]<UL><LI> cstartup.o(RESET)
</UL>
<P><STRONG><a name="[3b]"></a>BSP_IntHandlerTIM5</STRONG> (Thumb, 6 bytes, Stack size 0 bytes, bsp_int.o(.text))
<BR><BR>[Stack]<UL><LI>Max Depth = 32 + Unknown Stack Size
<LI>Call Chain = BSP_IntHandlerTIM5 &rArr; BSP_IntHandler &rArr; OSIntExit
</UL>
<BR>[Calls]<UL><LI><a href="#[e1]">&gt;&gt;</a>&nbsp;&nbsp;&nbsp;BSP_IntHandler
</UL>
<BR>[Address Reference Count : 1]<UL><LI> cstartup.o(RESET)
</UL>
<P><STRONG><a name="[3c]"></a>BSP_IntHandlerSPI3</STRONG> (Thumb, 6 bytes, Stack size 0 bytes, bsp_int.o(.text))
<BR><BR>[Stack]<UL><LI>Max Depth = 32 + Unknown Stack Size
<LI>Call Chain = BSP_IntHandlerSPI3 &rArr; BSP_IntHandler &rArr; OSIntExit
</UL>
<BR>[Calls]<UL><LI><a href="#[e1]">&gt;&gt;</a>&nbsp;&nbsp;&nbsp;BSP_IntHandler
</UL>
<BR>[Address Reference Count : 1]<UL><LI> cstartup.o(RESET)
</UL>
<P><STRONG><a name="[3d]"></a>BSP_IntHandlerUSART4</STRONG> (Thumb, 6 bytes, Stack size 0 bytes, bsp_int.o(.text))
<BR><BR>[Stack]<UL><LI>Max Depth = 32 + Unknown Stack Size
<LI>Call Chain = BSP_IntHandlerUSART4 &rArr; BSP_IntHandler &rArr; OSIntExit
</UL>
<BR>[Calls]<UL><LI><a href="#[e1]">&gt;&gt;</a>&nbsp;&nbsp;&nbsp;BSP_IntHandler
</UL>
<BR>[Address Reference Count : 1]<UL><LI> cstartup.o(RESET)
</UL>
<P><STRONG><a name="[3e]"></a>BSP_IntHandlerUSART5</STRONG> (Thumb, 6 bytes, Stack size 0 bytes, bsp_int.o(.text))
<BR><BR>[Stack]<UL><LI>Max Depth = 32 + Unknown Stack Size
<LI>Call Chain = BSP_IntHandlerUSART5 &rArr; BSP_IntHandler &rArr; OSIntExit
</UL>
<BR>[Calls]<UL><LI><a href="#[e1]">&gt;&gt;</a>&nbsp;&nbsp;&nbsp;BSP_IntHandler
</UL>
<BR>[Address Reference Count : 1]<UL><LI> cstartup.o(RESET)
</UL>
<P><STRONG><a name="[3f]"></a>BSP_IntHandlerTIM6_DAC</STRONG> (Thumb, 6 bytes, Stack size 0 bytes, bsp_int.o(.text))
<BR><BR>[Stack]<UL><LI>Max Depth = 32 + Unknown Stack Size
<LI>Call Chain = BSP_IntHandlerTIM6_DAC &rArr; BSP_IntHandler &rArr; OSIntExit
</UL>
<BR>[Calls]<UL><LI><a href="#[e1]">&gt;&gt;</a>&nbsp;&nbsp;&nbsp;BSP_IntHandler
</UL>
<BR>[Address Reference Count : 1]<UL><LI> cstartup.o(RESET)
</UL>
<P><STRONG><a name="[40]"></a>BSP_IntHandlerTIM7</STRONG> (Thumb, 6 bytes, Stack size 0 bytes, bsp_int.o(.text))
<BR><BR>[Stack]<UL><LI>Max Depth = 32 + Unknown Stack Size
<LI>Call Chain = BSP_IntHandlerTIM7 &rArr; BSP_IntHandler &rArr; OSIntExit
</UL>
<BR>[Calls]<UL><LI><a href="#[e1]">&gt;&gt;</a>&nbsp;&nbsp;&nbsp;BSP_IntHandler
</UL>
<BR>[Address Reference Count : 1]<UL><LI> cstartup.o(RESET)
</UL>
<P><STRONG><a name="[41]"></a>BSP_IntHandlerDMA2_CH0</STRONG> (Thumb, 6 bytes, Stack size 0 bytes, bsp_int.o(.text))
<BR><BR>[Stack]<UL><LI>Max Depth = 32 + Unknown Stack Size
<LI>Call Chain = BSP_IntHandlerDMA2_CH0 &rArr; BSP_IntHandler &rArr; OSIntExit
</UL>
<BR>[Calls]<UL><LI><a href="#[e1]">&gt;&gt;</a>&nbsp;&nbsp;&nbsp;BSP_IntHandler
</UL>
<BR>[Address Reference Count : 1]<UL><LI> cstartup.o(RESET)
</UL>
<P><STRONG><a name="[42]"></a>BSP_IntHandlerDMA2_CH1</STRONG> (Thumb, 6 bytes, Stack size 0 bytes, bsp_int.o(.text))
<BR><BR>[Stack]<UL><LI>Max Depth = 32 + Unknown Stack Size
<LI>Call Chain = BSP_IntHandlerDMA2_CH1 &rArr; BSP_IntHandler &rArr; OSIntExit
</UL>
<BR>[Calls]<UL><LI><a href="#[e1]">&gt;&gt;</a>&nbsp;&nbsp;&nbsp;BSP_IntHandler
</UL>
<BR>[Address Reference Count : 1]<UL><LI> cstartup.o(RESET)
</UL>
<P><STRONG><a name="[43]"></a>BSP_IntHandlerDMA2_CH2</STRONG> (Thumb, 6 bytes, Stack size 0 bytes, bsp_int.o(.text))
<BR><BR>[Stack]<UL><LI>Max Depth = 32 + Unknown Stack Size
<LI>Call Chain = BSP_IntHandlerDMA2_CH2 &rArr; BSP_IntHandler &rArr; OSIntExit
</UL>
<BR>[Calls]<UL><LI><a href="#[e1]">&gt;&gt;</a>&nbsp;&nbsp;&nbsp;BSP_IntHandler
</UL>
<BR>[Address Reference Count : 1]<UL><LI> cstartup.o(RESET)
</UL>
<P><STRONG><a name="[44]"></a>BSP_IntHandlerDMA2_CH3</STRONG> (Thumb, 6 bytes, Stack size 0 bytes, bsp_int.o(.text))
<BR><BR>[Stack]<UL><LI>Max Depth = 32 + Unknown Stack Size
<LI>Call Chain = BSP_IntHandlerDMA2_CH3 &rArr; BSP_IntHandler &rArr; OSIntExit
</UL>
<BR>[Calls]<UL><LI><a href="#[e1]">&gt;&gt;</a>&nbsp;&nbsp;&nbsp;BSP_IntHandler
</UL>
<BR>[Address Reference Count : 1]<UL><LI> cstartup.o(RESET)
</UL>
<P><STRONG><a name="[45]"></a>BSP_IntHandlerDMA2_CH4</STRONG> (Thumb, 6 bytes, Stack size 0 bytes, bsp_int.o(.text))
<BR><BR>[Stack]<UL><LI>Max Depth = 32 + Unknown Stack Size
<LI>Call Chain = BSP_IntHandlerDMA2_CH4 &rArr; BSP_IntHandler &rArr; OSIntExit
</UL>
<BR>[Calls]<UL><LI><a href="#[e1]">&gt;&gt;</a>&nbsp;&nbsp;&nbsp;BSP_IntHandler
</UL>
<BR>[Address Reference Count : 1]<UL><LI> cstartup.o(RESET)
</UL>
<P><STRONG><a name="[46]"></a>BSP_IntHandlerETH</STRONG> (Thumb, 6 bytes, Stack size 0 bytes, bsp_int.o(.text))
<BR><BR>[Stack]<UL><LI>Max Depth = 32 + Unknown Stack Size
<LI>Call Chain = BSP_IntHandlerETH &rArr; BSP_IntHandler &rArr; OSIntExit
</UL>
<BR>[Calls]<UL><LI><a href="#[e1]">&gt;&gt;</a>&nbsp;&nbsp;&nbsp;BSP_IntHandler
</UL>
<BR>[Address Reference Count : 1]<UL><LI> cstartup.o(RESET)
</UL>
<P><STRONG><a name="[47]"></a>BSP_IntHandlerETHWakeup</STRONG> (Thumb, 6 bytes, Stack size 0 bytes, bsp_int.o(.text))
<BR><BR>[Stack]<UL><LI>Max Depth = 32 + Unknown Stack Size
<LI>Call Chain = BSP_IntHandlerETHWakeup &rArr; BSP_IntHandler &rArr; OSIntExit
</UL>
<BR>[Calls]<UL><LI><a href="#[e1]">&gt;&gt;</a>&nbsp;&nbsp;&nbsp;BSP_IntHandler
</UL>
<BR>[Address Reference Count : 1]<UL><LI> cstartup.o(RESET)
</UL>
<P><STRONG><a name="[48]"></a>BSP_IntHandlerCAN2_TX</STRONG> (Thumb, 6 bytes, Stack size 0 bytes, bsp_int.o(.text))
<BR><BR>[Stack]<UL><LI>Max Depth = 32 + Unknown Stack Size
<LI>Call Chain = BSP_IntHandlerCAN2_TX &rArr; BSP_IntHandler &rArr; OSIntExit
</UL>
<BR>[Calls]<UL><LI><a href="#[e1]">&gt;&gt;</a>&nbsp;&nbsp;&nbsp;BSP_IntHandler
</UL>
<BR>[Address Reference Count : 1]<UL><LI> cstartup.o(RESET)
</UL>
<P><STRONG><a name="[49]"></a>BSP_IntHandlerCAN2_RX0</STRONG> (Thumb, 6 bytes, Stack size 0 bytes, bsp_int.o(.text))
<BR><BR>[Stack]<UL><LI>Max Depth = 32 + Unknown Stack Size
<LI>Call Chain = BSP_IntHandlerCAN2_RX0 &rArr; BSP_IntHandler &rArr; OSIntExit
</UL>
<BR>[Calls]<UL><LI><a href="#[e1]">&gt;&gt;</a>&nbsp;&nbsp;&nbsp;BSP_IntHandler
</UL>
<BR>[Address Reference Count : 1]<UL><LI> cstartup.o(RESET)
</UL>
<P><STRONG><a name="[4a]"></a>BSP_IntHandlerCAN2_RX1</STRONG> (Thumb, 6 bytes, Stack size 0 bytes, bsp_int.o(.text))
<BR><BR>[Stack]<UL><LI>Max Depth = 32 + Unknown Stack Size
<LI>Call Chain = BSP_IntHandlerCAN2_RX1 &rArr; BSP_IntHandler &rArr; OSIntExit
</UL>
<BR>[Calls]<UL><LI><a href="#[e1]">&gt;&gt;</a>&nbsp;&nbsp;&nbsp;BSP_IntHandler
</UL>
<BR>[Address Reference Count : 1]<UL><LI> cstartup.o(RESET)
</UL>
<P><STRONG><a name="[4b]"></a>BSP_IntHandlerCAN2_SCE</STRONG> (Thumb, 6 bytes, Stack size 0 bytes, bsp_int.o(.text))
<BR><BR>[Stack]<UL><LI>Max Depth = 32 + Unknown Stack Size
<LI>Call Chain = BSP_IntHandlerCAN2_SCE &rArr; BSP_IntHandler &rArr; OSIntExit
</UL>
<BR>[Calls]<UL><LI><a href="#[e1]">&gt;&gt;</a>&nbsp;&nbsp;&nbsp;BSP_IntHandler
</UL>
<BR>[Address Reference Count : 1]<UL><LI> cstartup.o(RESET)
</UL>
<P><STRONG><a name="[4c]"></a>BSP_IntHandlerOTG_FS</STRONG> (Thumb, 6 bytes, Stack size 0 bytes, bsp_int.o(.text))
<BR><BR>[Stack]<UL><LI>Max Depth = 32 + Unknown Stack Size
<LI>Call Chain = BSP_IntHandlerOTG_FS &rArr; BSP_IntHandler &rArr; OSIntExit
</UL>
<BR>[Calls]<UL><LI><a href="#[e1]">&gt;&gt;</a>&nbsp;&nbsp;&nbsp;BSP_IntHandler
</UL>
<BR>[Address Reference Count : 1]<UL><LI> cstartup.o(RESET)
</UL>
<P><STRONG><a name="[4d]"></a>BSP_IntHandlerDMA2_CH5</STRONG> (Thumb, 6 bytes, Stack size 0 bytes, bsp_int.o(.text))
<BR><BR>[Stack]<UL><LI>Max Depth = 32 + Unknown Stack Size
<LI>Call Chain = BSP_IntHandlerDMA2_CH5 &rArr; BSP_IntHandler &rArr; OSIntExit
</UL>
<BR>[Calls]<UL><LI><a href="#[e1]">&gt;&gt;</a>&nbsp;&nbsp;&nbsp;BSP_IntHandler
</UL>
<BR>[Address Reference Count : 1]<UL><LI> cstartup.o(RESET)
</UL>
<P><STRONG><a name="[4e]"></a>BSP_IntHandlerDMA2_CH6</STRONG> (Thumb, 6 bytes, Stack size 0 bytes, bsp_int.o(.text))
<BR><BR>[Stack]<UL><LI>Max Depth = 32 + Unknown Stack Size
<LI>Call Chain = BSP_IntHandlerDMA2_CH6 &rArr; BSP_IntHandler &rArr; OSIntExit
</UL>
<BR>[Calls]<UL><LI><a href="#[e1]">&gt;&gt;</a>&nbsp;&nbsp;&nbsp;BSP_IntHandler
</UL>
<BR>[Address Reference Count : 1]<UL><LI> cstartup.o(RESET)
</UL>
<P><STRONG><a name="[4f]"></a>BSP_IntHandlerDMA2_CH7</STRONG> (Thumb, 6 bytes, Stack size 0 bytes, bsp_int.o(.text))
<BR><BR>[Stack]<UL><LI>Max Depth = 32 + Unknown Stack Size
<LI>Call Chain = BSP_IntHandlerDMA2_CH7 &rArr; BSP_IntHandler &rArr; OSIntExit
</UL>
<BR>[Calls]<UL><LI><a href="#[e1]">&gt;&gt;</a>&nbsp;&nbsp;&nbsp;BSP_IntHandler
</UL>
<BR>[Address Reference Count : 1]<UL><LI> cstartup.o(RESET)
</UL>
<P><STRONG><a name="[50]"></a>BSP_IntHandlerUSART6</STRONG> (Thumb, 6 bytes, Stack size 0 bytes, bsp_int.o(.text))
<BR><BR>[Stack]<UL><LI>Max Depth = 32 + Unknown Stack Size
<LI>Call Chain = BSP_IntHandlerUSART6 &rArr; BSP_IntHandler &rArr; OSIntExit
</UL>
<BR>[Calls]<UL><LI><a href="#[e1]">&gt;&gt;</a>&nbsp;&nbsp;&nbsp;BSP_IntHandler
</UL>
<BR>[Address Reference Count : 1]<UL><LI> cstartup.o(RESET)
</UL>
<P><STRONG><a name="[51]"></a>BSP_IntHandlerI2C3_EV</STRONG> (Thumb, 6 bytes, Stack size 0 bytes, bsp_int.o(.text))
<BR><BR>[Stack]<UL><LI>Max Depth = 32 + Unknown Stack Size
<LI>Call Chain = BSP_IntHandlerI2C3_EV &rArr; BSP_IntHandler &rArr; OSIntExit
</UL>
<BR>[Calls]<UL><LI><a href="#[e1]">&gt;&gt;</a>&nbsp;&nbsp;&nbsp;BSP_IntHandler
</UL>
<BR>[Address Reference Count : 1]<UL><LI> cstartup.o(RESET)
</UL>
<P><STRONG><a name="[52]"></a>BSP_IntHandlerI2C3_ER</STRONG> (Thumb, 6 bytes, Stack size 0 bytes, bsp_int.o(.text))
<BR><BR>[Stack]<UL><LI>Max Depth = 32 + Unknown Stack Size
<LI>Call Chain = BSP_IntHandlerI2C3_ER &rArr; BSP_IntHandler &rArr; OSIntExit
</UL>
<BR>[Calls]<UL><LI><a href="#[e1]">&gt;&gt;</a>&nbsp;&nbsp;&nbsp;BSP_IntHandler
</UL>
<BR>[Address Reference Count : 1]<UL><LI> cstartup.o(RESET)
</UL>
<P><STRONG><a name="[53]"></a>BSP_IntHandlerOTG_HS_EP1_OUT</STRONG> (Thumb, 6 bytes, Stack size 0 bytes, bsp_int.o(.text))
<BR><BR>[Stack]<UL><LI>Max Depth = 32 + Unknown Stack Size
<LI>Call Chain = BSP_IntHandlerOTG_HS_EP1_OUT &rArr; BSP_IntHandler &rArr; OSIntExit
</UL>
<BR>[Calls]<UL><LI><a href="#[e1]">&gt;&gt;</a>&nbsp;&nbsp;&nbsp;BSP_IntHandler
</UL>
<BR>[Address Reference Count : 1]<UL><LI> cstartup.o(RESET)
</UL>
<P><STRONG><a name="[54]"></a>BSP_IntHandlerOTG_HS_EP1_IN</STRONG> (Thumb, 6 bytes, Stack size 0 bytes, bsp_int.o(.text))
<BR><BR>[Stack]<UL><LI>Max Depth = 32 + Unknown Stack Size
<LI>Call Chain = BSP_IntHandlerOTG_HS_EP1_IN &rArr; BSP_IntHandler &rArr; OSIntExit
</UL>
<BR>[Calls]<UL><LI><a href="#[e1]">&gt;&gt;</a>&nbsp;&nbsp;&nbsp;BSP_IntHandler
</UL>
<BR>[Address Reference Count : 1]<UL><LI> cstartup.o(RESET)
</UL>
<P><STRONG><a name="[55]"></a>BSP_IntHandlerOTG_HS_WKUP</STRONG> (Thumb, 6 bytes, Stack size 0 bytes, bsp_int.o(.text))
<BR><BR>[Stack]<UL><LI>Max Depth = 32 + Unknown Stack Size
<LI>Call Chain = BSP_IntHandlerOTG_HS_WKUP &rArr; BSP_IntHandler &rArr; OSIntExit
</UL>
<BR>[Calls]<UL><LI><a href="#[e1]">&gt;&gt;</a>&nbsp;&nbsp;&nbsp;BSP_IntHandler
</UL>
<BR>[Address Reference Count : 1]<UL><LI> cstartup.o(RESET)
</UL>
<P><STRONG><a name="[56]"></a>BSP_IntHandlerOTG_HS</STRONG> (Thumb, 6 bytes, Stack size 0 bytes, bsp_int.o(.text))
<BR><BR>[Stack]<UL><LI>Max Depth = 32 + Unknown Stack Size
<LI>Call Chain = BSP_IntHandlerOTG_HS &rArr; BSP_IntHandler &rArr; OSIntExit
</UL>
<BR>[Calls]<UL><LI><a href="#[e1]">&gt;&gt;</a>&nbsp;&nbsp;&nbsp;BSP_IntHandler
</UL>
<BR>[Address Reference Count : 1]<UL><LI> cstartup.o(RESET)
</UL>
<P><STRONG><a name="[57]"></a>BSP_IntHandlerDCMI</STRONG> (Thumb, 6 bytes, Stack size 0 bytes, bsp_int.o(.text))
<BR><BR>[Stack]<UL><LI>Max Depth = 32 + Unknown Stack Size
<LI>Call Chain = BSP_IntHandlerDCMI &rArr; BSP_IntHandler &rArr; OSIntExit
</UL>
<BR>[Calls]<UL><LI><a href="#[e1]">&gt;&gt;</a>&nbsp;&nbsp;&nbsp;BSP_IntHandler
</UL>
<BR>[Address Reference Count : 1]<UL><LI> cstartup.o(RESET)
</UL>
<P><STRONG><a name="[58]"></a>BSP_IntHandlerCRYP</STRONG> (Thumb, 6 bytes, Stack size 0 bytes, bsp_int.o(.text))
<BR><BR>[Stack]<UL><LI>Max Depth = 32 + Unknown Stack Size
<LI>Call Chain = BSP_IntHandlerCRYP &rArr; BSP_IntHandler &rArr; OSIntExit
</UL>
<BR>[Calls]<UL><LI><a href="#[e1]">&gt;&gt;</a>&nbsp;&nbsp;&nbsp;BSP_IntHandler
</UL>
<BR>[Address Reference Count : 1]<UL><LI> cstartup.o(RESET)
</UL>
<P><STRONG><a name="[59]"></a>BSP_IntHandlerHASH_RNG</STRONG> (Thumb, 6 bytes, Stack size 0 bytes, bsp_int.o(.text))
<BR><BR>[Stack]<UL><LI>Max Depth = 32 + Unknown Stack Size
<LI>Call Chain = BSP_IntHandlerHASH_RNG &rArr; BSP_IntHandler &rArr; OSIntExit
</UL>
<BR>[Calls]<UL><LI><a href="#[e1]">&gt;&gt;</a>&nbsp;&nbsp;&nbsp;BSP_IntHandler
</UL>
<BR>[Address Reference Count : 1]<UL><LI> cstartup.o(RESET)
</UL>
<P><STRONG><a name="[5a]"></a>BSP_IntHandlerFPU</STRONG> (Thumb, 6 bytes, Stack size 0 bytes, bsp_int.o(.text))
<BR>[Address Reference Count : 1]<UL><LI> cstartup.o(RESET)
</UL>
<P><STRONG><a name="[e4]"></a>BSP_PeriphClkFreqGet</STRONG> (Thumb, 184 bytes, Stack size 8 bytes, bsp_periph.o(.text))
<BR><BR>[Stack]<UL><LI>Max Depth = 48<LI>Call Chain = BSP_PeriphClkFreqGet &rArr; BSP_CPU_ClkFreq &rArr; RCC_GetClocksFreq
</UL>
<BR>[Calls]<UL><LI><a href="#[d0]">&gt;&gt;</a>&nbsp;&nbsp;&nbsp;BSP_CPU_ClkFreq
</UL>
<BR>[Called By]<UL><LI><a href="#[1a5]">&gt;&gt;</a>&nbsp;&nbsp;&nbsp;SerialBSP_STM32_USART6_ClkFreqGet
<LI><a href="#[1a4]">&gt;&gt;</a>&nbsp;&nbsp;&nbsp;SerialBSP_STM32_USART5_ClkFreqGet
<LI><a href="#[1a3]">&gt;&gt;</a>&nbsp;&nbsp;&nbsp;SerialBSP_STM32_USART4_ClkFreqGet
<LI><a href="#[7b]">&gt;&gt;</a>&nbsp;&nbsp;&nbsp;SerialBSP_STM32_USART3_ClkFreqGet
<LI><a href="#[1a2]">&gt;&gt;</a>&nbsp;&nbsp;&nbsp;SerialBSP_STM32_USART2_ClkFreqGet
<LI><a href="#[1a1]">&gt;&gt;</a>&nbsp;&nbsp;&nbsp;SerialBSP_STM32_USART1_ClkFreqGet
</UL>

<P><STRONG><a name="[19a]"></a>BSP_PeriphEn</STRONG> (Thumb, 224 bytes, Stack size 0 bytes, bsp_periph.o(.text))
<BR><BR>[Called By]<UL><LI><a href="#[77]">&gt;&gt;</a>&nbsp;&nbsp;&nbsp;SerialBSP_STM32_USART3_ClkEn
</UL>

<P><STRONG><a name="[19b]"></a>BSP_PeriphDis</STRONG> (Thumb, 224 bytes, Stack size 0 bytes, bsp_periph.o(.text))
<BR><BR>[Called By]<UL><LI><a href="#[78]">&gt;&gt;</a>&nbsp;&nbsp;&nbsp;SerialBSP_STM32_USART3_ClkDis
</UL>

<P><STRONG><a name="[0]"></a>Reset_Handler</STRONG> (Thumb, 4 bytes, Stack size 0 bytes, cstartup.o(.text))
<BR>[Address Reference Count : 1]<UL><LI> cstartup.o(RESET)
</UL>
<P><STRONG><a name="[1]"></a>App_NMI_ISR</STRONG> (Thumb, 2 bytes, Stack size 0 bytes, cstartup.o(.text))
<BR><BR>[Calls]<UL><LI><a href="#[1]">&gt;&gt;</a>&nbsp;&nbsp;&nbsp;App_NMI_ISR
</UL>
<BR>[Called By]<UL><LI><a href="#[1]">&gt;&gt;</a>&nbsp;&nbsp;&nbsp;App_NMI_ISR
</UL>
<BR>[Address Reference Count : 1]<UL><LI> cstartup.o(RESET)
</UL>
<P><STRONG><a name="[2]"></a>App_Fault_ISR</STRONG> (Thumb, 2 bytes, Stack size 0 bytes, cstartup.o(.text))
<BR><BR>[Calls]<UL><LI><a href="#[2]">&gt;&gt;</a>&nbsp;&nbsp;&nbsp;App_Fault_ISR
</UL>
<BR>[Called By]<UL><LI><a href="#[2]">&gt;&gt;</a>&nbsp;&nbsp;&nbsp;App_Fault_ISR
</UL>
<BR>[Address Reference Count : 1]<UL><LI> cstartup.o(RESET)
</UL>
<P><STRONG><a name="[3]"></a>App_MemFault_ISR</STRONG> (Thumb, 2 bytes, Stack size 0 bytes, cstartup.o(.text))
<BR><BR>[Calls]<UL><LI><a href="#[3]">&gt;&gt;</a>&nbsp;&nbsp;&nbsp;App_MemFault_ISR
</UL>
<BR>[Called By]<UL><LI><a href="#[3]">&gt;&gt;</a>&nbsp;&nbsp;&nbsp;App_MemFault_ISR
</UL>
<BR>[Address Reference Count : 1]<UL><LI> cstartup.o(RESET)
</UL>
<P><STRONG><a name="[4]"></a>App_BusFault_ISR</STRONG> (Thumb, 2 bytes, Stack size 0 bytes, cstartup.o(.text))
<BR><BR>[Calls]<UL><LI><a href="#[4]">&gt;&gt;</a>&nbsp;&nbsp;&nbsp;App_BusFault_ISR
</UL>
<BR>[Called By]<UL><LI><a href="#[4]">&gt;&gt;</a>&nbsp;&nbsp;&nbsp;App_BusFault_ISR
</UL>
<BR>[Address Reference Count : 1]<UL><LI> cstartup.o(RESET)
</UL>
<P><STRONG><a name="[5]"></a>App_UsageFault_ISR</STRONG> (Thumb, 2 bytes, Stack size 0 bytes, cstartup.o(.text))
<BR><BR>[Calls]<UL><LI><a href="#[5]">&gt;&gt;</a>&nbsp;&nbsp;&nbsp;App_UsageFault_ISR
</UL>
<BR>[Called By]<UL><LI><a href="#[5]">&gt;&gt;</a>&nbsp;&nbsp;&nbsp;App_UsageFault_ISR
</UL>
<BR>[Address Reference Count : 1]<UL><LI> cstartup.o(RESET)
</UL>
<P><STRONG><a name="[6]"></a>App_Spurious_ISR</STRONG> (Thumb, 2 bytes, Stack size 0 bytes, cstartup.o(.text))
<BR><BR>[Calls]<UL><LI><a href="#[6]">&gt;&gt;</a>&nbsp;&nbsp;&nbsp;App_Spurious_ISR
</UL>
<BR>[Called By]<UL><LI><a href="#[6]">&gt;&gt;</a>&nbsp;&nbsp;&nbsp;App_Spurious_ISR
</UL>
<BR>[Address Reference Count : 1]<UL><LI> cstartup.o(RESET)
</UL>
<P><STRONG><a name="[e5]"></a>App_Reserved_ISR</STRONG> (Thumb, 2 bytes, Stack size 0 bytes, cstartup.o(.text), UNUSED)
<BR><BR>[Calls]<UL><LI><a href="#[e5]">&gt;&gt;</a>&nbsp;&nbsp;&nbsp;App_Reserved_ISR
</UL>
<BR>[Called By]<UL><LI><a href="#[e5]">&gt;&gt;</a>&nbsp;&nbsp;&nbsp;App_Reserved_ISR
</UL>

<P><STRONG><a name="[aa]"></a>STM_EVAL_LEDInit</STRONG> (Thumb, 62 bytes, Stack size 16 bytes, stm32f4_discovery.o(.text))
<BR><BR>[Stack]<UL><LI>Max Depth = 36<LI>Call Chain = STM_EVAL_LEDInit &rArr; GPIO_Init
</UL>
<BR>[Calls]<UL><LI><a href="#[ad]">&gt;&gt;</a>&nbsp;&nbsp;&nbsp;RCC_AHB1PeriphClockCmd
<LI><a href="#[b1]">&gt;&gt;</a>&nbsp;&nbsp;&nbsp;GPIO_Init
</UL>
<BR>[Called By]<UL><LI><a href="#[5f]">&gt;&gt;</a>&nbsp;&nbsp;&nbsp;AppTaskStart
</UL>

<P><STRONG><a name="[204]"></a>STM_EVAL_LEDOn</STRONG> (Thumb, 18 bytes, Stack size 0 bytes, stm32f4_discovery.o(.text), UNUSED)

<P><STRONG><a name="[ab]"></a>STM_EVAL_LEDOff</STRONG> (Thumb, 18 bytes, Stack size 0 bytes, stm32f4_discovery.o(.text))
<BR><BR>[Called By]<UL><LI><a href="#[5f]">&gt;&gt;</a>&nbsp;&nbsp;&nbsp;AppTaskStart
</UL>

<P><STRONG><a name="[205]"></a>STM_EVAL_LEDToggle</STRONG> (Thumb, 22 bytes, Stack size 0 bytes, stm32f4_discovery.o(.text), UNUSED)

<P><STRONG><a name="[e6]"></a>STM_EVAL_PBInit</STRONG> (Thumb, 148 bytes, Stack size 40 bytes, stm32f4_discovery.o(.text), UNUSED)
<BR><BR>[Calls]<UL><LI><a href="#[e7]">&gt;&gt;</a>&nbsp;&nbsp;&nbsp;SYSCFG_EXTILineConfig
<LI><a href="#[e9]">&gt;&gt;</a>&nbsp;&nbsp;&nbsp;NVIC_Init
<LI><a href="#[e8]">&gt;&gt;</a>&nbsp;&nbsp;&nbsp;EXTI_Init
<LI><a href="#[ae]">&gt;&gt;</a>&nbsp;&nbsp;&nbsp;RCC_APB2PeriphClockCmd
<LI><a href="#[ad]">&gt;&gt;</a>&nbsp;&nbsp;&nbsp;RCC_AHB1PeriphClockCmd
<LI><a href="#[b1]">&gt;&gt;</a>&nbsp;&nbsp;&nbsp;GPIO_Init
</UL>

<P><STRONG><a name="[ea]"></a>STM_EVAL_PBGetState</STRONG> (Thumb, 20 bytes, Stack size 0 bytes, stm32f4_discovery.o(.text), UNUSED)
<BR><BR>[Calls]<UL><LI><a href="#[eb]">&gt;&gt;</a>&nbsp;&nbsp;&nbsp;GPIO_ReadInputDataBit
</UL>

<P><STRONG><a name="[206]"></a>STM_EVAL_GetLEDStatus</STRONG> (Thumb, 20 bytes, Stack size 0 bytes, stm32f4_discovery.o(.text), UNUSED)

<P><STRONG><a name="[ec]"></a>CPU_NameClr</STRONG> (Thumb, 26 bytes, Stack size 8 bytes, cpu_core.o(.text))
<BR><BR>[Stack]<UL><LI>Max Depth = 16 + Unknown Stack Size
<LI>Call Chain = CPU_NameClr &rArr; Mem_Clr &rArr; Mem_Set
</UL>
<BR>[Calls]<UL><LI><a href="#[ed]">&gt;&gt;</a>&nbsp;&nbsp;&nbsp;Mem_Clr
<LI><a href="#[dd]">&gt;&gt;</a>&nbsp;&nbsp;&nbsp;CPU_SR_Save
<LI><a href="#[de]">&gt;&gt;</a>&nbsp;&nbsp;&nbsp;CPU_SR_Restore
</UL>
<BR>[Called By]<UL><LI><a href="#[a4]">&gt;&gt;</a>&nbsp;&nbsp;&nbsp;CPU_Init
</UL>

<P><STRONG><a name="[a4]"></a>CPU_Init</STRONG> (Thumb, 18 bytes, Stack size 8 bytes, cpu_core.o(.text))
<BR><BR>[Stack]<UL><LI>Max Depth = 56 + Unknown Stack Size
<LI>Call Chain = CPU_Init &rArr; CPU_TS_TmrInit &rArr; BSP_CPU_ClkFreq &rArr; RCC_GetClocksFreq
</UL>
<BR>[Calls]<UL><LI><a href="#[ec]">&gt;&gt;</a>&nbsp;&nbsp;&nbsp;CPU_NameClr
<LI><a href="#[d3]">&gt;&gt;</a>&nbsp;&nbsp;&nbsp;CPU_TS_TmrInit
</UL>
<BR>[Called By]<UL><LI><a href="#[5f]">&gt;&gt;</a>&nbsp;&nbsp;&nbsp;AppTaskStart
</UL>

<P><STRONG><a name="[ee]"></a>CPU_SW_Exception</STRONG> (Thumb, 2 bytes, Stack size 0 bytes, cpu_core.o(.text))
<BR><BR>[Calls]<UL><LI><a href="#[ee]">&gt;&gt;</a>&nbsp;&nbsp;&nbsp;CPU_SW_Exception
</UL>
<BR>[Called By]<UL><LI><a href="#[ee]">&gt;&gt;</a>&nbsp;&nbsp;&nbsp;CPU_SW_Exception
<LI><a href="#[116]">&gt;&gt;</a>&nbsp;&nbsp;&nbsp;Mem_PoolBlkIxGet
<LI><a href="#[114]">&gt;&gt;</a>&nbsp;&nbsp;&nbsp;Mem_PoolBlkFree
<LI><a href="#[113]">&gt;&gt;</a>&nbsp;&nbsp;&nbsp;Mem_PoolBlkGetUsedAtIx
<LI><a href="#[112]">&gt;&gt;</a>&nbsp;&nbsp;&nbsp;Mem_PoolBlkGet
<LI><a href="#[111]">&gt;&gt;</a>&nbsp;&nbsp;&nbsp;Mem_PoolBlkGetNbrAvail
<LI><a href="#[110]">&gt;&gt;</a>&nbsp;&nbsp;&nbsp;Mem_PoolCreate
<LI><a href="#[10f]">&gt;&gt;</a>&nbsp;&nbsp;&nbsp;Mem_PoolClr
<LI><a href="#[10d]">&gt;&gt;</a>&nbsp;&nbsp;&nbsp;Mem_SegGetSizeRem
<LI><a href="#[10a]">&gt;&gt;</a>&nbsp;&nbsp;&nbsp;Mem_HeapAlloc
</UL>

<P><STRONG><a name="[ef]"></a>CPU_NameGet</STRONG> (Thumb, 46 bytes, Stack size 16 bytes, cpu_core.o(.text), UNUSED)
<BR><BR>[Calls]<UL><LI><a href="#[f0]">&gt;&gt;</a>&nbsp;&nbsp;&nbsp;Str_Copy_N
<LI><a href="#[dd]">&gt;&gt;</a>&nbsp;&nbsp;&nbsp;CPU_SR_Save
<LI><a href="#[de]">&gt;&gt;</a>&nbsp;&nbsp;&nbsp;CPU_SR_Restore
</UL>

<P><STRONG><a name="[f1]"></a>CPU_NameSet</STRONG> (Thumb, 62 bytes, Stack size 16 bytes, cpu_core.o(.text), UNUSED)
<BR><BR>[Calls]<UL><LI><a href="#[f2]">&gt;&gt;</a>&nbsp;&nbsp;&nbsp;Str_Len_N
<LI><a href="#[f0]">&gt;&gt;</a>&nbsp;&nbsp;&nbsp;Str_Copy_N
<LI><a href="#[dd]">&gt;&gt;</a>&nbsp;&nbsp;&nbsp;CPU_SR_Save
<LI><a href="#[de]">&gt;&gt;</a>&nbsp;&nbsp;&nbsp;CPU_SR_Restore
</UL>

<P><STRONG><a name="[f3]"></a>CPU_TS_Get32</STRONG> (Thumb, 4 bytes, Stack size 0 bytes, cpu_core.o(.text), UNUSED)
<BR><BR>[Calls]<UL><LI><a href="#[f4]">&gt;&gt;</a>&nbsp;&nbsp;&nbsp;CPU_TS_TmrRd
</UL>

<P><STRONG><a name="[207]"></a>CPU_TS_Update</STRONG> (Thumb, 2 bytes, Stack size 0 bytes, cpu_core.o(.text), UNUSED)

<P><STRONG><a name="[208]"></a>CPU_TS_TmrFreqGet</STRONG> (Thumb, 24 bytes, Stack size 0 bytes, cpu_core.o(.text), UNUSED)

<P><STRONG><a name="[d4]"></a>CPU_TS_TmrFreqSet</STRONG> (Thumb, 6 bytes, Stack size 0 bytes, cpu_core.o(.text))
<BR><BR>[Called By]<UL><LI><a href="#[d3]">&gt;&gt;</a>&nbsp;&nbsp;&nbsp;CPU_TS_TmrInit
</UL>

<P><STRONG><a name="[f5]"></a>CPU_CntLeadZeros08</STRONG> (Thumb, 10 bytes, Stack size 8 bytes, cpu_core.o(.text), UNUSED)
<BR><BR>[Calls]<UL><LI><a href="#[f6]">&gt;&gt;</a>&nbsp;&nbsp;&nbsp;CPU_CntLeadZeros
</UL>

<P><STRONG><a name="[f7]"></a>CPU_CntLeadZeros16</STRONG> (Thumb, 10 bytes, Stack size 8 bytes, cpu_core.o(.text), UNUSED)
<BR><BR>[Calls]<UL><LI><a href="#[f6]">&gt;&gt;</a>&nbsp;&nbsp;&nbsp;CPU_CntLeadZeros
</UL>

<P><STRONG><a name="[f8]"></a>CPU_CntLeadZeros32</STRONG> (Thumb, 4 bytes, Stack size 0 bytes, cpu_core.o(.text), UNUSED)
<BR><BR>[Calls]<UL><LI><a href="#[f6]">&gt;&gt;</a>&nbsp;&nbsp;&nbsp;CPU_CntLeadZeros
</UL>

<P><STRONG><a name="[fe]"></a>CPU_CntLeadZeros64</STRONG> (Thumb, 152 bytes, Stack size 20 bytes, cpu_core.o(.text), UNUSED)
<BR><BR>[Called By]<UL><LI><a href="#[fd]">&gt;&gt;</a>&nbsp;&nbsp;&nbsp;CPU_CntTrailZeros64
</UL>

<P><STRONG><a name="[f9]"></a>CPU_CntTrailZeros08</STRONG> (Thumb, 10 bytes, Stack size 0 bytes, cpu_core.o(.text), UNUSED)
<BR><BR>[Calls]<UL><LI><a href="#[fa]">&gt;&gt;</a>&nbsp;&nbsp;&nbsp;CPU_CntTrailZeros
</UL>

<P><STRONG><a name="[fb]"></a>CPU_CntTrailZeros16</STRONG> (Thumb, 10 bytes, Stack size 0 bytes, cpu_core.o(.text), UNUSED)
<BR><BR>[Calls]<UL><LI><a href="#[fa]">&gt;&gt;</a>&nbsp;&nbsp;&nbsp;CPU_CntTrailZeros
</UL>

<P><STRONG><a name="[fc]"></a>CPU_CntTrailZeros32</STRONG> (Thumb, 10 bytes, Stack size 0 bytes, cpu_core.o(.text), UNUSED)
<BR><BR>[Calls]<UL><LI><a href="#[fa]">&gt;&gt;</a>&nbsp;&nbsp;&nbsp;CPU_CntTrailZeros
</UL>

<P><STRONG><a name="[fd]"></a>CPU_CntTrailZeros64</STRONG> (Thumb, 36 bytes, Stack size 4 bytes, cpu_core.o(.text), UNUSED)
<BR><BR>[Calls]<UL><LI><a href="#[fe]">&gt;&gt;</a>&nbsp;&nbsp;&nbsp;CPU_CntLeadZeros64
</UL>

<P><STRONG><a name="[d9]"></a>CPU_IntDis</STRONG> (Thumb, 0 bytes, Stack size unknown bytes, cpu_a.o(.text))
<BR><BR>[Called By]<UL><LI><a href="#[ba]">&gt;&gt;</a>&nbsp;&nbsp;&nbsp;BSP_IntDisAll
</UL>

<P><STRONG><a name="[209]"></a>CPU_IntEn</STRONG> (Thumb, 0 bytes, Stack size unknown bytes, cpu_a.o(.text), UNUSED)

<P><STRONG><a name="[dd]"></a>CPU_SR_Save</STRONG> (Thumb, 0 bytes, Stack size unknown bytes, cpu_a.o(.text))
<BR><BR>[Called By]<UL><LI><a href="#[105]">&gt;&gt;</a>&nbsp;&nbsp;&nbsp;Math_Rand
<LI><a href="#[104]">&gt;&gt;</a>&nbsp;&nbsp;&nbsp;Math_RandSetSeed
<LI><a href="#[101]">&gt;&gt;</a>&nbsp;&nbsp;&nbsp;CPU_IntSrcPrioGet
<LI><a href="#[ff]">&gt;&gt;</a>&nbsp;&nbsp;&nbsp;CPU_IntSrcPendClr
<LI><a href="#[f1]">&gt;&gt;</a>&nbsp;&nbsp;&nbsp;CPU_NameSet
<LI><a href="#[ef]">&gt;&gt;</a>&nbsp;&nbsp;&nbsp;CPU_NameGet
<LI><a href="#[ec]">&gt;&gt;</a>&nbsp;&nbsp;&nbsp;CPU_NameClr
<LI><a href="#[e0]">&gt;&gt;</a>&nbsp;&nbsp;&nbsp;CPU_IntSrcPrioSet
<LI><a href="#[db]">&gt;&gt;</a>&nbsp;&nbsp;&nbsp;CPU_IntSrcEn
<LI><a href="#[d8]">&gt;&gt;</a>&nbsp;&nbsp;&nbsp;CPU_IntSrcDis
<LI><a href="#[df]">&gt;&gt;</a>&nbsp;&nbsp;&nbsp;BSP_IntPrioSet
<LI><a href="#[dc]">&gt;&gt;</a>&nbsp;&nbsp;&nbsp;BSP_IntVectSet
<LI><a href="#[e1]">&gt;&gt;</a>&nbsp;&nbsp;&nbsp;BSP_IntHandler
<LI><a href="#[8b]">&gt;&gt;</a>&nbsp;&nbsp;&nbsp;Serial_Wr
<LI><a href="#[8a]">&gt;&gt;</a>&nbsp;&nbsp;&nbsp;Serial_SetLineDrv
<LI><a href="#[89]">&gt;&gt;</a>&nbsp;&nbsp;&nbsp;Serial_Open
<LI><a href="#[88]">&gt;&gt;</a>&nbsp;&nbsp;&nbsp;Serial_DevDrvAdd
<LI><a href="#[1bc]">&gt;&gt;</a>&nbsp;&nbsp;&nbsp;SerialBuf_Rd
<LI><a href="#[1c0]">&gt;&gt;</a>&nbsp;&nbsp;&nbsp;SerialBuf_Cmp
<LI><a href="#[1c5]">&gt;&gt;</a>&nbsp;&nbsp;&nbsp;Serial_WrAsync
<LI><a href="#[1be]">&gt;&gt;</a>&nbsp;&nbsp;&nbsp;Serial_WaitFor
<LI><a href="#[1b6]">&gt;&gt;</a>&nbsp;&nbsp;&nbsp;Serial_Close
<LI><a href="#[1c4]">&gt;&gt;</a>&nbsp;&nbsp;&nbsp;Serial_WrEnd
<LI><a href="#[1ba]">&gt;&gt;</a>&nbsp;&nbsp;&nbsp;Serial_RdHandler
<LI><a href="#[1b7]">&gt;&gt;</a>&nbsp;&nbsp;&nbsp;Serial_RdEnd
<LI><a href="#[1ae]">&gt;&gt;</a>&nbsp;&nbsp;&nbsp;SerialOS_SemDel
<LI><a href="#[1ad]">&gt;&gt;</a>&nbsp;&nbsp;&nbsp;SerialOS_SemCreate
<LI><a href="#[1a7]">&gt;&gt;</a>&nbsp;&nbsp;&nbsp;SerialBuf_WrOctet
<LI><a href="#[1a6]">&gt;&gt;</a>&nbsp;&nbsp;&nbsp;SerialBuf_RdOctet
<LI><a href="#[198]">&gt;&gt;</a>&nbsp;&nbsp;&nbsp;SerialIF_Tx
<LI><a href="#[199]">&gt;&gt;</a>&nbsp;&nbsp;&nbsp;SerialIF_Rx
<LI><a href="#[116]">&gt;&gt;</a>&nbsp;&nbsp;&nbsp;Mem_PoolBlkIxGet
<LI><a href="#[114]">&gt;&gt;</a>&nbsp;&nbsp;&nbsp;Mem_PoolBlkFree
<LI><a href="#[113]">&gt;&gt;</a>&nbsp;&nbsp;&nbsp;Mem_PoolBlkGetUsedAtIx
<LI><a href="#[112]">&gt;&gt;</a>&nbsp;&nbsp;&nbsp;Mem_PoolBlkGet
<LI><a href="#[111]">&gt;&gt;</a>&nbsp;&nbsp;&nbsp;Mem_PoolBlkGetNbrAvail
<LI><a href="#[110]">&gt;&gt;</a>&nbsp;&nbsp;&nbsp;Mem_PoolCreate
<LI><a href="#[10d]">&gt;&gt;</a>&nbsp;&nbsp;&nbsp;Mem_SegGetSizeRem
<LI><a href="#[10a]">&gt;&gt;</a>&nbsp;&nbsp;&nbsp;Mem_HeapAlloc
</UL>

<P><STRONG><a name="[de]"></a>CPU_SR_Restore</STRONG> (Thumb, 0 bytes, Stack size unknown bytes, cpu_a.o(.text))
<BR><BR>[Called By]<UL><LI><a href="#[105]">&gt;&gt;</a>&nbsp;&nbsp;&nbsp;Math_Rand
<LI><a href="#[104]">&gt;&gt;</a>&nbsp;&nbsp;&nbsp;Math_RandSetSeed
<LI><a href="#[101]">&gt;&gt;</a>&nbsp;&nbsp;&nbsp;CPU_IntSrcPrioGet
<LI><a href="#[ff]">&gt;&gt;</a>&nbsp;&nbsp;&nbsp;CPU_IntSrcPendClr
<LI><a href="#[f1]">&gt;&gt;</a>&nbsp;&nbsp;&nbsp;CPU_NameSet
<LI><a href="#[ef]">&gt;&gt;</a>&nbsp;&nbsp;&nbsp;CPU_NameGet
<LI><a href="#[ec]">&gt;&gt;</a>&nbsp;&nbsp;&nbsp;CPU_NameClr
<LI><a href="#[e0]">&gt;&gt;</a>&nbsp;&nbsp;&nbsp;CPU_IntSrcPrioSet
<LI><a href="#[db]">&gt;&gt;</a>&nbsp;&nbsp;&nbsp;CPU_IntSrcEn
<LI><a href="#[d8]">&gt;&gt;</a>&nbsp;&nbsp;&nbsp;CPU_IntSrcDis
<LI><a href="#[df]">&gt;&gt;</a>&nbsp;&nbsp;&nbsp;BSP_IntPrioSet
<LI><a href="#[dc]">&gt;&gt;</a>&nbsp;&nbsp;&nbsp;BSP_IntVectSet
<LI><a href="#[e1]">&gt;&gt;</a>&nbsp;&nbsp;&nbsp;BSP_IntHandler
<LI><a href="#[8b]">&gt;&gt;</a>&nbsp;&nbsp;&nbsp;Serial_Wr
<LI><a href="#[8a]">&gt;&gt;</a>&nbsp;&nbsp;&nbsp;Serial_SetLineDrv
<LI><a href="#[89]">&gt;&gt;</a>&nbsp;&nbsp;&nbsp;Serial_Open
<LI><a href="#[88]">&gt;&gt;</a>&nbsp;&nbsp;&nbsp;Serial_DevDrvAdd
<LI><a href="#[1bc]">&gt;&gt;</a>&nbsp;&nbsp;&nbsp;SerialBuf_Rd
<LI><a href="#[1c0]">&gt;&gt;</a>&nbsp;&nbsp;&nbsp;SerialBuf_Cmp
<LI><a href="#[1c5]">&gt;&gt;</a>&nbsp;&nbsp;&nbsp;Serial_WrAsync
<LI><a href="#[1be]">&gt;&gt;</a>&nbsp;&nbsp;&nbsp;Serial_WaitFor
<LI><a href="#[1b6]">&gt;&gt;</a>&nbsp;&nbsp;&nbsp;Serial_Close
<LI><a href="#[1c4]">&gt;&gt;</a>&nbsp;&nbsp;&nbsp;Serial_WrEnd
<LI><a href="#[1ba]">&gt;&gt;</a>&nbsp;&nbsp;&nbsp;Serial_RdHandler
<LI><a href="#[1b7]">&gt;&gt;</a>&nbsp;&nbsp;&nbsp;Serial_RdEnd
<LI><a href="#[1ae]">&gt;&gt;</a>&nbsp;&nbsp;&nbsp;SerialOS_SemDel
<LI><a href="#[1ad]">&gt;&gt;</a>&nbsp;&nbsp;&nbsp;SerialOS_SemCreate
<LI><a href="#[1a7]">&gt;&gt;</a>&nbsp;&nbsp;&nbsp;SerialBuf_WrOctet
<LI><a href="#[1a6]">&gt;&gt;</a>&nbsp;&nbsp;&nbsp;SerialBuf_RdOctet
<LI><a href="#[198]">&gt;&gt;</a>&nbsp;&nbsp;&nbsp;SerialIF_Tx
<LI><a href="#[199]">&gt;&gt;</a>&nbsp;&nbsp;&nbsp;SerialIF_Rx
<LI><a href="#[116]">&gt;&gt;</a>&nbsp;&nbsp;&nbsp;Mem_PoolBlkIxGet
<LI><a href="#[114]">&gt;&gt;</a>&nbsp;&nbsp;&nbsp;Mem_PoolBlkFree
<LI><a href="#[113]">&gt;&gt;</a>&nbsp;&nbsp;&nbsp;Mem_PoolBlkGetUsedAtIx
<LI><a href="#[112]">&gt;&gt;</a>&nbsp;&nbsp;&nbsp;Mem_PoolBlkGet
<LI><a href="#[111]">&gt;&gt;</a>&nbsp;&nbsp;&nbsp;Mem_PoolBlkGetNbrAvail
<LI><a href="#[110]">&gt;&gt;</a>&nbsp;&nbsp;&nbsp;Mem_PoolCreate
<LI><a href="#[10d]">&gt;&gt;</a>&nbsp;&nbsp;&nbsp;Mem_SegGetSizeRem
<LI><a href="#[10a]">&gt;&gt;</a>&nbsp;&nbsp;&nbsp;Mem_HeapAlloc
</UL>

<P><STRONG><a name="[20a]"></a>CPU_WaitForInt</STRONG> (Thumb, 0 bytes, Stack size unknown bytes, cpu_a.o(.text), UNUSED)

<P><STRONG><a name="[20b]"></a>CPU_WaitForExcept</STRONG> (Thumb, 0 bytes, Stack size unknown bytes, cpu_a.o(.text), UNUSED)

<P><STRONG><a name="[f6]"></a>CPU_CntLeadZeros</STRONG> (Thumb, 0 bytes, Stack size unknown bytes, cpu_a.o(.text), UNUSED)
<BR><BR>[Called By]<UL><LI><a href="#[f8]">&gt;&gt;</a>&nbsp;&nbsp;&nbsp;CPU_CntLeadZeros32
<LI><a href="#[f7]">&gt;&gt;</a>&nbsp;&nbsp;&nbsp;CPU_CntLeadZeros16
<LI><a href="#[f5]">&gt;&gt;</a>&nbsp;&nbsp;&nbsp;CPU_CntLeadZeros08
</UL>

<P><STRONG><a name="[fa]"></a>CPU_CntTrailZeros</STRONG> (Thumb, 0 bytes, Stack size unknown bytes, cpu_a.o(.text), UNUSED)
<BR><BR>[Called By]<UL><LI><a href="#[fc]">&gt;&gt;</a>&nbsp;&nbsp;&nbsp;CPU_CntTrailZeros32
<LI><a href="#[fb]">&gt;&gt;</a>&nbsp;&nbsp;&nbsp;CPU_CntTrailZeros16
<LI><a href="#[f9]">&gt;&gt;</a>&nbsp;&nbsp;&nbsp;CPU_CntTrailZeros08
</UL>

<P><STRONG><a name="[100]"></a>CPU_RevBits</STRONG> (Thumb, 0 bytes, Stack size unknown bytes, cpu_a.o(.text), UNUSED)
[...]
</UL>
<BR>[Calls]<UL><LI><a href="#[198]">&gt;&gt;</a>&nbsp;&nbsp;&nbsp;SerialIF_Tx
<LI><a href="#[199]">&gt;&gt;</a>&nbsp;&nbsp;&nbsp;SerialIF_Rx
</UL>
<BR>[Address Reference Count : 1]<UL><LI> serial_drv_stm32.o(.constdata)
</UL>
<P><STRONG><a name="[77]"></a>SerialBSP_STM32_USART3_ClkEn</STRONG> (Thumb, 18 bytes, Stack size 8 bytes, serial_bsp_stm3240x.o(.text))
<BR><BR>[Stack]<UL><LI>Max Depth = 8<LI>Call Chain = SerialBSP_STM32_USART3_ClkEn
</UL>
<BR>[Calls]<UL><LI><a href="#[19a]">&gt;&gt;</a>&nbsp;&nbsp;&nbsp;BSP_PeriphEn
</UL>
<BR>[Address Reference Count : 1]<UL><LI> serial_bsp_stm3240x.o(.constdata)
</UL>
<P><STRONG><a name="[78]"></a>SerialBSP_STM32_USART3_ClkDis</STRONG> (Thumb, 16 bytes, Stack size 8 bytes, serial_bsp_stm3240x.o(.text))
<BR><BR>[Stack]<UL><LI>Max Depth = 8<LI>Call Chain = SerialBSP_STM32_USART3_ClkDis
</UL>
<BR>[Calls]<UL><LI><a href="#[19b]">&gt;&gt;</a>&nbsp;&nbsp;&nbsp;BSP_PeriphDis
</UL>
<BR>[Address Reference Count : 1]<UL><LI> serial_bsp_stm3240x.o(.constdata)
</UL>
<P><STRONG><a name="[79]"></a>SerialBSP_STM32_USART3_CfgGPIO</STRONG> (Thumb, 96 bytes, Stack size 32 bytes, serial_bsp_stm3240x.o(.text))
<BR><BR>[Stack]<UL><LI>Max Depth = 52<LI>Call Chain = SerialBSP_STM32_USART3_CfgGPIO &rArr; GPIO_Init
</UL>
<BR>[Calls]<UL><LI><a href="#[b8]">&gt;&gt;</a>&nbsp;&nbsp;&nbsp;GPIO_PinAFConfig
<LI><a href="#[b1]">&gt;&gt;</a>&nbsp;&nbsp;&nbsp;GPIO_Init
</UL>
<BR>[Address Reference Count : 1]<UL><LI> serial_bsp_stm3240x.o(.constdata)
</UL>
<P><STRONG><a name="[64]"></a>SerialBSP_STM32_USART1_IntHandler</STRONG> (Thumb, 14 bytes, Stack size 0 bytes, serial_bsp_stm3240x.o(.text))
<BR>[Address Reference Count : 1]<UL><LI> serial_bsp_stm3240x.o(.text)
</UL>
<P><STRONG><a name="[19c]"></a>SerialBSP_STM32_USART1_CfgInt</STRONG> (Thumb, 28 bytes, Stack size 8 bytes, serial_bsp_stm3240x.o(.text), UNUSED)
<BR><BR>[Calls]<UL><LI><a href="#[dc]">&gt;&gt;</a>&nbsp;&nbsp;&nbsp;BSP_IntVectSet
<LI><a href="#[da]">&gt;&gt;</a>&nbsp;&nbsp;&nbsp;BSP_IntEn
</UL>

<P><STRONG><a name="[65]"></a>SerialBSP_STM32_USART2_IntHandler</STRONG> (Thumb, 14 bytes, Stack size 0 bytes, serial_bsp_stm3240x.o(.text))
<BR>[Address Reference Count : 1]<UL><LI> serial_bsp_stm3240x.o(.text)
</UL>
<P><STRONG><a name="[19d]"></a>SerialBSP_STM32_USART2_CfgInt</STRONG> (Thumb, 28 bytes, Stack size 8 bytes, serial_bsp_stm3240x.o(.text), UNUSED)
<BR><BR>[Calls]<UL><LI><a href="#[dc]">&gt;&gt;</a>&nbsp;&nbsp;&nbsp;BSP_IntVectSet
<LI><a href="#[da]">&gt;&gt;</a>&nbsp;&nbsp;&nbsp;BSP_IntEn
</UL>

<P><STRONG><a name="[66]"></a>SerialBSP_STM32_USART3_IntHandler</STRONG> (Thumb, 14 bytes, Stack size 0 bytes, serial_bsp_stm3240x.o(.text))
<BR>[Address Reference Count : 1]<UL><LI> serial_bsp_stm3240x.o(.text)
</UL>
<P><STRONG><a name="[7a]"></a>SerialBSP_STM32_USART3_CfgInt</STRONG> (Thumb, 28 bytes, Stack size 8 bytes, serial_bsp_stm3240x.o(.text))
<BR><BR>[Stack]<UL><LI>Max Depth = 24 + Unknown Stack Size
<LI>Call Chain = SerialBSP_STM32_USART3_CfgInt &rArr; BSP_IntVectSet
</UL>
<BR>[Calls]<UL><LI><a href="#[dc]">&gt;&gt;</a>&nbsp;&nbsp;&nbsp;BSP_IntVectSet
<LI><a href="#[da]">&gt;&gt;</a>&nbsp;&nbsp;&nbsp;BSP_IntEn
</UL>
<BR>[Address Reference Count : 1]<UL><LI> serial_bsp_stm3240x.o(.constdata)
</UL>
<P><STRONG><a name="[67]"></a>SerialBSP_STM32_USART4_IntHandler</STRONG> (Thumb, 14 bytes, Stack size 0 bytes, serial_bsp_stm3240x.o(.text))
<BR>[Address Reference Count : 1]<UL><LI> serial_bsp_stm3240x.o(.text)
</UL>
<P><STRONG><a name="[19e]"></a>SerialBSP_STM32_USART4_CfgInt</STRONG> (Thumb, 28 bytes, Stack size 8 bytes, serial_bsp_stm3240x.o(.text), UNUSED)
<BR><BR>[Calls]<UL><LI><a href="#[dc]">&gt;&gt;</a>&nbsp;&nbsp;&nbsp;BSP_IntVectSet
<LI><a href="#[da]">&gt;&gt;</a>&nbsp;&nbsp;&nbsp;BSP_IntEn
</UL>

<P><STRONG><a name="[68]"></a>SerialBSP_STM32_USART5_IntHandler</STRONG> (Thumb, 14 bytes, Stack size 0 bytes, serial_bsp_stm3240x.o(.text))
<BR>[Address Reference Count : 1]<UL><LI> serial_bsp_stm3240x.o(.text)
</UL>
<P><STRONG><a name="[19f]"></a>SerialBSP_STM32_USART5_CfgInt</STRONG> (Thumb, 28 bytes, Stack size 8 bytes, serial_bsp_stm3240x.o(.text), UNUSED)
<BR><BR>[Calls]<UL><LI><a href="#[dc]">&gt;&gt;</a>&nbsp;&nbsp;&nbsp;BSP_IntVectSet
<LI><a href="#[da]">&gt;&gt;</a>&nbsp;&nbsp;&nbsp;BSP_IntEn
</UL>

<P><STRONG><a name="[69]"></a>SerialBSP_STM32_USART6_IntHandler</STRONG> (Thumb, 14 bytes, Stack size 0 bytes, serial_bsp_stm3240x.o(.text))
<BR>[Address Reference Count : 1]<UL><LI> serial_bsp_stm3240x.o(.text)
</UL>
<P><STRONG><a name="[1a0]"></a>SerialBSP_STM32_USART6_CfgInt</STRONG> (Thumb, 28 bytes, Stack size 8 bytes, serial_bsp_stm3240x.o(.text), UNUSED)
<BR><BR>[Calls]<UL><LI><a href="#[dc]">&gt;&gt;</a>&nbsp;&nbsp;&nbsp;BSP_IntVectSet
<LI><a href="#[da]">&gt;&gt;</a>&nbsp;&nbsp;&nbsp;BSP_IntEn
</UL>

<P><STRONG><a name="[1a1]"></a>SerialBSP_STM32_USART1_ClkFreqGet</STRONG> (Thumb, 6 bytes, Stack size 0 bytes, serial_bsp_stm3240x.o(.text), UNUSED)
<BR><BR>[Calls]<UL><LI><a href="#[e4]">&gt;&gt;</a>&nbsp;&nbsp;&nbsp;BSP_PeriphClkFreqGet
</UL>

<P><STRONG><a name="[1a2]"></a>SerialBSP_STM32_USART2_ClkFreqGet</STRONG> (Thumb, 6 bytes, Stack size 0 bytes, serial_bsp_stm3240x.o(.text), UNUSED)
<BR><BR>[Calls]<UL><LI><a href="#[e4]">&gt;&gt;</a>&nbsp;&nbsp;&nbsp;BSP_PeriphClkFreqGet
</UL>

<P><STRONG><a name="[7b]"></a>SerialBSP_STM32_USART3_ClkFreqGet</STRONG> (Thumb, 6 bytes, Stack size 0 bytes, serial_bsp_stm3240x.o(.text))
<BR><BR>[Stack]<UL><LI>Max Depth = 48<LI>Call Chain = SerialBSP_STM32_USART3_ClkFreqGet &rArr; BSP_PeriphClkFreqGet &rArr; BSP_CPU_ClkFreq &rArr; RCC_GetClocksFreq
</UL>
<BR>[Calls]<UL><LI><a href="#[e4]">&gt;&gt;</a>&nbsp;&nbsp;&nbsp;BSP_PeriphClkFreqGet
</UL>
<BR>[Address Reference Count : 1]<UL><LI> serial_bsp_stm3240x.o(.constdata)
</UL>
<P><STRONG><a name="[1a3]"></a>SerialBSP_STM32_USART4_ClkFreqGet</STRONG> (Thumb, 6 bytes, Stack size 0 bytes, serial_bsp_stm3240x.o(.text), UNUSED)
<BR><BR>[Calls]<UL><LI><a href="#[e4]">&gt;&gt;</a>&nbsp;&nbsp;&nbsp;BSP_PeriphClkFreqGet
</UL>

<P><STRONG><a name="[1a4]"></a>SerialBSP_STM32_USART5_ClkFreqGet</STRONG> (Thumb, 6 bytes, Stack size 0 bytes, serial_bsp_stm3240x.o(.text), UNUSED)
<BR><BR>[Calls]<UL><LI><a href="#[e4]">&gt;&gt;</a>&nbsp;&nbsp;&nbsp;BSP_PeriphClkFreqGet
</UL>

<P><STRONG><a name="[1a5]"></a>SerialBSP_STM32_USART6_ClkFreqGet</STRONG> (Thumb, 6 bytes, Stack size 0 bytes, serial_bsp_stm3240x.o(.text), UNUSED)
<BR><BR>[Calls]<UL><LI><a href="#[e4]">&gt;&gt;</a>&nbsp;&nbsp;&nbsp;BSP_PeriphClkFreqGet
</UL>

<P><STRONG><a name="[7c]"></a>SerialLine_Open</STRONG> (Thumb, 6 bytes, Stack size 0 bytes, serial_line_dflt.o(.text))
<BR>[Address Reference Count : 1]<UL><LI> serial_line_dflt.o(.constdata)
</UL>
<P><STRONG><a name="[7d]"></a>SerialLine_Close</STRONG> (Thumb, 6 bytes, Stack size 0 bytes, serial_line_dflt.o(.text))
<BR>[Address Reference Count : 1]<UL><LI> serial_line_dflt.o(.constdata)
</UL>
<P><STRONG><a name="[7e]"></a>SerialLine_RdOctet</STRONG> (Thumb, 24 bytes, Stack size 8 bytes, serial_line_dflt.o(.text))
<BR><BR>[Stack]<UL><LI>Max Depth = 24 + Unknown Stack Size
<LI>Call Chain = SerialLine_RdOctet &rArr; SerialBuf_RdOctet
</UL>
<BR>[Calls]<UL><LI><a href="#[1a6]">&gt;&gt;</a>&nbsp;&nbsp;&nbsp;SerialBuf_RdOctet
</UL>
<BR>[Address Reference Count : 1]<UL><LI> serial_line_dflt.o(.constdata)
</UL>
<P><STRONG><a name="[7f]"></a>SerialLine_WrOctet</STRONG> (Thumb, 24 bytes, Stack size 8 bytes, serial_line_dflt.o(.text))
<BR><BR>[Stack]<UL><LI>Max Depth = 24 + Unknown Stack Size
<LI>Call Chain = SerialLine_WrOctet &rArr; SerialBuf_WrOctet
</UL>
<BR>[Calls]<UL><LI><a href="#[1a7]">&gt;&gt;</a>&nbsp;&nbsp;&nbsp;SerialBuf_WrOctet
</UL>
<BR>[Address Reference Count : 1]<UL><LI> serial_line_dflt.o(.constdata)
</UL>
<P><STRONG><a name="[80]"></a>SerialLine_Open</STRONG> (Thumb, 54 bytes, Stack size 16 bytes, serial_line_tty.o(.text))
<BR><BR>[Stack]<UL><LI>Max Depth = 84 + Unknown Stack Size
<LI>Call Chain = SerialLine_Open &rArr; Mem_HeapAlloc &rArr; Mem_SegCalcTotSize
</UL>
<BR>[Calls]<UL><LI><a href="#[10a]">&gt;&gt;</a>&nbsp;&nbsp;&nbsp;Mem_HeapAlloc
</UL>
<BR>[Address Reference Count : 1]<UL><LI> serial_line_tty.o(.constdata)
</UL>
<P><STRONG><a name="[81]"></a>SerialLine_Close</STRONG> (Thumb, 22 bytes, Stack size 8 bytes, serial_line_tty.o(.text))
<BR><BR>[Stack]<UL><LI>Max Depth = 8<LI>Call Chain = SerialLine_Close
</UL>
<BR>[Address Reference Count : 1]<UL><LI> serial_line_tty.o(.constdata)
</UL>
<P><STRONG><a name="[82]"></a>SerialLine_RdOctet</STRONG> (Thumb, 92 bytes, Stack size 24 bytes, serial_line_tty.o(.text))
<BR><BR>[Stack]<UL><LI>Max Depth = 132 + Unknown Stack Size
<LI>Call Chain = SerialLine_RdOctet &rArr; SerialIF_Rx &rArr; SerialOS_SemSignal &rArr; OSSemPost &rArr; OS_EventTaskRdy &rArr; OS_EventTaskRemoveMulti
</UL>
<BR>[Calls]<UL><LI><a href="#[1a6]">&gt;&gt;</a>&nbsp;&nbsp;&nbsp;SerialBuf_RdOctet
<LI><a href="#[199]">&gt;&gt;</a>&nbsp;&nbsp;&nbsp;SerialIF_Rx
</UL>
<BR>[Address Reference Count : 1]<UL><LI> serial_line_tty.o(.constdata)
</UL>
<P><STRONG><a name="[83]"></a>SerialLine_WrOctet</STRONG> (Thumb, 68 bytes, Stack size 16 bytes, serial_line_tty.o(.text))
<BR><BR>[Stack]<UL><LI>Max Depth = 48 + Unknown Stack Size
<LI>Call Chain = SerialLine_WrOctet &rArr; SerialIF_TxWrBuf &rArr; SerialBuf_WrOctet
</UL>
<BR>[Calls]<UL><LI><a href="#[1ab]">&gt;&gt;</a>&nbsp;&nbsp;&nbsp;SerialIF_TxWrBuf
<LI><a href="#[1a7]">&gt;&gt;</a>&nbsp;&nbsp;&nbsp;SerialBuf_WrOctet
</UL>
<BR>[Address Reference Count : 1]<UL><LI> serial_line_tty.o(.constdata)
</UL>
<P><STRONG><a name="[1b4]"></a>Serial_IF_IsValid</STRONG> (Thumb, 52 bytes, Stack size 0 bytes, serial.o(.text))
<BR><BR>[Called By]<UL><LI><a href="#[8b]">&gt;&gt;</a>&nbsp;&nbsp;&nbsp;Serial_Wr
<LI><a href="#[8a]">&gt;&gt;</a>&nbsp;&nbsp;&nbsp;Serial_SetLineDrv
<LI><a href="#[1c5]">&gt;&gt;</a>&nbsp;&nbsp;&nbsp;Serial_WrAsync
<LI><a href="#[1be]">&gt;&gt;</a>&nbsp;&nbsp;&nbsp;Serial_WaitFor
<LI><a href="#[1b6]">&gt;&gt;</a>&nbsp;&nbsp;&nbsp;Serial_Close
<LI><a href="#[1a9]">&gt;&gt;</a>&nbsp;&nbsp;&nbsp;SerialIF_GetDevPtr
</UL>

<P><STRONG><a name="[1b7]"></a>Serial_RdEnd</STRONG> (Thumb, 126 bytes, Stack size 24 bytes, serial.o(.text), UNUSED)
<BR><BR>[Calls]<UL><LI><a href="#[dd]">&gt;&gt;</a>&nbsp;&nbsp;&nbsp;CPU_SR_Save
<LI><a href="#[de]">&gt;&gt;</a>&nbsp;&nbsp;&nbsp;CPU_SR_Restore
<LI><a href="#[1b8]">&gt;&gt;</a>&nbsp;&nbsp;&nbsp;SerialBuf_DataLen
<LI><a href="#[1b9]">&gt;&gt;</a>&nbsp;&nbsp;&nbsp;Serial_IF_RxReset
<LI><a href="#[1b1]">&gt;&gt;</a>&nbsp;&nbsp;&nbsp;SerialOS_SemSignal
<LI><a href="#[1af]">&gt;&gt;</a>&nbsp;&nbsp;&nbsp;SerialOS_SemWait
</UL>
<BR>[Called By]<UL><LI><a href="#[90]">&gt;&gt;</a>&nbsp;&nbsp;&nbsp;Serial_Rd
<LI><a href="#[1be]">&gt;&gt;</a>&nbsp;&nbsp;&nbsp;Serial_WaitFor
</UL>

<P><STRONG><a name="[6a]"></a>Serial_RdCallback</STRONG> (Thumb, 12 bytes, Stack size 0 bytes, serial.o(.text))
<BR><BR>[Stack]<UL><LI>Max Depth = 60 + Unknown Stack Size
<LI>Call Chain = Serial_RdCallback &rArr; SerialOS_SemSignal &rArr; OSSemPost &rArr; OS_EventTaskRdy &rArr; OS_EventTaskRemoveMulti
</UL>
<BR>[Calls]<UL><LI><a href="#[1b1]">&gt;&gt;</a>&nbsp;&nbsp;&nbsp;SerialOS_SemSignal
</UL>
<BR>[Address Reference Count : 1]<UL><LI> serial.o(.text)
</UL>
<P><STRONG><a name="[1ba]"></a>Serial_RdHandler</STRONG> (Thumb, 272 bytes, Stack size 64 bytes, serial.o(.text), UNUSED)
<BR><BR>[Calls]<UL><LI><a href="#[dd]">&gt;&gt;</a>&nbsp;&nbsp;&nbsp;CPU_SR_Save
<LI><a href="#[de]">&gt;&gt;</a>&nbsp;&nbsp;&nbsp;CPU_SR_Restore
<LI><a href="#[1bc]">&gt;&gt;</a>&nbsp;&nbsp;&nbsp;SerialBuf_Rd
<LI><a href="#[1b3]">&gt;&gt;</a>&nbsp;&nbsp;&nbsp;SerialBuf_Init
<LI><a href="#[1b8]">&gt;&gt;</a>&nbsp;&nbsp;&nbsp;SerialBuf_DataLen
<LI><a href="#[1b5]">&gt;&gt;</a>&nbsp;&nbsp;&nbsp;SerialBuf_Clr
<LI><a href="#[1bb]">&gt;&gt;</a>&nbsp;&nbsp;&nbsp;Serial_IF_RxStart
<LI><a href="#[1b1]">&gt;&gt;</a>&nbsp;&nbsp;&nbsp;SerialOS_SemSignal
<LI><a href="#[1b0]">&gt;&gt;</a>&nbsp;&nbsp;&nbsp;SerialOS_SemTryLock
<LI><a href="#[1af]">&gt;&gt;</a>&nbsp;&nbsp;&nbsp;SerialOS_SemWait
</UL>
<BR>[Called By]<UL><LI><a href="#[90]">&gt;&gt;</a>&nbsp;&nbsp;&nbsp;Serial_Rd
<LI><a href="#[1bd]">&gt;&gt;</a>&nbsp;&nbsp;&nbsp;Serial_RdAsync
</UL>

<P><STRONG><a name="[1c1]"></a>Serial_WrBufTxStart</STRONG> (Thumb, 80 bytes, Stack size 24 bytes, serial.o(.text))
<BR><BR>[Stack]<UL><LI>Max Depth = 24<LI>Call Chain = Serial_WrBufTxStart
</UL>
<BR>[Calls]<UL><LI><a href="#[1b3]">&gt;&gt;</a>&nbsp;&nbsp;&nbsp;SerialBuf_Init
</UL>
<BR>[Called By]<UL><LI><a href="#[1c3]">&gt;&gt;</a>&nbsp;&nbsp;&nbsp;Serial_WrStart
<LI><a href="#[1c2]">&gt;&gt;</a>&nbsp;&nbsp;&nbsp;Serial_WrNext
</UL>

<P><STRONG><a name="[1c2]"></a>Serial_WrNext</STRONG> (Thumb, 166 bytes, Stack size 56 bytes, serial.o(.text))
<BR><BR>[Stack]<UL><LI>Max Depth = 92 + Unknown Stack Size
<LI>Call Chain = Serial_WrNext &rArr; Mem_PoolBlkFree &rArr; Mem_PoolBlkIsValidAddr
</UL>
<BR>[Calls]<UL><LI><a href="#[1c1]">&gt;&gt;</a>&nbsp;&nbsp;&nbsp;Serial_WrBufTxStart
<LI><a href="#[1a6]">&gt;&gt;</a>&nbsp;&nbsp;&nbsp;SerialBuf_RdOctet
<LI><a href="#[114]">&gt;&gt;</a>&nbsp;&nbsp;&nbsp;Mem_PoolBlkFree
</UL>
<BR>[Called By]<UL><LI><a href="#[1c4]">&gt;&gt;</a>&nbsp;&nbsp;&nbsp;Serial_WrEnd
<LI><a href="#[198]">&gt;&gt;</a>&nbsp;&nbsp;&nbsp;SerialIF_Tx
</UL>

<P><STRONG><a name="[1c3]"></a>Serial_WrStart</STRONG> (Thumb, 154 bytes, Stack size 24 bytes, serial.o(.text))
<BR><BR>[Stack]<UL><LI>Max Depth = 48 + Unknown Stack Size
<LI>Call Chain = Serial_WrStart &rArr; Serial_WrBufTxStart
</UL>
<BR>[Calls]<UL><LI><a href="#[1c1]">&gt;&gt;</a>&nbsp;&nbsp;&nbsp;Serial_WrBufTxStart
<LI><a href="#[112]">&gt;&gt;</a>&nbsp;&nbsp;&nbsp;Mem_PoolBlkGet
</UL>
<BR>[Called By]<UL><LI><a href="#[8b]">&gt;&gt;</a>&nbsp;&nbsp;&nbsp;Serial_Wr
<LI><a href="#[1c5]">&gt;&gt;</a>&nbsp;&nbsp;&nbsp;Serial_WrAsync
</UL>

<P><STRONG><a name="[6b]"></a>Serial_WrCallback</STRONG> (Thumb, 12 bytes, Stack size 0 bytes, serial.o(.text))
<BR><BR>[Stack]<UL><LI>Max Depth = 60 + Unknown Stack Size
<LI>Call Chain = Serial_WrCallback &rArr; SerialOS_SemSignal &rArr; OSSemPost &rArr; OS_EventTaskRdy &rArr; OS_EventTaskRemoveMulti
</UL>
<BR>[Calls]<UL><LI><a href="#[1b1]">&gt;&gt;</a>&nbsp;&nbsp;&nbsp;SerialOS_SemSignal
</UL>
<BR>[Address Reference Count : 1]<UL><LI> serial.o(.text)
</UL>
<P><STRONG><a name="[1c8]"></a>Serial_IF_WrClr</STRONG> (Thumb, 16 bytes, Stack size 0 bytes, serial.o(.text))
<BR><BR>[Calls]<UL><LI><a href="#[1b5]">&gt;&gt;</a>&nbsp;&nbsp;&nbsp;SerialBuf_Clr
</UL>
<BR>[Called By]<UL><LI><a href="#[1c4]">&gt;&gt;</a>&nbsp;&nbsp;&nbsp;Serial_WrEnd
<LI><a href="#[1b2]">&gt;&gt;</a>&nbsp;&nbsp;&nbsp;Serial_IF_Clr
<LI><a href="#[198]">&gt;&gt;</a>&nbsp;&nbsp;&nbsp;SerialIF_Tx
</UL>

<P><STRONG><a name="[1b2]"></a>Serial_IF_Clr</STRONG> (Thumb, 34 bytes, Stack size 16 bytes, serial.o(.text))
<BR><BR>[Stack]<UL><LI>Max Depth = 16<LI>Call Chain = Serial_IF_Clr
</UL>
<BR>[Calls]<UL><LI><a href="#[1c9]">&gt;&gt;</a>&nbsp;&nbsp;&nbsp;Serial_IF_RdClr
<LI><a href="#[1c8]">&gt;&gt;</a>&nbsp;&nbsp;&nbsp;Serial_IF_WrClr
</UL>
<BR>[Called By]<UL><LI><a href="#[87]">&gt;&gt;</a>&nbsp;&nbsp;&nbsp;Serial_Init
<LI><a href="#[1b6]">&gt;&gt;</a>&nbsp;&nbsp;&nbsp;Serial_Close
</UL>

<P><STRONG><a name="[1b9]"></a>Serial_IF_RxReset</STRONG> (Thumb, 38 bytes, Stack size 16 bytes, serial.o(.text))
<BR><BR>[Stack]<UL><LI>Max Depth = 16<LI>Call Chain = Serial_IF_RxReset
</UL>
<BR>[Calls]<UL><LI><a href="#[1c9]">&gt;&gt;</a>&nbsp;&nbsp;&nbsp;Serial_IF_RdClr
</UL>
<BR>[Called By]<UL><LI><a href="#[1b7]">&gt;&gt;</a>&nbsp;&nbsp;&nbsp;Serial_RdEnd
<LI><a href="#[199]">&gt;&gt;</a>&nbsp;&nbsp;&nbsp;SerialIF_Rx
</UL>

<P><STRONG><a name="[1bb]"></a>Serial_IF_RxStart</STRONG> (Thumb, 26 bytes, Stack size 8 bytes, serial.o(.text), UNUSED)
<BR><BR>[Called By]<UL><LI><a href="#[1be]">&gt;&gt;</a>&nbsp;&nbsp;&nbsp;Serial_WaitFor
<LI><a href="#[1ba]">&gt;&gt;</a>&nbsp;&nbsp;&nbsp;Serial_RdHandler
</UL>

<P><STRONG><a name="[1c4]"></a>Serial_WrEnd</STRONG> (Thumb, 150 bytes, Stack size 24 bytes, serial.o(.text))
<BR><BR>[Stack]<UL><LI>Max Depth = 116 + Unknown Stack Size
<LI>Call Chain = Serial_WrEnd &rArr; Serial_WrNext &rArr; Mem_PoolBlkFree &rArr; Mem_PoolBlkIsValidAddr
</UL>
<BR>[Calls]<UL><LI><a href="#[dd]">&gt;&gt;</a>&nbsp;&nbsp;&nbsp;CPU_SR_Save
<LI><a href="#[de]">&gt;&gt;</a>&nbsp;&nbsp;&nbsp;CPU_SR_Restore
<LI><a href="#[1b8]">&gt;&gt;</a>&nbsp;&nbsp;&nbsp;SerialBuf_DataLen
<LI><a href="#[1c8]">&gt;&gt;</a>&nbsp;&nbsp;&nbsp;Serial_IF_WrClr
<LI><a href="#[1c2]">&gt;&gt;</a>&nbsp;&nbsp;&nbsp;Serial_WrNext
<LI><a href="#[1b1]">&gt;&gt;</a>&nbsp;&nbsp;&nbsp;SerialOS_SemSignal
<LI><a href="#[1af]">&gt;&gt;</a>&nbsp;&nbsp;&nbsp;SerialOS_SemWait
<LI><a href="#[1c7]">&gt;&gt;</a>&nbsp;&nbsp;&nbsp;SerialBuf_Size
</UL>
<BR>[Called By]<UL><LI><a href="#[8b]">&gt;&gt;</a>&nbsp;&nbsp;&nbsp;Serial_Wr
</UL>

<P><STRONG><a name="[1c9]"></a>Serial_IF_RdClr</STRONG> (Thumb, 18 bytes, Stack size 0 bytes, serial.o(.text))
<BR><BR>[Calls]<UL><LI><a href="#[1b5]">&gt;&gt;</a>&nbsp;&nbsp;&nbsp;SerialBuf_Clr
</UL>
<BR>[Called By]<UL><LI><a href="#[1b9]">&gt;&gt;</a>&nbsp;&nbsp;&nbsp;Serial_IF_RxReset
<LI><a href="#[1b2]">&gt;&gt;</a>&nbsp;&nbsp;&nbsp;Serial_IF_Clr
</UL>

<P><STRONG><a name="[1e1]"></a>TI2_Config</STRONG> (Thumb, 54 bytes, Stack size 20 bytes, stm32f4xx_tim.o(.text), UNUSED)
<BR><BR>[Called By]<UL><LI><a href="#[1e7]">&gt;&gt;</a>&nbsp;&nbsp;&nbsp;TIM_TIxExternalClockConfig
<LI><a href="#[1e4]">&gt;&gt;</a>&nbsp;&nbsp;&nbsp;TIM_PWMIConfig
<LI><a href="#[1dd]">&gt;&gt;</a>&nbsp;&nbsp;&nbsp;TIM_ICInit
</UL>

<P><STRONG><a name="[1df]"></a>TI1_Config</STRONG> (Thumb, 46 bytes, Stack size 16 bytes, stm32f4xx_tim.o(.text), UNUSED)
<BR><BR>[Called By]<UL><LI><a href="#[1e7]">&gt;&gt;</a>&nbsp;&nbsp;&nbsp;TIM_TIxExternalClockConfig
<LI><a href="#[1e4]">&gt;&gt;</a>&nbsp;&nbsp;&nbsp;TIM_PWMIConfig
<LI><a href="#[1dd]">&gt;&gt;</a>&nbsp;&nbsp;&nbsp;TIM_ICInit
</UL>

<P><STRONG><a name="[1f8]"></a>_fp_digits</STRONG> (Thumb, 366 bytes, Stack size 64 bytes, printfa.o(i._fp_digits), UNUSED)
<BR><BR>[Calls]<UL><LI><a href="#[94]">&gt;&gt;</a>&nbsp;&nbsp;&nbsp;__aeabi_dmul
<LI><a href="#[1f3]">&gt;&gt;</a>&nbsp;&nbsp;&nbsp;__aeabi_ddiv
<LI><a href="#[1ef]">&gt;&gt;</a>&nbsp;&nbsp;&nbsp;__aeabi_dadd
<LI><a href="#[1f4]">&gt;&gt;</a>&nbsp;&nbsp;&nbsp;__aeabi_d2ulz
<LI><a href="#[1f9]">&gt;&gt;</a>&nbsp;&nbsp;&nbsp;__aeabi_cdrcmple
<LI><a href="#[d6]">&gt;&gt;</a>&nbsp;&nbsp;&nbsp;__aeabi_uldivmod
</UL>
<BR>[Called By]<UL><LI><a href="#[1f7]">&gt;&gt;</a>&nbsp;&nbsp;&nbsp;_printf_core
</UL>

<P><STRONG><a name="[1f7]"></a>_printf_core</STRONG> (Thumb, 1744 bytes, Stack size 136 bytes, printfa.o(i._printf_core), UNUSED)
<BR><BR>[Calls]<UL><LI><a href="#[1fc]">&gt;&gt;</a>&nbsp;&nbsp;&nbsp;__aeabi_uidivmod
<LI><a href="#[1fa]">&gt;&gt;</a>&nbsp;&nbsp;&nbsp;_printf_pre_padding
<LI><a href="#[1fb]">&gt;&gt;</a>&nbsp;&nbsp;&nbsp;_printf_post_padding
<LI><a href="#[1f8]">&gt;&gt;</a>&nbsp;&nbsp;&nbsp;_fp_digits
<LI><a href="#[d6]">&gt;&gt;</a>&nbsp;&nbsp;&nbsp;__aeabi_uldivmod
</UL>
<BR>[Called By]<UL><LI><a href="#[1f6]">&gt;&gt;</a>&nbsp;&nbsp;&nbsp;__0vsprintf
</UL>

<P><STRONG><a name="[1fb]"></a>_printf_post_padding</STRONG> (Thumb, 36 bytes, Stack size 24 bytes, printfa.o(i._printf_post_padding), UNUSED)
<BR><BR>[Called By]<UL><LI><a href="#[1f7]">&gt;&gt;</a>&nbsp;&nbsp;&nbsp;_printf_core
</UL>

<P><STRONG><a name="[1fa]"></a>_printf_pre_padding</STRONG> (Thumb, 46 bytes, Stack size 24 bytes, printfa.o(i._printf_pre_padding), UNUSED)
<BR><BR>[Called By]<UL><LI><a href="#[1f7]">&gt;&gt;</a>&nbsp;&nbsp;&nbsp;_printf_core
</UL>

<P><STRONG><a name="[6c]"></a>_sputc</STRONG> (Thumb, 10 bytes, Stack size 0 bytes, printfa.o(i._sputc))
<BR><BR>[Called By]<UL><LI><a href="#[1f6]">&gt;&gt;</a>&nbsp;&nbsp;&nbsp;__0vsprintf
</UL>
<BR>[Address Reference Count : 1]<UL><LI> printfa.o(i.__0vsprintf)
</UL><P>
<H3>
Undefined Global Symbols
</H3><HR></body></html>
